Archive member included because of file (symbol)

c:/winavr-20090313/bin/../lib/gcc/avr/4.3.2/../../../../avr/lib/avr5\libprintf_flt.a(vfprintf_flt.o)
                              (vfprintf)
../WebbotLibV2\libWebbot-ATmega640.a(servoPWM.o)
                              lib/lib_hardware.o (servoPWMInit)
../WebbotLibV2\libWebbot-ATmega640.a(servosConfig.o)
                              ../WebbotLibV2\libWebbot-ATmega640.a(servoPWM.o) (servoSetConfig)
../WebbotLibV2\libWebbot-ATmega640.a(StreamSigned.o)
                              beta.o (Stream::print(int))
../WebbotLibV2\libWebbot-ATmega640.a(StreamString.o)
                              beta.o (Stream::print(char const*))
../WebbotLibV2\libWebbot-ATmega640.a(StreamUnsigned.o)
                              beta.o (Stream::print(unsigned int))
../WebbotLibV2\libWebbot-ATmega640.a(actuators.o)
                              smart_motor.o (__act_setSpeed)
../WebbotLibV2\libWebbot-ATmega640.a(core_interp.o)
                              smart_motor.o (interpolate)
../WebbotLibV2\libWebbot-ATmega640.a(core_interpU.o)
                              ../WebbotLibV2\libWebbot-ATmega640.a(servoPWM.o) (interpolateU)
../WebbotLibV2\libWebbot-ATmega640.a(errors.o)
                              lib/gen_clock.o (__error)
../WebbotLibV2\libWebbot-ATmega640.a(iopin_is_output.o)
                              lib/lib_ctor.o (pin_is_output)
../WebbotLibV2\libWebbot-ATmega640.a(iopin_make_input.o)
                              lib/lib_hardware.o (pin_make_input)
../WebbotLibV2\libWebbot-ATmega640.a(iopin_make_output.o)
                              ../WebbotLibV2\libWebbot-ATmega640.a(servoPWM.o) (pin_make_output)
../WebbotLibV2\libWebbot-ATmega640.a(led.o)
                              lib/lib_hardware.o (LED_set)
../WebbotLibV2\libWebbot-ATmega640.a(main.o)
                              c:/winavr-20090313/bin/../lib/gcc/avr/4.3.2/../../../../avr/lib/avr5/crtm640.o (main)
../WebbotLibV2\libWebbot-ATmega640.a(marqueeSendByte.o)
                              lib/lib_hardware.o (marqueeSendByte)
../WebbotLibV2\libWebbot-ATmega640.a(segled.o)
                              ../WebbotLibV2\libWebbot-ATmega640.a(marqueeSendByte.o) (segled_put_char)
../WebbotLibV2\libWebbot-ATmega640.a(segled8.o)
                              ../WebbotLibV2\libWebbot-ATmega640.a(segled.o) (segled8_get_mask)
../WebbotLibV2\libWebbot-ATmega640.a(compareFromIOPin.o)
                              ../WebbotLibV2\libWebbot-ATmega640.a(servoPWM.o) (compareFromIOPin)
../WebbotLibV2\libWebbot-ATmega640.a(compareSetOutputMode.o)
                              ../WebbotLibV2\libWebbot-ATmega640.a(servoPWM.o) (compareSetOutputMode)
../WebbotLibV2\libWebbot-ATmega640.a(compareSetThreshold.o)
                              ../WebbotLibV2\libWebbot-ATmega640.a(servoPWM.o) (compareSetThreshold)
../WebbotLibV2\libWebbot-ATmega640.a(_uart_common.o)
                              lib/lib_hardware.o (_uartInit)
../WebbotLibV2\libWebbot-ATmega640.a(uart.o)
                              lib/lib_hardware.o (c_hw_uart)
../WebbotLibV2\libWebbot-ATmega640.a(uartCommonRx.o)
                              lib/lib_hardware.o (__uartReceiveService)
../WebbotLibV2\libWebbot-ATmega640.a(uartCommonRxNoBuf.o)
                              lib/lib_hardware.o (__uartGetByteUnbuffered)
../WebbotLibV2\libWebbot-ATmega640.a(uartCommonTx.o)
                              smart_motor.o (_uartSendByte)
../WebbotLibV2\libWebbot-ATmega640.a(uartCommonTxNoBuf.o)
                              lib/lib_hardware.o (__uartSendNextUnbuffered)
../WebbotLibV2\libWebbot-ATmega640.a(uartPollByte.o)
                              protocol.o (uartReceivePollingMode)
../WebbotLibV2\libWebbot-ATmega640.a(StreamChar.o)
                              ../WebbotLibV2\libWebbot-ATmega640.a(StreamString.o) (Stream::print(char))
../WebbotLibV2\libWebbot-ATmega640.a(clockHasElapsed.o)
                              ../WebbotLibV2\libWebbot-ATmega640.a(main.o) (clockHasElapsed)
../WebbotLibV2\libWebbot-ATmega640.a(clockHasElapsedGetOverflow.o)
                              ../WebbotLibV2\libWebbot-ATmega640.a(clockHasElapsed.o) (clockHasElapsedGetOverflow)
../WebbotLibV2\libWebbot-ATmega640.a(breathe.o)
                              ../WebbotLibV2\libWebbot-ATmega640.a(main.o) (breathe)
../WebbotLibV2\libWebbot-ATmega640.a(iopin.o)
                              ../WebbotLibV2\libWebbot-ATmega640.a(segled.o) (pin_low)
../WebbotLibV2\libWebbot-ATmega640.a(iopin_set.o)
                              ../WebbotLibV2\libWebbot-ATmega640.a(led.o) (pin_set)
lib\libPost.a(opt_scheduler.o)
                              ../WebbotLibV2\libWebbot-ATmega640.a(marqueeSendByte.o) (scheduleJob)
c:/winavr-20090313/bin/../lib/gcc/avr/4.3.2/../../../../avr/lib/avr5\libc.a(malloc.o)
                              ../WebbotLibV2\libWebbot-ATmega640.a(marqueeSendByte.o) (malloc)
c:/winavr-20090313/bin/../lib/gcc/avr/4.3.2/../../../../avr/lib/avr5\libc.a(exit.o)
                              c:/winavr-20090313/bin/../lib/gcc/avr/4.3.2/../../../../avr/lib/avr5/crtm640.o (exit)
c:/winavr-20090313/bin/../lib/gcc/avr/4.3.2/../../../../avr/lib/avr5\libc.a(ftoa_engine.o)
                              c:/winavr-20090313/bin/../lib/gcc/avr/4.3.2/../../../../avr/lib/avr5\libprintf_flt.a(vfprintf_flt.o) (__ftoa_engine)
c:/winavr-20090313/bin/../lib/gcc/avr/4.3.2/../../../../avr/lib/avr5\libc.a(strnlen_P.o)
                              c:/winavr-20090313/bin/../lib/gcc/avr/4.3.2/../../../../avr/lib/avr5\libprintf_flt.a(vfprintf_flt.o) (strnlen_P)
c:/winavr-20090313/bin/../lib/gcc/avr/4.3.2/../../../../avr/lib/avr5\libc.a(memset.o)
                              protocol.o (memset)
c:/winavr-20090313/bin/../lib/gcc/avr/4.3.2/../../../../avr/lib/avr5\libc.a(strnlen.o)
                              c:/winavr-20090313/bin/../lib/gcc/avr/4.3.2/../../../../avr/lib/avr5\libprintf_flt.a(vfprintf_flt.o) (strnlen)
c:/winavr-20090313/bin/../lib/gcc/avr/4.3.2/../../../../avr/lib/avr5\libc.a(itoa.o)
                              protocol.o (itoa)
c:/winavr-20090313/bin/../lib/gcc/avr/4.3.2/../../../../avr/lib/avr5\libc.a(ltoa.o)
                              ../WebbotLibV2\libWebbot-ATmega640.a(StreamSigned.o) (ltoa)
c:/winavr-20090313/bin/../lib/gcc/avr/4.3.2/../../../../avr/lib/avr5\libc.a(ultoa.o)
                              ../WebbotLibV2\libWebbot-ATmega640.a(StreamUnsigned.o) (ultoa)
c:/winavr-20090313/bin/../lib/gcc/avr/4.3.2/../../../../avr/lib/avr5\libc.a(fprintf_p.o)
                              ../WebbotLibV2\libWebbot-ATmega640.a(errors.o) (fprintf_P)
c:/winavr-20090313/bin/../lib/gcc/avr/4.3.2/../../../../avr/lib/avr5\libc.a(fputc.o)
                              c:/winavr-20090313/bin/../lib/gcc/avr/4.3.2/../../../../avr/lib/avr5\libprintf_flt.a(vfprintf_flt.o) (fputc)
c:/winavr-20090313/bin/../lib/gcc/avr/4.3.2/../../../../avr/lib/avr5\libc.a(iob.o)
                              ../WebbotLibV2\libWebbot-ATmega640.a(errors.o) (__iob)
c:/winavr-20090313/bin/../lib/gcc/avr/4.3.2/../../../../avr/lib/avr5\libc.a(ultoa_invert.o)
                              c:/winavr-20090313/bin/../lib/gcc/avr/4.3.2/../../../../avr/lib/avr5\libprintf_flt.a(vfprintf_flt.o) (__ultoa_invert)
c:/winavr-20090313/bin/../lib/gcc/avr/4.3.2/../../../../avr/lib/avr5\libc.a(strrev.o)
                              c:/winavr-20090313/bin/../lib/gcc/avr/4.3.2/../../../../avr/lib/avr5\libc.a(itoa.o) (strrev)
c:/winavr-20090313/bin/../lib/gcc/avr/4.3.2/avr5\libgcc.a(_mulsi3.o)
                              lib/gen_clock.o (__mulsi3)
c:/winavr-20090313/bin/../lib/gcc/avr/4.3.2/avr5\libgcc.a(_udivmodhi4.o)
                              ../WebbotLibV2\libWebbot-ATmega640.a(servosConfig.o) (__udivmodhi4)
c:/winavr-20090313/bin/../lib/gcc/avr/4.3.2/avr5\libgcc.a(_divmodhi4.o)
                              smart_motor.o (__divmodhi4)
c:/winavr-20090313/bin/../lib/gcc/avr/4.3.2/avr5\libgcc.a(_udivmodsi4.o)
                              lib/gen_clock.o (__udivmodsi4)
c:/winavr-20090313/bin/../lib/gcc/avr/4.3.2/avr5\libgcc.a(_divmodsi4.o)
                              ../WebbotLibV2\libWebbot-ATmega640.a(core_interp.o) (__divmodsi4)
c:/winavr-20090313/bin/../lib/gcc/avr/4.3.2/avr5\libgcc.a(_prologue.o)
                              c:/winavr-20090313/bin/../lib/gcc/avr/4.3.2/../../../../avr/lib/avr5\libprintf_flt.a(vfprintf_flt.o) (__prologue_saves__)
c:/winavr-20090313/bin/../lib/gcc/avr/4.3.2/avr5\libgcc.a(_epilogue.o)
                              c:/winavr-20090313/bin/../lib/gcc/avr/4.3.2/../../../../avr/lib/avr5\libprintf_flt.a(vfprintf_flt.o) (__epilogue_restores__)
c:/winavr-20090313/bin/../lib/gcc/avr/4.3.2/avr5\libgcc.a(_exit.o)
                              c:/winavr-20090313/bin/../lib/gcc/avr/4.3.2/../../../../avr/lib/avr5\libc.a(exit.o) (_exit)
c:/winavr-20090313/bin/../lib/gcc/avr/4.3.2/avr5\libgcc.a(_copy_data.o)
                              beta.o (__do_copy_data)
c:/winavr-20090313/bin/../lib/gcc/avr/4.3.2/avr5\libgcc.a(_clear_bss.o)
                              beta.o (__do_clear_bss)
c:/winavr-20090313/bin/../lib/gcc/avr/4.3.2/avr5\libgcc.a(_ctors.o)
                              beta.o (__do_global_ctors)
c:/winavr-20090313/bin/../lib/gcc/avr/4.3.2/avr5\libgcc.a(_dtors.o)
                              beta.o (__do_global_dtors)
c:/winavr-20090313/bin/../lib/gcc/avr/4.3.2/avr5\libgcc.a(_tablejump.o)
                              c:/winavr-20090313/bin/../lib/gcc/avr/4.3.2/avr5\libgcc.a(_ctors.o) (__tablejump__)

Allocating common symbols
Common symbol       size              file

statusLED           0x3               ../WebbotLibV2\libWebbot-ATmega640.a(led.o)
__brkval            0x2               c:/winavr-20090313/bin/../lib/gcc/avr/4.3.2/../../../../avr/lib/avr5\libc.a(malloc.o)
__error             0x5               ../WebbotLibV2\libWebbot-ATmega640.a(errors.o)
__flp               0x2               c:/winavr-20090313/bin/../lib/gcc/avr/4.3.2/../../../../avr/lib/avr5\libc.a(malloc.o)
__iob               0x6               c:/winavr-20090313/bin/../lib/gcc/avr/4.3.2/../../../../avr/lib/avr5\libc.a(iob.o)

Memory Configuration

Name             Origin             Length             Attributes
text             0x00000000         0x00020000         xr
data             0x00800060         0x0000ffa0         rw !x
eeprom           0x00810000         0x00010000         rw !x
fuse             0x00820000         0x00000400         rw !x
lock             0x00830000         0x00000400         rw !x
signature        0x00840000         0x00000400         rw !x
*default*        0x00000000         0xffffffff

Linker script and memory map

Address of section .data set to 0x800200
LOAD c:/winavr-20090313/bin/../lib/gcc/avr/4.3.2/../../../../avr/lib/avr5/crtm640.o
LOAD c:/winavr-20090313/bin/../lib/gcc/avr/4.3.2/../../../../avr/lib/avr5\libprintf_flt.a
LOAD beta.o
LOAD protocol.o
LOAD smart_motor.o
LOAD lib/lib_hardware.o
LOAD lib/lib_timerdef.o
LOAD lib/gen_clock.o
LOAD lib/lib_iopins.o
LOAD lib/lib_ctor.o
LOAD lib/lib_timers.o
LOAD ../WebbotLibV2\libWebbot-ATmega640.a
LOAD lib\libPost.a
LOAD c:/winavr-20090313/bin/../lib/gcc/avr/4.3.2/../../../../avr/lib/avr5\libm.a
LOAD c:/winavr-20090313/bin/../lib/gcc/avr/4.3.2/../../../../avr/lib/avr5\libc.a
LOAD c:/winavr-20090313/bin/../lib/gcc/avr/4.3.2/avr5\libgcc.a
LOAD c:/winavr-20090313/bin/../lib/gcc/avr/4.3.2/../../../../avr/lib/avr5\libc.a
LOAD c:/winavr-20090313/bin/../lib/gcc/avr/4.3.2/avr5\libgcc.a

.hash
 *(.hash)

.dynsym
 *(.dynsym)

.dynstr
 *(.dynstr)

.gnu.version
 *(.gnu.version)

.gnu.version_d
 *(.gnu.version_d)

.gnu.version_r
 *(.gnu.version_r)

.rel.init
 *(.rel.init)

.rela.init
 *(.rela.init)

.rel.text
 *(.rel.text)
 *(.rel.text.*)
 *(.rel.gnu.linkonce.t*)

.rela.text
 *(.rela.text)
 *(.rela.text.*)
 *(.rela.gnu.linkonce.t*)

.rel.fini
 *(.rel.fini)

.rela.fini
 *(.rela.fini)

.rel.rodata
 *(.rel.rodata)
 *(.rel.rodata.*)
 *(.rel.gnu.linkonce.r*)

.rela.rodata
 *(.rela.rodata)
 *(.rela.rodata.*)
 *(.rela.gnu.linkonce.r*)

.rel.data
 *(.rel.data)
 *(.rel.data.*)
 *(.rel.gnu.linkonce.d*)

.rela.data
 *(.rela.data)
 *(.rela.data.*)
 *(.rela.gnu.linkonce.d*)

.rel.ctors
 *(.rel.ctors)

.rela.ctors
 *(.rela.ctors)

.rel.dtors
 *(.rel.dtors)

.rela.dtors
 *(.rela.dtors)

.rel.got
 *(.rel.got)

.rela.got
 *(.rela.got)

.rel.bss
 *(.rel.bss)

.rela.bss
 *(.rela.bss)

.rel.plt
 *(.rel.plt)

.rela.plt
 *(.rela.plt)

.text           0x00000000     0x4038
 *(.vectors)
 .vectors       0x00000000       0xe4 c:/winavr-20090313/bin/../lib/gcc/avr/4.3.2/../../../../avr/lib/avr5/crtm640.o
                0x00000000                __vectors
                0x00000000                __vector_default
 *(.vectors)
 *(.progmem.gcc*)
 *(.progmem*)
 .progmem.data  0x000000e4        0x8 c:/winavr-20090313/bin/../lib/gcc/avr/4.3.2/../../../../avr/lib/avr5\libprintf_flt.a(vfprintf_flt.o)
 .progmem.data  0x000000ec        0x8 lib/lib_hardware.o
 .progmem.data  0x000000f4      0x208 lib/lib_timerdef.o
                0x000000f4                __timer0Compare
                0x00000144                __timer2Compare
                0x000001f4                pgm_Timers
                0x00000114                __timer1Compare
                0x00000164                __timer3Compare
                0x00000194                __timer4Compare
                0x000001c4                __timer5Compare
 .progmem.data  0x000002fc       0x83 lib/lib_iopins.o
                0x00000317                _C5
                0x0000034a                _L3
                0x00000320                _D5
                0x00000335                _G5
                0x000002ff                _B5
                0x00000347                _L1
                0x0000031d                _D3
                0x00000338                _H3
                0x0000030e                _C2
                0x00000341                _H6
                0x00000329                _E3
                0x00000305                _B7
                0x00000353                AVcc_MV
                0x00000311                _C3
                0x0000032f                _E5
                0x00000314                _C4
                0x0000034d                _L4
                0x00000323                _D6
                0x00000302                _B6
                0x0000033e                _H5
                0x00000344                _L0
                0x0000031a                _D2
                0x00000350                _L5
                0x00000326                _D7
                0x0000032c                _E4
                0x0000033b                _H4
                0x0000030b                _C1
                0x00000332                _E7
                0x00000308                _C0
                0x000002fc                _B4
 .progmem.data  0x0000037f        0x4 ../WebbotLibV2\libWebbot-ATmega640.a(servoPWM.o)
 .progmem.data  0x00000383       0x1b ../WebbotLibV2\libWebbot-ATmega640.a(errors.o)
 .progmem.data  0x0000039e       0x24 ../WebbotLibV2\libWebbot-ATmega640.a(segled8.o)
 .progmem.data  0x000003c2        0xc ../WebbotLibV2\libWebbot-ATmega640.a(uart.o)
                0x000003c2                c_hw_uart
 .progmem.data  0x000003ce       0xfa c:/winavr-20090313/bin/../lib/gcc/avr/4.3.2/../../../../avr/lib/avr5\libc.a(ftoa_engine.o)
                0x000004c8                . = ALIGN (0x2)
                0x000004c8                __trampolines_start = .
 *(.trampolines)
 .trampolines   0x000004c8        0x0 linker stubs
 *(.trampolines*)
                0x000004c8                __trampolines_end = .
 *(.jumptables)
 *(.jumptables*)
 *(.lowtext)
 *(.lowtext*)
                0x000004c8                __ctors_start = .
 *(.ctors)
 .ctors         0x000004c8        0x2 beta.o
 .ctors         0x000004ca        0x4 lib/lib_ctor.o
                0x000004ce                __ctors_end = .
                0x000004ce                __dtors_start = .
 *(.dtors)
 .dtors         0x000004ce        0x2 beta.o
                0x000004d0                __dtors_end = .
 SORT(*)(.ctors)
 SORT(*)(.dtors)
 *(.init0)
 .init0         0x000004d0        0x0 c:/winavr-20090313/bin/../lib/gcc/avr/4.3.2/../../../../avr/lib/avr5/crtm640.o
                0x000004d0                __init
 *(.init0)
 *(.init1)
 *(.init1)
 *(.init2)
 .init2         0x000004d0        0xc c:/winavr-20090313/bin/../lib/gcc/avr/4.3.2/../../../../avr/lib/avr5/crtm640.o
 *(.init2)
 *(.init3)
 *(.init3)
 *(.init4)
 .init4         0x000004dc       0x16 c:/winavr-20090313/bin/../lib/gcc/avr/4.3.2/avr5\libgcc.a(_copy_data.o)
                0x000004dc                __do_copy_data
 .init4         0x000004f2       0x10 c:/winavr-20090313/bin/../lib/gcc/avr/4.3.2/avr5\libgcc.a(_clear_bss.o)
                0x000004f2                __do_clear_bss
 *(.init4)
 *(.init5)
 *(.init5)
 *(.init6)
 .init6         0x00000502       0x16 c:/winavr-20090313/bin/../lib/gcc/avr/4.3.2/avr5\libgcc.a(_ctors.o)
                0x00000502                __do_global_ctors
 *(.init6)
 *(.init7)
 *(.init7)
 *(.init8)
 *(.init8)
 *(.init9)
 .init9         0x00000518        0x8 c:/winavr-20090313/bin/../lib/gcc/avr/4.3.2/../../../../avr/lib/avr5/crtm640.o
 *(.init9)
 *(.text)
 .text          0x00000520        0x4 c:/winavr-20090313/bin/../lib/gcc/avr/4.3.2/../../../../avr/lib/avr5/crtm640.o
                0x00000520                __vector_22
                0x00000520                __vector_28
                0x00000520                __vector_1
                0x00000520                __vector_32
                0x00000520                __vector_34
                0x00000520                __vector_24
                0x00000520                __vector_12
                0x00000520                __vector_55
                0x00000520                __vector_46
                0x00000520                __bad_interrupt
                0x00000520                __vector_6
                0x00000520                __vector_31
                0x00000520                __vector_35
                0x00000520                __vector_39
                0x00000520                __vector_3
                0x00000520                __vector_23
                0x00000520                __vector_30
                0x00000520                __vector_45
                0x00000520                __vector_25
                0x00000520                __vector_11
                0x00000520                __vector_54
                0x00000520                __vector_13
                0x00000520                __vector_17
                0x00000520                __vector_19
                0x00000520                __vector_56
                0x00000520                __vector_7
                0x00000520                __vector_49
                0x00000520                __vector_41
                0x00000520                __vector_43
                0x00000520                __vector_27
                0x00000520                __vector_5
                0x00000520                __vector_33
                0x00000520                __vector_52
                0x00000520                __vector_37
                0x00000520                __vector_4
                0x00000520                __vector_44
                0x00000520                __vector_51
                0x00000520                __vector_9
                0x00000520                __vector_2
                0x00000520                __vector_21
                0x00000520                __vector_15
                0x00000520                __vector_29
                0x00000520                __vector_40
                0x00000520                __vector_8
                0x00000520                __vector_26
                0x00000520                __vector_14
                0x00000520                __vector_53
                0x00000520                __vector_10
                0x00000520                __vector_50
                0x00000520                __vector_16
                0x00000520                __vector_18
                0x00000520                __vector_20
                0x00000520                __vector_42
 .text          0x00000524      0x712 c:/winavr-20090313/bin/../lib/gcc/avr/4.3.2/../../../../avr/lib/avr5\libprintf_flt.a(vfprintf_flt.o)
                0x00000524                vfprintf
 .text          0x00000c36      0x432 beta.o
                0x00000ffe                appInitSoftware
                0x00000dbc                treat_packet(Packet&)
                0x00000d8c                Stream::operator<<(unsigned int)
                0x00000d2c                Stream::operator<<(int)
                0x00001056                appInitHardware
                0x00000d5c                Stream::operator<<(char const*)
                0x00000f4a                appControl
 .text          0x00001068      0x740 protocol.o
                0x0000121e                Protocol::forge(Packet&)
                0x000010dc                Protocol::send(Packet&)
                0x00001752                Protocol::Protocol()
                0x0000168c                UartHW::setPollingMode(signed char)
                0x000010a2                Packet::Packet()
                0x0000144e                Protocol::treatIO(Packet&)
                0x00001324                Protocol::_write(unsigned char*, int)
                0x000016fc                Protocol::Protocol()
                0x00001068                Packet::Packet()
                0x000016c0                Protocol::init(UartHW*)
                0x000013a8                Protocol::_read()
                0x00001580                Protocol::print(int)
 .text          0x000017a8      0x4a6 smart_motor.o
                0x00001838                SmartMotor::~SmartMotor()
                0x00001aa8                SmartMotor::compute()
                0x000017f0                SmartMotor::SmartMotor()
                0x00001868                SmartMotor::link_servo(Servo&)
                0x00001a7c                Actuator::setSpeed(signed char)
                0x000018c8                SmartMotor::is_moving()
                0x00001a40                SmartMotor::get_position()
                0x00001b8e                SmartMotor::print(int)
                0x000018f8                SmartMotor::stop_motion()
                0x00001850                SmartMotor::~SmartMotor()
                0x00001918                SmartMotor::set_position(signed char, int)
                0x00001896                SmartMotor::set_limit(signed char, signed char)
                0x00001b5e                Uart::write(unsigned char)
                0x000017a8                SmartMotor::SmartMotor()
 .text          0x00001c4e      0x114 lib/lib_hardware.o
                0x00001cfe                __vector_38
                0x00001c7e                initHardware
                0x00001d4a                uart1GetByte
                0x00001c5c                registerLED
                0x00001d54                uart1SendByte
                0x00001ca8                __vector_36
                0x00001c88                sysInitHardware
 .text          0x00001d62        0x0 lib/lib_timerdef.o
 .text          0x00001d62      0x1ba lib/gen_clock.o
                0x00001e48                __clockInit
                0x00001dc6                clockSnapshotToTicks
                0x00001d62                clockGetSnapshot
                0x00001e56                __vector_47
                0x00001e0e                clockGetus
 .text          0x00001f1c        0x0 lib/lib_iopins.o
 .text          0x00001f1c      0x1ea lib/lib_ctor.o
                0x00002094                StatusLed::set(signed char) const
                0x00001f74                _cpp_Init_()
                0x00001f68                NullStream::read()
                0x00001f62                NullStream::write(unsigned char)
                0x00001f76                __cxa_pure_virtual
                0x00001f1c                Stream::_put(char, __file*)
                0x00001f6e                Marquee::read()
                0x000020c2                Marquee::write(unsigned char)
                0x000020d0                UartHW::read()
                0x000020b6                Led::set(signed char) const
                0x000020ec                Uart::read()
                0x00001f42                Stream::_get(__file*)
 .text          0x00002106       0x7a lib/lib_timers.o
                0x00002106                __initTimers
 .text          0x00002180      0x138 ../WebbotLibV2\libWebbot-ATmega640.a(servoPWM.o)
                0x00002180                servoPWMInit
 .text          0x000022b8      0x102 ../WebbotLibV2\libWebbot-ATmega640.a(servosConfig.o)
                0x000022b8                servoSetConfig
 .text          0x000023ba       0xb4 ../WebbotLibV2\libWebbot-ATmega640.a(StreamSigned.o)
                0x000023ba                Stream::print(long, unsigned char)
                0x00002410                Stream::print(int, unsigned char)
                0x00002420                Stream::print(int)
                0x00002408                Stream::print(long)
                0x00002446                Stream::print(signed char, unsigned char)
                0x00002432                Stream::print(signed char)
 .text          0x0000246e       0x2c ../WebbotLibV2\libWebbot-ATmega640.a(StreamString.o)
                0x0000246e                Stream::print(char const*)
 .text          0x0000249a       0xa4 ../WebbotLibV2\libWebbot-ATmega640.a(StreamUnsigned.o)
                0x000024e8                Stream::print(unsigned long)
                0x0000249a                Stream::print(unsigned long, unsigned char)
                0x0000250a                Stream::print(unsigned char)
                0x0000251a                Stream::print(unsigned char, unsigned char)
                0x000024f0                Stream::print(unsigned int, unsigned char)
                0x000024fc                Stream::print(unsigned int)
 .text          0x0000253e       0x76 ../WebbotLibV2\libWebbot-ATmega640.a(actuators.o)
                0x0000253e                __act_setSpeed
                0x0000257e                __act_setConnected
 .text          0x000025b4       0x8e ../WebbotLibV2\libWebbot-ATmega640.a(core_interp.o)
                0x000025b4                interpolate
 .text          0x00002642       0x82 ../WebbotLibV2\libWebbot-ATmega640.a(core_interpU.o)
                0x00002642                interpolateU
 .text          0x000026c4       0xd6 ../WebbotLibV2\libWebbot-ATmega640.a(errors.o)
                0x000026ca                setErrorLog
                0x000026d4                setError
                0x000026c4                getError
 .text          0x0000279a       0x2a ../WebbotLibV2\libWebbot-ATmega640.a(iopin_is_output.o)
                0x0000279a                pin_is_output
 .text          0x000027c4       0x4e ../WebbotLibV2\libWebbot-ATmega640.a(iopin_make_input.o)
                0x000027c4                pin_make_input
 .text          0x00002812       0x4e ../WebbotLibV2\libWebbot-ATmega640.a(iopin_make_output.o)
                0x00002812                pin_make_output
 .text          0x00002860       0x44 ../WebbotLibV2\libWebbot-ATmega640.a(led.o)
                0x00002860                LED_set
 .text          0x000028a4       0xd0 ../WebbotLibV2\libWebbot-ATmega640.a(main.o)
                0x000028a4                main
 .text          0x00002974      0x2ba ../WebbotLibV2\libWebbot-ATmega640.a(marqueeSendByte.o)
                0x00002974                marqueeSendByte
 .text          0x00002c2e      0x10c ../WebbotLibV2\libWebbot-ATmega640.a(segled.o)
                0x00002c2e                segled_put_char
                0x00002cc4                segled_set
 .text          0x00002d3a       0x76 ../WebbotLibV2\libWebbot-ATmega640.a(segled8.o)
                0x00002d3a                segled8_get_mask
 .text          0x00002db0       0x98 ../WebbotLibV2\libWebbot-ATmega640.a(compareFromIOPin.o)
                0x00002db0                compareFromIOPin
 .text          0x00002e48       0x44 ../WebbotLibV2\libWebbot-ATmega640.a(compareSetOutputMode.o)
                0x00002e48                compareSetOutputMode
 .text          0x00002e8c       0x6a ../WebbotLibV2\libWebbot-ATmega640.a(compareSetThreshold.o)
                0x00002e8c                compareSetThreshold
 .text          0x00002ef6       0xa4 ../WebbotLibV2\libWebbot-ATmega640.a(_uart_common.o)
                0x00002ef6                _uartSetBaudRate
                0x00002f0e                _uartInit
 .text          0x00002f9a      0x1dc ../WebbotLibV2\libWebbot-ATmega640.a(uart.o)
                0x00002f9a                __uartHWSetBaudRate
                0x00003106                __uartHWStartXmit
                0x0000313e                __uartHWInit
 .text          0x00003176       0x40 ../WebbotLibV2\libWebbot-ATmega640.a(uartCommonRx.o)
                0x000031aa                __uartGetByte
                0x00003176                __uartReceiveService
 .text          0x000031b6       0x3c ../WebbotLibV2\libWebbot-ATmega640.a(uartCommonRxNoBuf.o)
                0x000031ce                __uartReceiveUnbuffered
                0x000031b6                __uartGetByteUnbuffered
 .text          0x000031f2       0xe6 ../WebbotLibV2\libWebbot-ATmega640.a(uartCommonTx.o)
                0x000032b8                _uartSendByte
                0x0000327c                _uartSendBuffer
                0x00003244                _uartTransmitBlockEnd
                0x000032cc                __uartTransmitService
                0x000031f2                _uartStartXmit
                0x0000320c                _uartTransmitBlockStart
 .text          0x000032d8       0x46 ../WebbotLibV2\libWebbot-ATmega640.a(uartCommonTxNoBuf.o)
                0x000032e8                __uartSendUnbuffered
                0x000032d8                __uartSendNextUnbuffered
 .text          0x0000331e       0x44 ../WebbotLibV2\libWebbot-ATmega640.a(uartPollByte.o)
                0x0000333a                uartPollByte
                0x0000331e                uartReceivePollingMode
 .text          0x00003362       0x36 ../WebbotLibV2\libWebbot-ATmega640.a(StreamChar.o)
                0x00003362                Stream::print(char)
 .text          0x00003398       0x12 ../WebbotLibV2\libWebbot-ATmega640.a(clockHasElapsed.o)
                0x00003398                clockHasElapsed
 .text          0x000033aa       0x84 ../WebbotLibV2\libWebbot-ATmega640.a(clockHasElapsedGetOverflow.o)
                0x000033aa                clockHasElapsedGetOverflow
 .text          0x0000342e       0x16 ../WebbotLibV2\libWebbot-ATmega640.a(breathe.o)
                0x0000342e                breathe
 .text          0x00003444       0x92 ../WebbotLibV2\libWebbot-ATmega640.a(iopin.o)
                0x0000348e                pin_high
                0x00003444                pin_low
 .text          0x000034d6       0x10 ../WebbotLibV2\libWebbot-ATmega640.a(iopin_set.o)
                0x000034d6                pin_set
 .text          0x000034e6      0x35c lib\libPost.a(opt_scheduler.o)
                0x00003710                scheduleJob
                0x000036c8                __vector_48
 .text          0x00003842      0x20a c:/winavr-20090313/bin/../lib/gcc/avr/4.3.2/../../../../avr/lib/avr5\libc.a(malloc.o)
                0x00003842                malloc
                0x0000399c                free
 .text          0x00003a4c        0x6 c:/winavr-20090313/bin/../lib/gcc/avr/4.3.2/../../../../avr/lib/avr5\libc.a(exit.o)
                0x00003a4c                exit
 .text          0x00003a52      0x1b0 c:/winavr-20090313/bin/../lib/gcc/avr/4.3.2/../../../../avr/lib/avr5\libc.a(ftoa_engine.o)
                0x00003a52                __ftoa_engine
 .text          0x00003c02       0x16 c:/winavr-20090313/bin/../lib/gcc/avr/4.3.2/../../../../avr/lib/avr5\libc.a(strnlen_P.o)
                0x00003c02                strnlen_P
 .text          0x00003c18        0xe c:/winavr-20090313/bin/../lib/gcc/avr/4.3.2/../../../../avr/lib/avr5\libc.a(memset.o)
                0x00003c18                memset
 .text          0x00003c26       0x16 c:/winavr-20090313/bin/../lib/gcc/avr/4.3.2/../../../../avr/lib/avr5\libc.a(strnlen.o)
                0x00003c26                strnlen
 .text          0x00003c3c       0x42 c:/winavr-20090313/bin/../lib/gcc/avr/4.3.2/../../../../avr/lib/avr5\libc.a(itoa.o)
                0x00003c3c                itoa
 .text          0x00003c7e       0x68 c:/winavr-20090313/bin/../lib/gcc/avr/4.3.2/../../../../avr/lib/avr5\libc.a(ltoa.o)
                0x00003c7e                ltoa
 .text          0x00003ce6       0x4a c:/winavr-20090313/bin/../lib/gcc/avr/4.3.2/../../../../avr/lib/avr5\libc.a(ultoa.o)
                0x00003ce6                ultoa
 .text          0x00003d30       0x3a c:/winavr-20090313/bin/../lib/gcc/avr/4.3.2/../../../../avr/lib/avr5\libc.a(fprintf_p.o)
                0x00003d30                fprintf_P
 .text          0x00003d6a       0x58 c:/winavr-20090313/bin/../lib/gcc/avr/4.3.2/../../../../avr/lib/avr5\libc.a(fputc.o)
                0x00003d6a                fputc
 .text          0x00003dc2        0x0 c:/winavr-20090313/bin/../lib/gcc/avr/4.3.2/../../../../avr/lib/avr5\libc.a(iob.o)
 .text          0x00003dc2       0xbc c:/winavr-20090313/bin/../lib/gcc/avr/4.3.2/../../../../avr/lib/avr5\libc.a(ultoa_invert.o)
                0x00003dc2                __ultoa_invert
 .text          0x00003e7e       0x20 c:/winavr-20090313/bin/../lib/gcc/avr/4.3.2/../../../../avr/lib/avr5\libc.a(strrev.o)
                0x00003e7e                strrev
 .text          0x00003e9e        0x0 c:/winavr-20090313/bin/../lib/gcc/avr/4.3.2/avr5\libgcc.a(_mulsi3.o)
 .text          0x00003e9e        0x0 c:/winavr-20090313/bin/../lib/gcc/avr/4.3.2/avr5\libgcc.a(_udivmodhi4.o)
 .text          0x00003e9e        0x0 c:/winavr-20090313/bin/../lib/gcc/avr/4.3.2/avr5\libgcc.a(_divmodhi4.o)
 .text          0x00003e9e        0x0 c:/winavr-20090313/bin/../lib/gcc/avr/4.3.2/avr5\libgcc.a(_udivmodsi4.o)
 .text          0x00003e9e        0x0 c:/winavr-20090313/bin/../lib/gcc/avr/4.3.2/avr5\libgcc.a(_divmodsi4.o)
 .text          0x00003e9e        0x0 c:/winavr-20090313/bin/../lib/gcc/avr/4.3.2/avr5\libgcc.a(_prologue.o)
 .text          0x00003e9e        0x0 c:/winavr-20090313/bin/../lib/gcc/avr/4.3.2/avr5\libgcc.a(_epilogue.o)
 .text          0x00003e9e        0x0 c:/winavr-20090313/bin/../lib/gcc/avr/4.3.2/avr5\libgcc.a(_exit.o)
 .text          0x00003e9e        0x0 c:/winavr-20090313/bin/../lib/gcc/avr/4.3.2/avr5\libgcc.a(_copy_data.o)
 .text          0x00003e9e        0x0 c:/winavr-20090313/bin/../lib/gcc/avr/4.3.2/avr5\libgcc.a(_clear_bss.o)
 .text          0x00003e9e        0x0 c:/winavr-20090313/bin/../lib/gcc/avr/4.3.2/avr5\libgcc.a(_ctors.o)
 .text          0x00003e9e        0x0 c:/winavr-20090313/bin/../lib/gcc/avr/4.3.2/avr5\libgcc.a(_dtors.o)
 .text          0x00003e9e        0x0 c:/winavr-20090313/bin/../lib/gcc/avr/4.3.2/avr5\libgcc.a(_tablejump.o)
                0x00003e9e                . = ALIGN (0x2)
 *(.text.*)
 .text.libgcc   0x00003e9e       0x3e c:/winavr-20090313/bin/../lib/gcc/avr/4.3.2/avr5\libgcc.a(_mulsi3.o)
                0x00003e9e                __mulsi3
 .text.libgcc   0x00003edc       0x28 c:/winavr-20090313/bin/../lib/gcc/avr/4.3.2/avr5\libgcc.a(_udivmodhi4.o)
                0x00003edc                __udivmodhi4
 .text.libgcc   0x00003f04       0x26 c:/winavr-20090313/bin/../lib/gcc/avr/4.3.2/avr5\libgcc.a(_divmodhi4.o)
                0x00003f04                __divmodhi4
                0x00003f04                _div
 .text.libgcc   0x00003f2a       0x44 c:/winavr-20090313/bin/../lib/gcc/avr/4.3.2/avr5\libgcc.a(_udivmodsi4.o)
                0x00003f2a                __udivmodsi4
 .text.libgcc   0x00003f6e       0x36 c:/winavr-20090313/bin/../lib/gcc/avr/4.3.2/avr5\libgcc.a(_divmodsi4.o)
                0x00003f6e                __divmodsi4
 .text.libgcc   0x00003fa4       0x38 c:/winavr-20090313/bin/../lib/gcc/avr/4.3.2/avr5\libgcc.a(_prologue.o)
                0x00003fa4                __prologue_saves__
 .text.libgcc   0x00003fdc       0x36 c:/winavr-20090313/bin/../lib/gcc/avr/4.3.2/avr5\libgcc.a(_epilogue.o)
                0x00003fdc                __epilogue_restores__
 .text.libgcc   0x00004012        0x0 c:/winavr-20090313/bin/../lib/gcc/avr/4.3.2/avr5\libgcc.a(_exit.o)
 .text.libgcc   0x00004012        0x0 c:/winavr-20090313/bin/../lib/gcc/avr/4.3.2/avr5\libgcc.a(_copy_data.o)
 .text.libgcc   0x00004012        0x0 c:/winavr-20090313/bin/../lib/gcc/avr/4.3.2/avr5\libgcc.a(_clear_bss.o)
 .text.libgcc   0x00004012        0x0 c:/winavr-20090313/bin/../lib/gcc/avr/4.3.2/avr5\libgcc.a(_ctors.o)
 .text.libgcc   0x00004012        0x0 c:/winavr-20090313/bin/../lib/gcc/avr/4.3.2/avr5\libgcc.a(_dtors.o)
 .text.libgcc   0x00004012        0xc c:/winavr-20090313/bin/../lib/gcc/avr/4.3.2/avr5\libgcc.a(_tablejump.o)
                0x00004016                __tablejump__
                0x00004012                __tablejump2__
                0x0000401e                . = ALIGN (0x2)
 *(.fini9)
 .fini9         0x0000401e        0x0 c:/winavr-20090313/bin/../lib/gcc/avr/4.3.2/avr5\libgcc.a(_exit.o)
                0x0000401e                _exit
 *(.fini9)
 *(.fini8)
 *(.fini8)
 *(.fini7)
 *(.fini7)
 *(.fini6)
 .fini6         0x0000401e       0x16 c:/winavr-20090313/bin/../lib/gcc/avr/4.3.2/avr5\libgcc.a(_dtors.o)
                0x0000401e                __do_global_dtors
 *(.fini6)
 *(.fini5)
 *(.fini5)
 *(.fini4)
 *(.fini4)
 *(.fini3)
 *(.fini3)
 *(.fini2)
 *(.fini2)
 *(.fini1)
 *(.fini1)
 *(.fini0)
 .fini0         0x00004034        0x4 c:/winavr-20090313/bin/../lib/gcc/avr/4.3.2/avr5\libgcc.a(_exit.o)
 *(.fini0)
                0x00004038                _etext = .

.data           0x00800200      0x10a load address 0x00004038
                0x00800200                PROVIDE (__data_start, .)
 *(.data)
 .data          0x00800200        0x0 c:/winavr-20090313/bin/../lib/gcc/avr/4.3.2/../../../../avr/lib/avr5/crtm640.o
 .data          0x00800200        0x0 c:/winavr-20090313/bin/../lib/gcc/avr/4.3.2/../../../../avr/lib/avr5\libprintf_flt.a(vfprintf_flt.o)
 .data          0x00800200       0x17 beta.o
 .data          0x00800217        0x5 protocol.o
 .data          0x0080021c        0x0 smart_motor.o
 .data          0x0080021c       0xb2 lib/lib_hardware.o
                0x00800296                _servo2_
                0x00800224                __C_uart1
                0x00800280                _servo1_
                0x00800258                _led_display_
                0x00800256                _button_
                0x008002c2                _bank1_
                0x00800269                _marquee_
                0x0080021c                cpu_speed
                0x008002ac                _servo3_
                0x00800255                NUM_ADC_CHANNELS
                0x00800222                cpu_speed_div_1000000
                0x00800220                cpu_speed_div_1000
 .data          0x008002ce        0x1 lib/lib_timerdef.o
                0x008002ce                NUMBER_OF_TIMERS
 .data          0x008002cf        0x0 lib/gen_clock.o
 .data          0x008002cf        0x0 lib/lib_iopins.o
 .data          0x008002cf       0x34 lib/lib_ctor.o
                0x008002db                vtable for Marquee
                0x008002eb                vtable for UartHW
                0x008002d5                vtable for Led
                0x008002fb                vtable for NullStream
                0x008002f3                vtable for Uart
                0x008002e3                vtable for Stream
                0x008002cf                vtable for StatusLed
 .data          0x00800303        0x0 lib/lib_timers.o
 .data          0x00800303        0x0 ../WebbotLibV2\libWebbot-ATmega640.a(servoPWM.o)
 .data          0x00800303        0x0 ../WebbotLibV2\libWebbot-ATmega640.a(servosConfig.o)
 .data          0x00800303        0x0 ../WebbotLibV2\libWebbot-ATmega640.a(StreamSigned.o)
 .data          0x00800303        0x0 ../WebbotLibV2\libWebbot-ATmega640.a(StreamString.o)
 .data          0x00800303        0x0 ../WebbotLibV2\libWebbot-ATmega640.a(StreamUnsigned.o)
 .data          0x00800303        0x0 ../WebbotLibV2\libWebbot-ATmega640.a(actuators.o)
 .data          0x00800303        0x0 ../WebbotLibV2\libWebbot-ATmega640.a(core_interp.o)
 .data          0x00800303        0x0 ../WebbotLibV2\libWebbot-ATmega640.a(core_interpU.o)
 .data          0x00800303        0x0 ../WebbotLibV2\libWebbot-ATmega640.a(errors.o)
 .data          0x00800303        0x0 ../WebbotLibV2\libWebbot-ATmega640.a(iopin_is_output.o)
 .data          0x00800303        0x0 ../WebbotLibV2\libWebbot-ATmega640.a(iopin_make_input.o)
 .data          0x00800303        0x0 ../WebbotLibV2\libWebbot-ATmega640.a(iopin_make_output.o)
 .data          0x00800303        0x0 ../WebbotLibV2\libWebbot-ATmega640.a(led.o)
 .data          0x00800303        0x0 ../WebbotLibV2\libWebbot-ATmega640.a(main.o)
 .data          0x00800303        0x0 ../WebbotLibV2\libWebbot-ATmega640.a(marqueeSendByte.o)
 .data          0x00800303        0x0 ../WebbotLibV2\libWebbot-ATmega640.a(segled.o)
 .data          0x00800303        0x0 ../WebbotLibV2\libWebbot-ATmega640.a(segled8.o)
 .data          0x00800303        0x0 ../WebbotLibV2\libWebbot-ATmega640.a(compareFromIOPin.o)
 .data          0x00800303        0x0 ../WebbotLibV2\libWebbot-ATmega640.a(compareSetOutputMode.o)
 .data          0x00800303        0x0 ../WebbotLibV2\libWebbot-ATmega640.a(compareSetThreshold.o)
 .data          0x00800303        0x0 ../WebbotLibV2\libWebbot-ATmega640.a(_uart_common.o)
 .data          0x00800303        0x0 ../WebbotLibV2\libWebbot-ATmega640.a(uart.o)
 .data          0x00800303        0x0 ../WebbotLibV2\libWebbot-ATmega640.a(uartCommonRx.o)
 .data          0x00800303        0x0 ../WebbotLibV2\libWebbot-ATmega640.a(uartCommonRxNoBuf.o)
 .data          0x00800303        0x0 ../WebbotLibV2\libWebbot-ATmega640.a(uartCommonTx.o)
 .data          0x00800303        0x0 ../WebbotLibV2\libWebbot-ATmega640.a(uartCommonTxNoBuf.o)
 .data          0x00800303        0x0 ../WebbotLibV2\libWebbot-ATmega640.a(uartPollByte.o)
 .data          0x00800303        0x0 ../WebbotLibV2\libWebbot-ATmega640.a(StreamChar.o)
 .data          0x00800303        0x0 ../WebbotLibV2\libWebbot-ATmega640.a(clockHasElapsed.o)
 .data          0x00800303        0x0 ../WebbotLibV2\libWebbot-ATmega640.a(clockHasElapsedGetOverflow.o)
 .data          0x00800303        0x0 ../WebbotLibV2\libWebbot-ATmega640.a(breathe.o)
 .data          0x00800303        0x0 ../WebbotLibV2\libWebbot-ATmega640.a(iopin.o)
 .data          0x00800303        0x0 ../WebbotLibV2\libWebbot-ATmega640.a(iopin_set.o)
 .data          0x00800303        0x1 lib\libPost.a(opt_scheduler.o)
                0x00800303                maxJobs
 .data          0x00800304        0x6 c:/winavr-20090313/bin/../lib/gcc/avr/4.3.2/../../../../avr/lib/avr5\libc.a(malloc.o)
                0x00800306                __malloc_heap_start
                0x00800308                __malloc_heap_end
                0x00800304                __malloc_margin
 .data          0x0080030a        0x0 c:/winavr-20090313/bin/../lib/gcc/avr/4.3.2/../../../../avr/lib/avr5\libc.a(exit.o)
 .data          0x0080030a        0x0 c:/winavr-20090313/bin/../lib/gcc/avr/4.3.2/../../../../avr/lib/avr5\libc.a(ftoa_engine.o)
 .data          0x0080030a        0x0 c:/winavr-20090313/bin/../lib/gcc/avr/4.3.2/../../../../avr/lib/avr5\libc.a(strnlen_P.o)
 .data          0x0080030a        0x0 c:/winavr-20090313/bin/../lib/gcc/avr/4.3.2/../../../../avr/lib/avr5\libc.a(memset.o)
 .data          0x0080030a        0x0 c:/winavr-20090313/bin/../lib/gcc/avr/4.3.2/../../../../avr/lib/avr5\libc.a(strnlen.o)
 .data          0x0080030a        0x0 c:/winavr-20090313/bin/../lib/gcc/avr/4.3.2/../../../../avr/lib/avr5\libc.a(itoa.o)
 .data          0x0080030a        0x0 c:/winavr-20090313/bin/../lib/gcc/avr/4.3.2/../../../../avr/lib/avr5\libc.a(ltoa.o)
 .data          0x0080030a        0x0 c:/winavr-20090313/bin/../lib/gcc/avr/4.3.2/../../../../avr/lib/avr5\libc.a(ultoa.o)
 .data          0x0080030a        0x0 c:/winavr-20090313/bin/../lib/gcc/avr/4.3.2/../../../../avr/lib/avr5\libc.a(fprintf_p.o)
 .data          0x0080030a        0x0 c:/winavr-20090313/bin/../lib/gcc/avr/4.3.2/../../../../avr/lib/avr5\libc.a(fputc.o)
 .data          0x0080030a        0x0 c:/winavr-20090313/bin/../lib/gcc/avr/4.3.2/../../../../avr/lib/avr5\libc.a(iob.o)
 .data          0x0080030a        0x0 c:/winavr-20090313/bin/../lib/gcc/avr/4.3.2/../../../../avr/lib/avr5\libc.a(ultoa_invert.o)
 .data          0x0080030a        0x0 c:/winavr-20090313/bin/../lib/gcc/avr/4.3.2/../../../../avr/lib/avr5\libc.a(strrev.o)
 .data          0x0080030a        0x0 c:/winavr-20090313/bin/../lib/gcc/avr/4.3.2/avr5\libgcc.a(_mulsi3.o)
 .data          0x0080030a        0x0 c:/winavr-20090313/bin/../lib/gcc/avr/4.3.2/avr5\libgcc.a(_udivmodhi4.o)
 .data          0x0080030a        0x0 c:/winavr-20090313/bin/../lib/gcc/avr/4.3.2/avr5\libgcc.a(_divmodhi4.o)
 .data          0x0080030a        0x0 c:/winavr-20090313/bin/../lib/gcc/avr/4.3.2/avr5\libgcc.a(_udivmodsi4.o)
 .data          0x0080030a        0x0 c:/winavr-20090313/bin/../lib/gcc/avr/4.3.2/avr5\libgcc.a(_divmodsi4.o)
 .data          0x0080030a        0x0 c:/winavr-20090313/bin/../lib/gcc/avr/4.3.2/avr5\libgcc.a(_prologue.o)
 .data          0x0080030a        0x0 c:/winavr-20090313/bin/../lib/gcc/avr/4.3.2/avr5\libgcc.a(_epilogue.o)
 .data          0x0080030a        0x0 c:/winavr-20090313/bin/../lib/gcc/avr/4.3.2/avr5\libgcc.a(_exit.o)
 .data          0x0080030a        0x0 c:/winavr-20090313/bin/../lib/gcc/avr/4.3.2/avr5\libgcc.a(_copy_data.o)
 .data          0x0080030a        0x0 c:/winavr-20090313/bin/../lib/gcc/avr/4.3.2/avr5\libgcc.a(_clear_bss.o)
 .data          0x0080030a        0x0 c:/winavr-20090313/bin/../lib/gcc/avr/4.3.2/avr5\libgcc.a(_ctors.o)
 .data          0x0080030a        0x0 c:/winavr-20090313/bin/../lib/gcc/avr/4.3.2/avr5\libgcc.a(_dtors.o)
 .data          0x0080030a        0x0 c:/winavr-20090313/bin/../lib/gcc/avr/4.3.2/avr5\libgcc.a(_tablejump.o)
 *(.data*)
 *(.rodata)
 *(.rodata*)
 *(.gnu.linkonce.d*)
                0x0080030a                . = ALIGN (0x2)
                0x0080030a                _edata = .
                0x0080030a                PROVIDE (__data_end, .)

.bss            0x0080030a      0x148
                0x0080030a                PROVIDE (__bss_start, .)
 *(.bss)
 .bss           0x0080030a        0x0 c:/winavr-20090313/bin/../lib/gcc/avr/4.3.2/../../../../avr/lib/avr5/crtm640.o
 .bss           0x0080030a        0x0 c:/winavr-20090313/bin/../lib/gcc/avr/4.3.2/../../../../avr/lib/avr5\libprintf_flt.a(vfprintf_flt.o)
 .bss           0x0080030a       0x43 beta.o
                0x0080030a                proto
                0x00800337                motors
 .bss           0x0080034d        0x0 protocol.o
 .bss           0x0080034d        0x0 smart_motor.o
 .bss           0x0080034d        0x0 lib/lib_hardware.o
 .bss           0x0080034d       0x82 lib/lib_timerdef.o
 .bss           0x008003cf        0x5 lib/gen_clock.o
 .bss           0x008003d4        0x0 lib/lib_iopins.o
 .bss           0x008003d4       0x4f lib/lib_ctor.o
                0x008003f8                bank1
                0x008003d4                statusLed
                0x00800413                nullStream
                0x008003fa                uart1
                0x008003d8                button
                0x008003da                marquee
                0x008003f4                servo3
                0x008003ec                servo1
                0x008003f0                servo2
 .bss           0x00800423        0x0 lib/lib_timers.o
 .bss           0x00800423        0x0 ../WebbotLibV2\libWebbot-ATmega640.a(servoPWM.o)
 .bss           0x00800423        0x0 ../WebbotLibV2\libWebbot-ATmega640.a(servosConfig.o)
 .bss           0x00800423        0x0 ../WebbotLibV2\libWebbot-ATmega640.a(StreamSigned.o)
 .bss           0x00800423        0x0 ../WebbotLibV2\libWebbot-ATmega640.a(StreamString.o)
 .bss           0x00800423        0x0 ../WebbotLibV2\libWebbot-ATmega640.a(StreamUnsigned.o)
 .bss           0x00800423        0x0 ../WebbotLibV2\libWebbot-ATmega640.a(actuators.o)
 .bss           0x00800423        0x0 ../WebbotLibV2\libWebbot-ATmega640.a(core_interp.o)
 .bss           0x00800423        0x0 ../WebbotLibV2\libWebbot-ATmega640.a(core_interpU.o)
 .bss           0x00800423        0x0 ../WebbotLibV2\libWebbot-ATmega640.a(errors.o)
 .bss           0x00800423        0x0 ../WebbotLibV2\libWebbot-ATmega640.a(iopin_is_output.o)
 .bss           0x00800423        0x0 ../WebbotLibV2\libWebbot-ATmega640.a(iopin_make_input.o)
 .bss           0x00800423        0x0 ../WebbotLibV2\libWebbot-ATmega640.a(iopin_make_output.o)
 .bss           0x00800423        0x0 ../WebbotLibV2\libWebbot-ATmega640.a(led.o)
 .bss           0x00800423        0xc ../WebbotLibV2\libWebbot-ATmega640.a(main.o)
 .bss           0x0080042f        0x0 ../WebbotLibV2\libWebbot-ATmega640.a(marqueeSendByte.o)
 .bss           0x0080042f        0x0 ../WebbotLibV2\libWebbot-ATmega640.a(segled.o)
 .bss           0x0080042f        0x0 ../WebbotLibV2\libWebbot-ATmega640.a(segled8.o)
 .bss           0x0080042f        0x0 ../WebbotLibV2\libWebbot-ATmega640.a(compareFromIOPin.o)
 .bss           0x0080042f        0x0 ../WebbotLibV2\libWebbot-ATmega640.a(compareSetOutputMode.o)
 .bss           0x0080042f        0x0 ../WebbotLibV2\libWebbot-ATmega640.a(compareSetThreshold.o)
 .bss           0x0080042f        0x0 ../WebbotLibV2\libWebbot-ATmega640.a(_uart_common.o)
 .bss           0x0080042f        0x0 ../WebbotLibV2\libWebbot-ATmega640.a(uart.o)
 .bss           0x0080042f        0x0 ../WebbotLibV2\libWebbot-ATmega640.a(uartCommonRx.o)
 .bss           0x0080042f        0x0 ../WebbotLibV2\libWebbot-ATmega640.a(uartCommonRxNoBuf.o)
 .bss           0x0080042f        0x0 ../WebbotLibV2\libWebbot-ATmega640.a(uartCommonTx.o)
 .bss           0x0080042f        0x0 ../WebbotLibV2\libWebbot-ATmega640.a(uartCommonTxNoBuf.o)
 .bss           0x0080042f        0x0 ../WebbotLibV2\libWebbot-ATmega640.a(uartPollByte.o)
 .bss           0x0080042f        0x0 ../WebbotLibV2\libWebbot-ATmega640.a(StreamChar.o)
 .bss           0x0080042f        0x0 ../WebbotLibV2\libWebbot-ATmega640.a(clockHasElapsed.o)
 .bss           0x0080042f        0x0 ../WebbotLibV2\libWebbot-ATmega640.a(clockHasElapsedGetOverflow.o)
 .bss           0x0080042f        0x0 ../WebbotLibV2\libWebbot-ATmega640.a(breathe.o)
 .bss           0x0080042f        0x0 ../WebbotLibV2\libWebbot-ATmega640.a(iopin.o)
 .bss           0x0080042f        0x0 ../WebbotLibV2\libWebbot-ATmega640.a(iopin_set.o)
 .bss           0x0080042f       0x11 lib\libPost.a(opt_scheduler.o)
 .bss           0x00800440        0x0 c:/winavr-20090313/bin/../lib/gcc/avr/4.3.2/../../../../avr/lib/avr5\libc.a(malloc.o)
 .bss           0x00800440        0x0 c:/winavr-20090313/bin/../lib/gcc/avr/4.3.2/../../../../avr/lib/avr5\libc.a(exit.o)
 .bss           0x00800440        0x0 c:/winavr-20090313/bin/../lib/gcc/avr/4.3.2/../../../../avr/lib/avr5\libc.a(ftoa_engine.o)
 .bss           0x00800440        0x0 c:/winavr-20090313/bin/../lib/gcc/avr/4.3.2/../../../../avr/lib/avr5\libc.a(strnlen_P.o)
 .bss           0x00800440        0x0 c:/winavr-20090313/bin/../lib/gcc/avr/4.3.2/../../../../avr/lib/avr5\libc.a(memset.o)
 .bss           0x00800440        0x0 c:/winavr-20090313/bin/../lib/gcc/avr/4.3.2/../../../../avr/lib/avr5\libc.a(strnlen.o)
 .bss           0x00800440        0x0 c:/winavr-20090313/bin/../lib/gcc/avr/4.3.2/../../../../avr/lib/avr5\libc.a(itoa.o)
 .bss           0x00800440        0x0 c:/winavr-20090313/bin/../lib/gcc/avr/4.3.2/../../../../avr/lib/avr5\libc.a(ltoa.o)
 .bss           0x00800440        0x0 c:/winavr-20090313/bin/../lib/gcc/avr/4.3.2/../../../../avr/lib/avr5\libc.a(ultoa.o)
 .bss           0x00800440        0x0 c:/winavr-20090313/bin/../lib/gcc/avr/4.3.2/../../../../avr/lib/avr5\libc.a(fprintf_p.o)
 .bss           0x00800440        0x0 c:/winavr-20090313/bin/../lib/gcc/avr/4.3.2/../../../../avr/lib/avr5\libc.a(fputc.o)
 .bss           0x00800440        0x0 c:/winavr-20090313/bin/../lib/gcc/avr/4.3.2/../../../../avr/lib/avr5\libc.a(iob.o)
 .bss           0x00800440        0x0 c:/winavr-20090313/bin/../lib/gcc/avr/4.3.2/../../../../avr/lib/avr5\libc.a(ultoa_invert.o)
 .bss           0x00800440        0x0 c:/winavr-20090313/bin/../lib/gcc/avr/4.3.2/../../../../avr/lib/avr5\libc.a(strrev.o)
 .bss           0x00800440        0x0 c:/winavr-20090313/bin/../lib/gcc/avr/4.3.2/avr5\libgcc.a(_mulsi3.o)
 .bss           0x00800440        0x0 c:/winavr-20090313/bin/../lib/gcc/avr/4.3.2/avr5\libgcc.a(_udivmodhi4.o)
 .bss           0x00800440        0x0 c:/winavr-20090313/bin/../lib/gcc/avr/4.3.2/avr5\libgcc.a(_divmodhi4.o)
 .bss           0x00800440        0x0 c:/winavr-20090313/bin/../lib/gcc/avr/4.3.2/avr5\libgcc.a(_udivmodsi4.o)
 .bss           0x00800440        0x0 c:/winavr-20090313/bin/../lib/gcc/avr/4.3.2/avr5\libgcc.a(_divmodsi4.o)
 .bss           0x00800440        0x0 c:/winavr-20090313/bin/../lib/gcc/avr/4.3.2/avr5\libgcc.a(_prologue.o)
 .bss           0x00800440        0x0 c:/winavr-20090313/bin/../lib/gcc/avr/4.3.2/avr5\libgcc.a(_epilogue.o)
 .bss           0x00800440        0x0 c:/winavr-20090313/bin/../lib/gcc/avr/4.3.2/avr5\libgcc.a(_exit.o)
 .bss           0x00800440        0x0 c:/winavr-20090313/bin/../lib/gcc/avr/4.3.2/avr5\libgcc.a(_copy_data.o)
 .bss           0x00800440        0x0 c:/winavr-20090313/bin/../lib/gcc/avr/4.3.2/avr5\libgcc.a(_clear_bss.o)
 .bss           0x00800440        0x0 c:/winavr-20090313/bin/../lib/gcc/avr/4.3.2/avr5\libgcc.a(_ctors.o)
 .bss           0x00800440        0x0 c:/winavr-20090313/bin/../lib/gcc/avr/4.3.2/avr5\libgcc.a(_dtors.o)
 .bss           0x00800440        0x0 c:/winavr-20090313/bin/../lib/gcc/avr/4.3.2/avr5\libgcc.a(_tablejump.o)
 *(.bss*)
 *(COMMON)
 COMMON         0x00800440        0x5 ../WebbotLibV2\libWebbot-ATmega640.a(errors.o)
                0x00800440                __error
 COMMON         0x00800445        0x3 ../WebbotLibV2\libWebbot-ATmega640.a(led.o)
                0x00800445                statusLED
 COMMON         0x00800448        0x4 c:/winavr-20090313/bin/../lib/gcc/avr/4.3.2/../../../../avr/lib/avr5\libc.a(malloc.o)
                0x00800448                __brkval
                0x0080044a                __flp
 COMMON         0x0080044c        0x6 c:/winavr-20090313/bin/../lib/gcc/avr/4.3.2/../../../../avr/lib/avr5\libc.a(iob.o)
                0x0080044c                __iob
                0x00800452                PROVIDE (__bss_end, .)
                0x00004038                __data_load_start = LOADADDR (.data)
                0x00004142                __data_load_end = (__data_load_start + SIZEOF (.data))

.noinit         0x00800452        0x0
                0x00800452                PROVIDE (__noinit_start, .)
 *(.noinit*)
                0x00800452                PROVIDE (__noinit_end, .)
                0x00800452                _end = .
                0x00800452                PROVIDE (__heap_start, .)

.eeprom         0x00810000        0x0
 *(.eeprom*)
                0x00810000                __eeprom_end = .

.fuse
 *(.fuse)
 *(.lfuse)
 *(.hfuse)
 *(.efuse)

.lock
 *(.lock*)

.signature
 *(.signature*)

.stab
 *(.stab)

.stabstr
 *(.stabstr)

.stab.excl
 *(.stab.excl)

.stab.exclstr
 *(.stab.exclstr)

.stab.index
 *(.stab.index)

.stab.indexstr
 *(.stab.indexstr)

.comment
 *(.comment)

.debug
 *(.debug)

.line
 *(.line)

.debug_srcinfo
 *(.debug_srcinfo)

.debug_sfnames
 *(.debug_sfnames)

.debug_aranges  0x00000000      0x520
 *(.debug_aranges)
 .debug_aranges
                0x00000000       0x20 beta.o
 .debug_aranges
                0x00000020       0x20 protocol.o
 .debug_aranges
                0x00000040       0x20 smart_motor.o
 .debug_aranges
                0x00000060       0x20 lib/lib_hardware.o
 .debug_aranges
                0x00000080       0x20 lib/gen_clock.o
 .debug_aranges
                0x000000a0       0x20 lib/lib_ctor.o
 .debug_aranges
                0x000000c0       0x20 lib/lib_timers.o
 .debug_aranges
                0x000000e0       0x20 ../WebbotLibV2\libWebbot-ATmega640.a(servoPWM.o)
 .debug_aranges
                0x00000100       0x20 ../WebbotLibV2\libWebbot-ATmega640.a(servosConfig.o)
 .debug_aranges
                0x00000120       0x20 ../WebbotLibV2\libWebbot-ATmega640.a(StreamSigned.o)
 .debug_aranges
                0x00000140       0x20 ../WebbotLibV2\libWebbot-ATmega640.a(StreamString.o)
 .debug_aranges
                0x00000160       0x20 ../WebbotLibV2\libWebbot-ATmega640.a(StreamUnsigned.o)
 .debug_aranges
                0x00000180       0x20 ../WebbotLibV2\libWebbot-ATmega640.a(actuators.o)
 .debug_aranges
                0x000001a0       0x20 ../WebbotLibV2\libWebbot-ATmega640.a(core_interp.o)
 .debug_aranges
                0x000001c0       0x20 ../WebbotLibV2\libWebbot-ATmega640.a(core_interpU.o)
 .debug_aranges
                0x000001e0       0x20 ../WebbotLibV2\libWebbot-ATmega640.a(errors.o)
 .debug_aranges
                0x00000200       0x20 ../WebbotLibV2\libWebbot-ATmega640.a(iopin_is_output.o)
 .debug_aranges
                0x00000220       0x20 ../WebbotLibV2\libWebbot-ATmega640.a(iopin_make_input.o)
 .debug_aranges
                0x00000240       0x20 ../WebbotLibV2\libWebbot-ATmega640.a(iopin_make_output.o)
 .debug_aranges
                0x00000260       0x20 ../WebbotLibV2\libWebbot-ATmega640.a(led.o)
 .debug_aranges
                0x00000280       0x20 ../WebbotLibV2\libWebbot-ATmega640.a(main.o)
 .debug_aranges
                0x000002a0       0x20 ../WebbotLibV2\libWebbot-ATmega640.a(marqueeSendByte.o)
 .debug_aranges
                0x000002c0       0x20 ../WebbotLibV2\libWebbot-ATmega640.a(segled.o)
 .debug_aranges
                0x000002e0       0x20 ../WebbotLibV2\libWebbot-ATmega640.a(segled8.o)
 .debug_aranges
                0x00000300       0x20 ../WebbotLibV2\libWebbot-ATmega640.a(compareFromIOPin.o)
 .debug_aranges
                0x00000320       0x20 ../WebbotLibV2\libWebbot-ATmega640.a(compareSetOutputMode.o)
 .debug_aranges
                0x00000340       0x20 ../WebbotLibV2\libWebbot-ATmega640.a(compareSetThreshold.o)
 .debug_aranges
                0x00000360       0x20 ../WebbotLibV2\libWebbot-ATmega640.a(_uart_common.o)
 .debug_aranges
                0x00000380       0x20 ../WebbotLibV2\libWebbot-ATmega640.a(uart.o)
 .debug_aranges
                0x000003a0       0x20 ../WebbotLibV2\libWebbot-ATmega640.a(uartCommonRx.o)
 .debug_aranges
                0x000003c0       0x20 ../WebbotLibV2\libWebbot-ATmega640.a(uartCommonRxNoBuf.o)
 .debug_aranges
                0x000003e0       0x20 ../WebbotLibV2\libWebbot-ATmega640.a(uartCommonTx.o)
 .debug_aranges
                0x00000400       0x20 ../WebbotLibV2\libWebbot-ATmega640.a(uartCommonTxNoBuf.o)
 .debug_aranges
                0x00000420       0x20 ../WebbotLibV2\libWebbot-ATmega640.a(uartPollByte.o)
 .debug_aranges
                0x00000440       0x20 ../WebbotLibV2\libWebbot-ATmega640.a(StreamChar.o)
 .debug_aranges
                0x00000460       0x20 ../WebbotLibV2\libWebbot-ATmega640.a(clockHasElapsed.o)
 .debug_aranges
                0x00000480       0x20 ../WebbotLibV2\libWebbot-ATmega640.a(clockHasElapsedGetOverflow.o)
 .debug_aranges
                0x000004a0       0x20 ../WebbotLibV2\libWebbot-ATmega640.a(breathe.o)
 .debug_aranges
                0x000004c0       0x20 ../WebbotLibV2\libWebbot-ATmega640.a(iopin.o)
 .debug_aranges
                0x000004e0       0x20 ../WebbotLibV2\libWebbot-ATmega640.a(iopin_set.o)
 .debug_aranges
                0x00000500       0x20 lib\libPost.a(opt_scheduler.o)

.debug_pubnames
                0x00000000      0xf72
 *(.debug_pubnames)
 .debug_pubnames
                0x00000000       0xb4 beta.o
 .debug_pubnames
                0x000000b4      0x10e protocol.o
 .debug_pubnames
                0x000001c2      0x17a smart_motor.o
 .debug_pubnames
                0x0000033c      0x14c lib/lib_hardware.o
 .debug_pubnames
                0x00000488       0xae lib/lib_timerdef.o
 .debug_pubnames
                0x00000536       0x6f lib/gen_clock.o
 .debug_pubnames
                0x000005a5      0x106 lib/lib_iopins.o
 .debug_pubnames
                0x000006ab      0x163 lib/lib_ctor.o
 .debug_pubnames
                0x0000080e       0x23 lib/lib_timers.o
 .debug_pubnames
                0x00000831       0x23 ../WebbotLibV2\libWebbot-ATmega640.a(servoPWM.o)
 .debug_pubnames
                0x00000854       0x25 ../WebbotLibV2\libWebbot-ATmega640.a(servosConfig.o)
 .debug_pubnames
                0x00000879       0x7e ../WebbotLibV2\libWebbot-ATmega640.a(StreamSigned.o)
 .debug_pubnames
                0x000008f7       0x24 ../WebbotLibV2\libWebbot-ATmega640.a(StreamString.o)
 .debug_pubnames
                0x0000091b       0x7e ../WebbotLibV2\libWebbot-ATmega640.a(StreamUnsigned.o)
 .debug_pubnames
                0x00000999       0x3c ../WebbotLibV2\libWebbot-ATmega640.a(actuators.o)
 .debug_pubnames
                0x000009d5       0x22 ../WebbotLibV2\libWebbot-ATmega640.a(core_interp.o)
 .debug_pubnames
                0x000009f7       0x23 ../WebbotLibV2\libWebbot-ATmega640.a(core_interpU.o)
 .debug_pubnames
                0x00000a1a       0x48 ../WebbotLibV2\libWebbot-ATmega640.a(errors.o)
 .debug_pubnames
                0x00000a62       0x24 ../WebbotLibV2\libWebbot-ATmega640.a(iopin_is_output.o)
 .debug_pubnames
                0x00000a86       0x25 ../WebbotLibV2\libWebbot-ATmega640.a(iopin_make_input.o)
 .debug_pubnames
                0x00000aab       0x26 ../WebbotLibV2\libWebbot-ATmega640.a(iopin_make_output.o)
 .debug_pubnames
                0x00000ad1       0x2c ../WebbotLibV2\libWebbot-ATmega640.a(led.o)
 .debug_pubnames
                0x00000afd       0x1b ../WebbotLibV2\libWebbot-ATmega640.a(main.o)
 .debug_pubnames
                0x00000b18       0x26 ../WebbotLibV2\libWebbot-ATmega640.a(marqueeSendByte.o)
 .debug_pubnames
                0x00000b3e       0x35 ../WebbotLibV2\libWebbot-ATmega640.a(segled.o)
 .debug_pubnames
                0x00000b73       0x27 ../WebbotLibV2\libWebbot-ATmega640.a(segled8.o)
 .debug_pubnames
                0x00000b9a       0x27 ../WebbotLibV2\libWebbot-ATmega640.a(compareFromIOPin.o)
 .debug_pubnames
                0x00000bc1       0x2b ../WebbotLibV2\libWebbot-ATmega640.a(compareSetOutputMode.o)
 .debug_pubnames
                0x00000bec       0x2a ../WebbotLibV2\libWebbot-ATmega640.a(compareSetThreshold.o)
 .debug_pubnames
                0x00000c16       0x35 ../WebbotLibV2\libWebbot-ATmega640.a(_uart_common.o)
 .debug_pubnames
                0x00000c4b       0x5f ../WebbotLibV2\libWebbot-ATmega640.a(uart.o)
 .debug_pubnames
                0x00000caa       0x3d ../WebbotLibV2\libWebbot-ATmega640.a(uartCommonRx.o)
 .debug_pubnames
                0x00000ce7       0x4a ../WebbotLibV2\libWebbot-ATmega640.a(uartCommonRxNoBuf.o)
 .debug_pubnames
                0x00000d31       0x9b ../WebbotLibV2\libWebbot-ATmega640.a(uartCommonTx.o)
 .debug_pubnames
                0x00000dcc       0x48 ../WebbotLibV2\libWebbot-ATmega640.a(uartCommonTxNoBuf.o)
 .debug_pubnames
                0x00000e14       0x3e ../WebbotLibV2\libWebbot-ATmega640.a(uartPollByte.o)
 .debug_pubnames
                0x00000e52       0x24 ../WebbotLibV2\libWebbot-ATmega640.a(StreamChar.o)
 .debug_pubnames
                0x00000e76       0x26 ../WebbotLibV2\libWebbot-ATmega640.a(clockHasElapsed.o)
 .debug_pubnames
                0x00000e9c       0x31 ../WebbotLibV2\libWebbot-ATmega640.a(clockHasElapsedGetOverflow.o)
 .debug_pubnames
                0x00000ecd       0x1e ../WebbotLibV2\libWebbot-ATmega640.a(breathe.o)
 .debug_pubnames
                0x00000eeb       0x2b ../WebbotLibV2\libWebbot-ATmega640.a(iopin.o)
 .debug_pubnames
                0x00000f16       0x1e ../WebbotLibV2\libWebbot-ATmega640.a(iopin_set.o)
 .debug_pubnames
                0x00000f34       0x3e lib\libPost.a(opt_scheduler.o)

.debug_info     0x00000000    0x14456
 *(.debug_info)
 .debug_info    0x00000000     0x1e5e beta.o
 .debug_info    0x00001e5e     0x17d4 protocol.o
 .debug_info    0x00003632     0x1d42 smart_motor.o
 .debug_info    0x00005374     0x1101 lib/lib_hardware.o
 .debug_info    0x00006475      0x804 lib/lib_timerdef.o
 .debug_info    0x00006c79      0x335 lib/gen_clock.o
 .debug_info    0x00006fae      0x3c3 lib/lib_iopins.o
 .debug_info    0x00007371     0x261b lib/lib_ctor.o
 .debug_info    0x0000998c      0x540 lib/lib_timers.o
 .debug_info    0x00009ecc      0xd6c ../WebbotLibV2\libWebbot-ATmega640.a(servoPWM.o)
 .debug_info    0x0000ac38      0xb58 ../WebbotLibV2\libWebbot-ATmega640.a(servosConfig.o)
 .debug_info    0x0000b790      0xa47 ../WebbotLibV2\libWebbot-ATmega640.a(StreamSigned.o)
 .debug_info    0x0000c1d7      0x90f ../WebbotLibV2\libWebbot-ATmega640.a(StreamString.o)
 .debug_info    0x0000cae6      0xa47 ../WebbotLibV2\libWebbot-ATmega640.a(StreamUnsigned.o)
 .debug_info    0x0000d52d      0x274 ../WebbotLibV2\libWebbot-ATmega640.a(actuators.o)
 .debug_info    0x0000d7a1      0x106 ../WebbotLibV2\libWebbot-ATmega640.a(core_interp.o)
 .debug_info    0x0000d8a7      0x11c ../WebbotLibV2\libWebbot-ATmega640.a(core_interpU.o)
 .debug_info    0x0000d9c3      0x43d ../WebbotLibV2\libWebbot-ATmega640.a(errors.o)
 .debug_info    0x0000de00      0x212 ../WebbotLibV2\libWebbot-ATmega640.a(iopin_is_output.o)
 .debug_info    0x0000e012      0x2d4 ../WebbotLibV2\libWebbot-ATmega640.a(iopin_make_input.o)
 .debug_info    0x0000e2e6      0x2d4 ../WebbotLibV2\libWebbot-ATmega640.a(iopin_make_output.o)
 .debug_info    0x0000e5ba      0x1de ../WebbotLibV2\libWebbot-ATmega640.a(led.o)
 .debug_info    0x0000e798       0xd7 ../WebbotLibV2\libWebbot-ATmega640.a(main.o)
 .debug_info    0x0000e86f      0x60d ../WebbotLibV2\libWebbot-ATmega640.a(marqueeSendByte.o)
 .debug_info    0x0000ee7c      0x346 ../WebbotLibV2\libWebbot-ATmega640.a(segled.o)
 .debug_info    0x0000f1c2      0x193 ../WebbotLibV2\libWebbot-ATmega640.a(segled8.o)
 .debug_info    0x0000f355      0x5c5 ../WebbotLibV2\libWebbot-ATmega640.a(compareFromIOPin.o)
 .debug_info    0x0000f91a      0x444 ../WebbotLibV2\libWebbot-ATmega640.a(compareSetOutputMode.o)
 .debug_info    0x0000fd5e      0x56b ../WebbotLibV2\libWebbot-ATmega640.a(compareSetThreshold.o)
 .debug_info    0x000102c9      0x64a ../WebbotLibV2\libWebbot-ATmega640.a(_uart_common.o)
 .debug_info    0x00010913      0x7c6 ../WebbotLibV2\libWebbot-ATmega640.a(uart.o)
 .debug_info    0x000110d9      0x51a ../WebbotLibV2\libWebbot-ATmega640.a(uartCommonRx.o)
 .debug_info    0x000115f3      0x5a3 ../WebbotLibV2\libWebbot-ATmega640.a(uartCommonRxNoBuf.o)
 .debug_info    0x00011b96      0x6fa ../WebbotLibV2\libWebbot-ATmega640.a(uartCommonTx.o)
 .debug_info    0x00012290      0x62e ../WebbotLibV2\libWebbot-ATmega640.a(uartCommonTxNoBuf.o)
 .debug_info    0x000128be      0x5a2 ../WebbotLibV2\libWebbot-ATmega640.a(uartPollByte.o)
 .debug_info    0x00012e60      0x900 ../WebbotLibV2\libWebbot-ATmega640.a(StreamChar.o)
 .debug_info    0x00013760       0xce ../WebbotLibV2\libWebbot-ATmega640.a(clockHasElapsed.o)
 .debug_info    0x0001382e      0x147 ../WebbotLibV2\libWebbot-ATmega640.a(clockHasElapsedGetOverflow.o)
 .debug_info    0x00013975      0x102 ../WebbotLibV2\libWebbot-ATmega640.a(breathe.o)
 .debug_info    0x00013a77      0x400 ../WebbotLibV2\libWebbot-ATmega640.a(iopin.o)
 .debug_info    0x00013e77      0x179 ../WebbotLibV2\libWebbot-ATmega640.a(iopin_set.o)
 .debug_info    0x00013ff0      0x466 lib\libPost.a(opt_scheduler.o)
 *(.gnu.linkonce.wi.*)

.debug_abbrev   0x00000000     0x4ce3
 *(.debug_abbrev)
 .debug_abbrev  0x00000000      0x49f beta.o
 .debug_abbrev  0x0000049f      0x457 protocol.o
 .debug_abbrev  0x000008f6      0x43d smart_motor.o
 .debug_abbrev  0x00000d33      0x285 lib/lib_hardware.o
 .debug_abbrev  0x00000fb8      0x107 lib/lib_timerdef.o
 .debug_abbrev  0x000010bf      0x1a8 lib/gen_clock.o
 .debug_abbrev  0x00001267       0xc8 lib/lib_iopins.o
 .debug_abbrev  0x0000132f      0x579 lib/lib_ctor.o
 .debug_abbrev  0x000018a8      0x177 lib/lib_timers.o
 .debug_abbrev  0x00001a1f      0x272 ../WebbotLibV2\libWebbot-ATmega640.a(servoPWM.o)
 .debug_abbrev  0x00001c91      0x23d ../WebbotLibV2\libWebbot-ATmega640.a(servosConfig.o)
 .debug_abbrev  0x00001ece      0x24b ../WebbotLibV2\libWebbot-ATmega640.a(StreamSigned.o)
 .debug_abbrev  0x00002119      0x233 ../WebbotLibV2\libWebbot-ATmega640.a(StreamString.o)
 .debug_abbrev  0x0000234c      0x24b ../WebbotLibV2\libWebbot-ATmega640.a(StreamUnsigned.o)
 .debug_abbrev  0x00002597      0x10b ../WebbotLibV2\libWebbot-ATmega640.a(actuators.o)
 .debug_abbrev  0x000026a2       0x73 ../WebbotLibV2\libWebbot-ATmega640.a(core_interp.o)
 .debug_abbrev  0x00002715       0x73 ../WebbotLibV2\libWebbot-ATmega640.a(core_interpU.o)
 .debug_abbrev  0x00002788      0x1e1 ../WebbotLibV2\libWebbot-ATmega640.a(errors.o)
 .debug_abbrev  0x00002969      0x109 ../WebbotLibV2\libWebbot-ATmega640.a(iopin_is_output.o)
 .debug_abbrev  0x00002a72      0x16a ../WebbotLibV2\libWebbot-ATmega640.a(iopin_make_input.o)
 .debug_abbrev  0x00002bdc      0x16a ../WebbotLibV2\libWebbot-ATmega640.a(iopin_make_output.o)
 .debug_abbrev  0x00002d46      0x110 ../WebbotLibV2\libWebbot-ATmega640.a(led.o)
 .debug_abbrev  0x00002e56       0x66 ../WebbotLibV2\libWebbot-ATmega640.a(main.o)
 .debug_abbrev  0x00002ebc      0x23e ../WebbotLibV2\libWebbot-ATmega640.a(marqueeSendByte.o)
 .debug_abbrev  0x000030fa      0x1cc ../WebbotLibV2\libWebbot-ATmega640.a(segled.o)
 .debug_abbrev  0x000032c6       0xc0 ../WebbotLibV2\libWebbot-ATmega640.a(segled8.o)
 .debug_abbrev  0x00003386      0x1e8 ../WebbotLibV2\libWebbot-ATmega640.a(compareFromIOPin.o)
 .debug_abbrev  0x0000356e      0x14e ../WebbotLibV2\libWebbot-ATmega640.a(compareSetOutputMode.o)
 .debug_abbrev  0x000036bc      0x178 ../WebbotLibV2\libWebbot-ATmega640.a(compareSetThreshold.o)
 .debug_abbrev  0x00003834      0x200 ../WebbotLibV2\libWebbot-ATmega640.a(_uart_common.o)
 .debug_abbrev  0x00003a34      0x233 ../WebbotLibV2\libWebbot-ATmega640.a(uart.o)
 .debug_abbrev  0x00003c67      0x176 ../WebbotLibV2\libWebbot-ATmega640.a(uartCommonRx.o)
 .debug_abbrev  0x00003ddd      0x1f7 ../WebbotLibV2\libWebbot-ATmega640.a(uartCommonRxNoBuf.o)
 .debug_abbrev  0x00003fd4      0x1d8 ../WebbotLibV2\libWebbot-ATmega640.a(uartCommonTx.o)
 .debug_abbrev  0x000041ac      0x1c4 ../WebbotLibV2\libWebbot-ATmega640.a(uartCommonTxNoBuf.o)
 .debug_abbrev  0x00004370      0x16f ../WebbotLibV2\libWebbot-ATmega640.a(uartPollByte.o)
 .debug_abbrev  0x000044df      0x224 ../WebbotLibV2\libWebbot-ATmega640.a(StreamChar.o)
 .debug_abbrev  0x00004703       0x66 ../WebbotLibV2\libWebbot-ATmega640.a(clockHasElapsed.o)
 .debug_abbrev  0x00004769       0xb0 ../WebbotLibV2\libWebbot-ATmega640.a(clockHasElapsedGetOverflow.o)
 .debug_abbrev  0x00004819       0xde ../WebbotLibV2\libWebbot-ATmega640.a(breathe.o)
 .debug_abbrev  0x000048f7      0x163 ../WebbotLibV2\libWebbot-ATmega640.a(iopin.o)
 .debug_abbrev  0x00004a5a       0xbb ../WebbotLibV2\libWebbot-ATmega640.a(iopin_set.o)
 .debug_abbrev  0x00004b15      0x1ce lib\libPost.a(opt_scheduler.o)

.debug_line     0x00000000     0x4971
 *(.debug_line)
 .debug_line    0x00000000      0x38a beta.o
 .debug_line    0x0000038a      0x53c protocol.o
 .debug_line    0x000008c6      0x460 smart_motor.o
 .debug_line    0x00000d26      0x294 lib/lib_hardware.o
 .debug_line    0x00000fba       0xce lib/lib_timerdef.o
 .debug_line    0x00001088      0x218 lib/gen_clock.o
 .debug_line    0x000012a0       0xbc lib/lib_iopins.o
 .debug_line    0x0000135c      0x47c lib/lib_ctor.o
 .debug_line    0x000017d8      0x154 lib/lib_timers.o
 .debug_line    0x0000192c      0x221 ../WebbotLibV2\libWebbot-ATmega640.a(servoPWM.o)
 .debug_line    0x00001b4d      0x1e7 ../WebbotLibV2\libWebbot-ATmega640.a(servosConfig.o)
 .debug_line    0x00001d34      0x1d0 ../WebbotLibV2\libWebbot-ATmega640.a(StreamSigned.o)
 .debug_line    0x00001f04      0x154 ../WebbotLibV2\libWebbot-ATmega640.a(StreamString.o)
 .debug_line    0x00002058      0x1d2 ../WebbotLibV2\libWebbot-ATmega640.a(StreamUnsigned.o)
 .debug_line    0x0000222a      0x13f ../WebbotLibV2\libWebbot-ATmega640.a(actuators.o)
 .debug_line    0x00002369       0xa5 ../WebbotLibV2\libWebbot-ATmega640.a(core_interp.o)
 .debug_line    0x0000240e       0xa6 ../WebbotLibV2\libWebbot-ATmega640.a(core_interpU.o)
 .debug_line    0x000024b4      0x15e ../WebbotLibV2\libWebbot-ATmega640.a(errors.o)
 .debug_line    0x00002612       0xe3 ../WebbotLibV2\libWebbot-ATmega640.a(iopin_is_output.o)
 .debug_line    0x000026f5      0x12a ../WebbotLibV2\libWebbot-ATmega640.a(iopin_make_input.o)
 .debug_line    0x0000281f      0x12b ../WebbotLibV2\libWebbot-ATmega640.a(iopin_make_output.o)
 .debug_line    0x0000294a       0xef ../WebbotLibV2\libWebbot-ATmega640.a(led.o)
 .debug_line    0x00002a39      0x10e ../WebbotLibV2\libWebbot-ATmega640.a(main.o)
 .debug_line    0x00002b47      0x349 ../WebbotLibV2\libWebbot-ATmega640.a(marqueeSendByte.o)
 .debug_line    0x00002e90      0x187 ../WebbotLibV2\libWebbot-ATmega640.a(segled.o)
 .debug_line    0x00003017       0xf3 ../WebbotLibV2\libWebbot-ATmega640.a(segled8.o)
 .debug_line    0x0000310a      0x137 ../WebbotLibV2\libWebbot-ATmega640.a(compareFromIOPin.o)
 .debug_line    0x00003241       0xfe ../WebbotLibV2\libWebbot-ATmega640.a(compareSetOutputMode.o)
 .debug_line    0x0000333f      0x133 ../WebbotLibV2\libWebbot-ATmega640.a(compareSetThreshold.o)
 .debug_line    0x00003472      0x1af ../WebbotLibV2\libWebbot-ATmega640.a(_uart_common.o)
 .debug_line    0x00003621      0x241 ../WebbotLibV2\libWebbot-ATmega640.a(uart.o)
 .debug_line    0x00003862      0x142 ../WebbotLibV2\libWebbot-ATmega640.a(uartCommonRx.o)
 .debug_line    0x000039a4      0x18f ../WebbotLibV2\libWebbot-ATmega640.a(uartCommonRxNoBuf.o)
 .debug_line    0x00003b33      0x202 ../WebbotLibV2\libWebbot-ATmega640.a(uartCommonTx.o)
 .debug_line    0x00003d35      0x1ad ../WebbotLibV2\libWebbot-ATmega640.a(uartCommonTxNoBuf.o)
 .debug_line    0x00003ee2      0x14b ../WebbotLibV2\libWebbot-ATmega640.a(uartPollByte.o)
 .debug_line    0x0000402d      0x15a ../WebbotLibV2\libWebbot-ATmega640.a(StreamChar.o)
 .debug_line    0x00004187       0xc3 ../WebbotLibV2\libWebbot-ATmega640.a(clockHasElapsed.o)
 .debug_line    0x0000424a       0xfe ../WebbotLibV2\libWebbot-ATmega640.a(clockHasElapsedGetOverflow.o)
 .debug_line    0x00004348      0x10f ../WebbotLibV2\libWebbot-ATmega640.a(breathe.o)
 .debug_line    0x00004457      0x19d ../WebbotLibV2\libWebbot-ATmega640.a(iopin.o)
 .debug_line    0x000045f4       0xc5 ../WebbotLibV2\libWebbot-ATmega640.a(iopin_set.o)
 .debug_line    0x000046b9      0x2b8 lib\libPost.a(opt_scheduler.o)

.debug_frame    0x00000000      0xae0
 *(.debug_frame)
 .debug_frame   0x00000000       0xb0 beta.o
 .debug_frame   0x000000b0       0xd0 protocol.o
 .debug_frame   0x00000180       0xf0 smart_motor.o
 .debug_frame   0x00000270       0x90 lib/lib_hardware.o
 .debug_frame   0x00000300       0x60 lib/gen_clock.o
 .debug_frame   0x00000360       0xf0 lib/lib_ctor.o
 .debug_frame   0x00000450       0x20 lib/lib_timers.o
 .debug_frame   0x00000470       0x40 ../WebbotLibV2\libWebbot-ATmega640.a(servoPWM.o)
 .debug_frame   0x000004b0       0x20 ../WebbotLibV2\libWebbot-ATmega640.a(servosConfig.o)
 .debug_frame   0x000004d0       0x70 ../WebbotLibV2\libWebbot-ATmega640.a(StreamSigned.o)
 .debug_frame   0x00000540       0x20 ../WebbotLibV2\libWebbot-ATmega640.a(StreamString.o)
 .debug_frame   0x00000560       0x70 ../WebbotLibV2\libWebbot-ATmega640.a(StreamUnsigned.o)
 .debug_frame   0x000005d0       0x30 ../WebbotLibV2\libWebbot-ATmega640.a(actuators.o)
 .debug_frame   0x00000600       0x20 ../WebbotLibV2\libWebbot-ATmega640.a(core_interp.o)
 .debug_frame   0x00000620       0x20 ../WebbotLibV2\libWebbot-ATmega640.a(core_interpU.o)
 .debug_frame   0x00000640       0x40 ../WebbotLibV2\libWebbot-ATmega640.a(errors.o)
 .debug_frame   0x00000680       0x20 ../WebbotLibV2\libWebbot-ATmega640.a(iopin_is_output.o)
 .debug_frame   0x000006a0       0x20 ../WebbotLibV2\libWebbot-ATmega640.a(iopin_make_input.o)
 .debug_frame   0x000006c0       0x20 ../WebbotLibV2\libWebbot-ATmega640.a(iopin_make_output.o)
 .debug_frame   0x000006e0       0x20 ../WebbotLibV2\libWebbot-ATmega640.a(led.o)
 .debug_frame   0x00000700       0x20 ../WebbotLibV2\libWebbot-ATmega640.a(main.o)
 .debug_frame   0x00000720       0x30 ../WebbotLibV2\libWebbot-ATmega640.a(marqueeSendByte.o)
 .debug_frame   0x00000750       0x30 ../WebbotLibV2\libWebbot-ATmega640.a(segled.o)
 .debug_frame   0x00000780       0x20 ../WebbotLibV2\libWebbot-ATmega640.a(segled8.o)
 .debug_frame   0x000007a0       0x20 ../WebbotLibV2\libWebbot-ATmega640.a(compareFromIOPin.o)
 .debug_frame   0x000007c0       0x20 ../WebbotLibV2\libWebbot-ATmega640.a(compareSetOutputMode.o)
 .debug_frame   0x000007e0       0x20 ../WebbotLibV2\libWebbot-ATmega640.a(compareSetThreshold.o)
 .debug_frame   0x00000800       0x30 ../WebbotLibV2\libWebbot-ATmega640.a(_uart_common.o)
 .debug_frame   0x00000830       0x70 ../WebbotLibV2\libWebbot-ATmega640.a(uart.o)
 .debug_frame   0x000008a0       0x30 ../WebbotLibV2\libWebbot-ATmega640.a(uartCommonRx.o)
 .debug_frame   0x000008d0       0x30 ../WebbotLibV2\libWebbot-ATmega640.a(uartCommonRxNoBuf.o)
 .debug_frame   0x00000900       0x70 ../WebbotLibV2\libWebbot-ATmega640.a(uartCommonTx.o)
 .debug_frame   0x00000970       0x30 ../WebbotLibV2\libWebbot-ATmega640.a(uartCommonTxNoBuf.o)
 .debug_frame   0x000009a0       0x30 ../WebbotLibV2\libWebbot-ATmega640.a(uartPollByte.o)
 .debug_frame   0x000009d0       0x20 ../WebbotLibV2\libWebbot-ATmega640.a(StreamChar.o)
 .debug_frame   0x000009f0       0x20 ../WebbotLibV2\libWebbot-ATmega640.a(clockHasElapsed.o)
 .debug_frame   0x00000a10       0x20 ../WebbotLibV2\libWebbot-ATmega640.a(clockHasElapsedGetOverflow.o)
 .debug_frame   0x00000a30       0x20 ../WebbotLibV2\libWebbot-ATmega640.a(breathe.o)
 .debug_frame   0x00000a50       0x30 ../WebbotLibV2\libWebbot-ATmega640.a(iopin.o)
 .debug_frame   0x00000a80       0x20 ../WebbotLibV2\libWebbot-ATmega640.a(iopin_set.o)
 .debug_frame   0x00000aa0       0x40 lib\libPost.a(opt_scheduler.o)

.debug_str      0x00000000     0x2512
 *(.debug_str)
 .debug_str     0x00000000     0x1100 beta.o
                               0x1252 (size before relaxing)
 .debug_str     0x00001100        0xd protocol.o
                                0xc5d (size before relaxing)
 .debug_str     0x0000110d       0x1a smart_motor.o
                                0xff6 (size before relaxing)
 .debug_str     0x00001127      0x21d lib/lib_hardware.o
                                0x841 (size before relaxing)
 .debug_str     0x00001344      0x49b lib/lib_timerdef.o
                                0x6e9 (size before relaxing)
 .debug_str     0x000017df       0xfd lib/gen_clock.o
                                0x1e1 (size before relaxing)
 .debug_str     0x000018dc       0x42 lib/lib_iopins.o
                                0x10e (size before relaxing)
 .debug_str     0x0000191e      0x2a9 lib/lib_ctor.o
                               0x11b9 (size before relaxing)
 .debug_str     0x00001bc7       0x3d lib/lib_timers.o
                                0x49b (size before relaxing)
 .debug_str     0x00001c04       0xd7 ../WebbotLibV2\libWebbot-ATmega640.a(servoPWM.o)
                                0x6bf (size before relaxing)
 .debug_str     0x00001cdb       0x3d ../WebbotLibV2\libWebbot-ATmega640.a(servosConfig.o)
                                0x573 (size before relaxing)
 .debug_str     0x00001d18       0x1d ../WebbotLibV2\libWebbot-ATmega640.a(StreamSigned.o)
                                0x586 (size before relaxing)
 .debug_str     0x00001d35       0x18 ../WebbotLibV2\libWebbot-ATmega640.a(StreamString.o)
                                0x581 (size before relaxing)
 .debug_str     0x00001d4d       0x1a ../WebbotLibV2\libWebbot-ATmega640.a(StreamUnsigned.o)
                                0x588 (size before relaxing)
 .debug_str     0x00001d67       0x38 ../WebbotLibV2\libWebbot-ATmega640.a(actuators.o)
                                0x1a0 (size before relaxing)
 .debug_str     0x00001d9f       0x57 ../WebbotLibV2\libWebbot-ATmega640.a(core_interp.o)
                                0x10c (size before relaxing)
 .debug_str     0x00001df6       0x21 ../WebbotLibV2\libWebbot-ATmega640.a(core_interpU.o)
                                0x120 (size before relaxing)
 .debug_str     0x00001e17       0x3a ../WebbotLibV2\libWebbot-ATmega640.a(errors.o)
                                0x1bd (size before relaxing)
 .debug_str     0x00001e51       0x2e ../WebbotLibV2\libWebbot-ATmega640.a(iopin_is_output.o)
                                0x12c (size before relaxing)
 .debug_str     0x00001e7f       0x2f ../WebbotLibV2\libWebbot-ATmega640.a(iopin_make_input.o)
                                0x15e (size before relaxing)
 .debug_str     0x00001eae       0x2a ../WebbotLibV2\libWebbot-ATmega640.a(iopin_make_output.o)
                                0x159 (size before relaxing)
 .debug_str     0x00001ed8        0xa ../WebbotLibV2\libWebbot-ATmega640.a(led.o)
                                0x126 (size before relaxing)
 .debug_str     0x00001ee2        0xc ../WebbotLibV2\libWebbot-ATmega640.a(main.o)
                                 0xe4 (size before relaxing)
 .debug_str     0x00001eee       0x79 ../WebbotLibV2\libWebbot-ATmega640.a(marqueeSendByte.o)
                                0x270 (size before relaxing)
 .debug_str     0x00001f67       0x93 ../WebbotLibV2\libWebbot-ATmega640.a(segled.o)
                                0x1b9 (size before relaxing)
 .debug_str     0x00001ffa       0x2e ../WebbotLibV2\libWebbot-ATmega640.a(segled8.o)
                                 0xf5 (size before relaxing)
 .debug_str     0x00002028       0x77 ../WebbotLibV2\libWebbot-ATmega640.a(compareFromIOPin.o)
                                0x308 (size before relaxing)
 .debug_str     0x0000209f       0x3f ../WebbotLibV2\libWebbot-ATmega640.a(compareSetOutputMode.o)
                                0x311 (size before relaxing)
 .debug_str     0x000020de       0x45 ../WebbotLibV2\libWebbot-ATmega640.a(compareSetThreshold.o)
                                0x303 (size before relaxing)
 .debug_str     0x00002123       0x43 ../WebbotLibV2\libWebbot-ATmega640.a(_uart_common.o)
                                0x2db (size before relaxing)
 .debug_str     0x00002166       0x8c ../WebbotLibV2\libWebbot-ATmega640.a(uart.o)
                                0x382 (size before relaxing)
 .debug_str     0x000021f2       0x37 ../WebbotLibV2\libWebbot-ATmega640.a(uartCommonRx.o)
                                0x283 (size before relaxing)
 .debug_str     0x00002229       0x49 ../WebbotLibV2\libWebbot-ATmega640.a(uartCommonRxNoBuf.o)
                                0x2c4 (size before relaxing)
 .debug_str     0x00002272       0x85 ../WebbotLibV2\libWebbot-ATmega640.a(uartCommonTx.o)
                                0x306 (size before relaxing)
 .debug_str     0x000022f7       0x47 ../WebbotLibV2\libWebbot-ATmega640.a(uartCommonTxNoBuf.o)
                                0x2ee (size before relaxing)
 .debug_str     0x0000233e       0x38 ../WebbotLibV2\libWebbot-ATmega640.a(uartPollByte.o)
                                0x2d4 (size before relaxing)
 .debug_str     0x00002376       0x16 ../WebbotLibV2\libWebbot-ATmega640.a(StreamChar.o)
                                0x57f (size before relaxing)
 .debug_str     0x0000238c       0x37 ../WebbotLibV2\libWebbot-ATmega640.a(clockHasElapsed.o)
                                 0xf9 (size before relaxing)
 .debug_str     0x000023c3       0x46 ../WebbotLibV2\libWebbot-ATmega640.a(clockHasElapsedGetOverflow.o)
                                0x120 (size before relaxing)
 .debug_str     0x00002409       0x24 ../WebbotLibV2\libWebbot-ATmega640.a(breathe.o)
                                 0xe7 (size before relaxing)
 .debug_str     0x0000242d       0x1f ../WebbotLibV2\libWebbot-ATmega640.a(iopin.o)
                                0x13f (size before relaxing)
 .debug_str     0x0000244c       0x1a ../WebbotLibV2\libWebbot-ATmega640.a(iopin_set.o)
                                0x101 (size before relaxing)
 .debug_str     0x00002466       0xac lib\libPost.a(opt_scheduler.o)
                                0x1e0 (size before relaxing)

.debug_loc      0x00000000     0x25e8
 *(.debug_loc)
 .debug_loc     0x00000000       0x3c lib/lib_hardware.o
 .debug_loc     0x0000003c       0xb4 lib/gen_clock.o
 .debug_loc     0x000000f0      0x1ed lib/lib_ctor.o
 .debug_loc     0x000002dd       0x68 lib/lib_timers.o
 .debug_loc     0x00000345      0x18c ../WebbotLibV2\libWebbot-ATmega640.a(servoPWM.o)
 .debug_loc     0x000004d1      0x17e ../WebbotLibV2\libWebbot-ATmega640.a(servosConfig.o)
 .debug_loc     0x0000064f      0x1ac ../WebbotLibV2\libWebbot-ATmega640.a(StreamSigned.o)
 .debug_loc     0x000007fb       0x7e ../WebbotLibV2\libWebbot-ATmega640.a(StreamString.o)
 .debug_loc     0x00000879      0x209 ../WebbotLibV2\libWebbot-ATmega640.a(StreamUnsigned.o)
 .debug_loc     0x00000a82      0x1bd ../WebbotLibV2\libWebbot-ATmega640.a(actuators.o)
 .debug_loc     0x00000c3f       0xc8 ../WebbotLibV2\libWebbot-ATmega640.a(core_interp.o)
 .debug_loc     0x00000d07       0xee ../WebbotLibV2\libWebbot-ATmega640.a(core_interpU.o)
 .debug_loc     0x00000df5       0x58 ../WebbotLibV2\libWebbot-ATmega640.a(iopin_is_output.o)
 .debug_loc     0x00000e4d       0x98 ../WebbotLibV2\libWebbot-ATmega640.a(iopin_make_input.o)
 .debug_loc     0x00000ee5       0xa8 ../WebbotLibV2\libWebbot-ATmega640.a(iopin_make_output.o)
 .debug_loc     0x00000f8d       0x67 ../WebbotLibV2\libWebbot-ATmega640.a(led.o)
 .debug_loc     0x00000ff4      0x3ae ../WebbotLibV2\libWebbot-ATmega640.a(marqueeSendByte.o)
 .debug_loc     0x000013a2      0x10b ../WebbotLibV2\libWebbot-ATmega640.a(segled.o)
 .debug_loc     0x000014ad       0xea ../WebbotLibV2\libWebbot-ATmega640.a(segled8.o)
 .debug_loc     0x00001597       0xd1 ../WebbotLibV2\libWebbot-ATmega640.a(compareFromIOPin.o)
 .debug_loc     0x00001668       0x76 ../WebbotLibV2\libWebbot-ATmega640.a(compareSetOutputMode.o)
 .debug_loc     0x000016de      0x172 ../WebbotLibV2\libWebbot-ATmega640.a(compareSetThreshold.o)
 .debug_loc     0x00001850      0x115 ../WebbotLibV2\libWebbot-ATmega640.a(_uart_common.o)
 .debug_loc     0x00001965      0x1b4 ../WebbotLibV2\libWebbot-ATmega640.a(uart.o)
 .debug_loc     0x00001b19       0x79 ../WebbotLibV2\libWebbot-ATmega640.a(uartCommonRx.o)
 .debug_loc     0x00001b92       0x73 ../WebbotLibV2\libWebbot-ATmega640.a(uartCommonRxNoBuf.o)
 .debug_loc     0x00001c05      0x261 ../WebbotLibV2\libWebbot-ATmega640.a(uartCommonTx.o)
 .debug_loc     0x00001e66       0x8c ../WebbotLibV2\libWebbot-ATmega640.a(uartCommonTxNoBuf.o)
 .debug_loc     0x00001ef2       0x78 ../WebbotLibV2\libWebbot-ATmega640.a(uartPollByte.o)
 .debug_loc     0x00001f6a       0x46 ../WebbotLibV2\libWebbot-ATmega640.a(StreamChar.o)
 .debug_loc     0x00001fb0       0x3c ../WebbotLibV2\libWebbot-ATmega640.a(clockHasElapsed.o)
 .debug_loc     0x00001fec      0x10e ../WebbotLibV2\libWebbot-ATmega640.a(clockHasElapsedGetOverflow.o)
 .debug_loc     0x000020fa      0x228 ../WebbotLibV2\libWebbot-ATmega640.a(iopin.o)
 .debug_loc     0x00002322       0x46 ../WebbotLibV2\libWebbot-ATmega640.a(iopin_set.o)
 .debug_loc     0x00002368      0x280 lib\libPost.a(opt_scheduler.o)

.debug_macinfo
 *(.debug_macinfo)
OUTPUT(beta.elf elf32-avr)
LOAD linker stubs

.debug_ranges   0x00000000       0x98
 .debug_ranges  0x00000000       0x18 ../WebbotLibV2\libWebbot-ATmega640.a(servoPWM.o)
 .debug_ranges  0x00000018       0x18 ../WebbotLibV2\libWebbot-ATmega640.a(segled.o)
 .debug_ranges  0x00000030       0x68 ../WebbotLibV2\libWebbot-ATmega640.a(compareFromIOPin.o)
