Archive member included because of file (symbol)

c:/winavr-20100110/bin/../lib/gcc/avr/4.3.3/../../../../avr/lib/avr5\libprintf_flt.a(vfprintf_flt.o)
                              (vfprintf)
../../Users/jerome/Documents/2/2.08\libWebbot-ATmega640.a(servoPWM.o)
                              lib/lib_hardware.o (servoPWMInit)
../../Users/jerome/Documents/2/2.08\libWebbot-ATmega640.a(servosConfig.o)
                              ../../Users/jerome/Documents/2/2.08\libWebbot-ATmega640.a(servoPWM.o) (servoSetConfig)
../../Users/jerome/Documents/2/2.08\libWebbot-ATmega640.a(actuators.o)
                              ../../Users/jerome/Documents/2/2.08\libWebbot-ATmega640.a(servoPWM.o) (__act_setSpeed)
../../Users/jerome/Documents/2/2.08\libWebbot-ATmega640.a(core_interpU.o)
                              ../../Users/jerome/Documents/2/2.08\libWebbot-ATmega640.a(servoPWM.o) (interpolateU)
../../Users/jerome/Documents/2/2.08\libWebbot-ATmega640.a(errors.o)
                              lib/gen_clock.o (__error)
../../Users/jerome/Documents/2/2.08\libWebbot-ATmega640.a(iopin_is_output.o)
                              lib/lib_ctor.o (pin_is_output)
../../Users/jerome/Documents/2/2.08\libWebbot-ATmega640.a(iopin_make_input.o)
                              lib/lib_hardware.o (pin_make_input)
../../Users/jerome/Documents/2/2.08\libWebbot-ATmega640.a(iopin_make_output.o)
                              ../../Users/jerome/Documents/2/2.08\libWebbot-ATmega640.a(servoPWM.o) (pin_make_output)
../../Users/jerome/Documents/2/2.08\libWebbot-ATmega640.a(led.o)
                              lib/lib_hardware.o (LED_set)
../../Users/jerome/Documents/2/2.08\libWebbot-ATmega640.a(main.o)
                              c:/winavr-20100110/bin/../lib/gcc/avr/4.3.3/../../../../avr/lib/avr5/crtm640.o (main)
../../Users/jerome/Documents/2/2.08\libWebbot-ATmega640.a(rprintf.o)
                              lib/lib_hardware.o (rprintfInit)
../../Users/jerome/Documents/2/2.08\libWebbot-ATmega640.a(marqueeSendByte.o)
                              lib/lib_hardware.o (marqueeSendByte)
../../Users/jerome/Documents/2/2.08\libWebbot-ATmega640.a(segled.o)
                              lib/lib_hardware.o (segled_put_char)
../../Users/jerome/Documents/2/2.08\libWebbot-ATmega640.a(segled8.o)
                              ../../Users/jerome/Documents/2/2.08\libWebbot-ATmega640.a(segled.o) (segled8_get_mask)
../../Users/jerome/Documents/2/2.08\libWebbot-ATmega640.a(compareFromIOPin.o)
                              ../../Users/jerome/Documents/2/2.08\libWebbot-ATmega640.a(servoPWM.o) (compareFromIOPin)
../../Users/jerome/Documents/2/2.08\libWebbot-ATmega640.a(compareSetOutputMode.o)
                              ../../Users/jerome/Documents/2/2.08\libWebbot-ATmega640.a(servoPWM.o) (compareSetOutputMode)
../../Users/jerome/Documents/2/2.08\libWebbot-ATmega640.a(compareSetThreshold.o)
                              ../../Users/jerome/Documents/2/2.08\libWebbot-ATmega640.a(servoPWM.o) (compareSetThreshold)
../../Users/jerome/Documents/2/2.08\libWebbot-ATmega640.a(_uart_common.o)
                              lib/lib_hardware.o (_uartInit)
../../Users/jerome/Documents/2/2.08\libWebbot-ATmega640.a(uart.o)
                              lib/lib_hardware.o (c_hw_uart)
../../Users/jerome/Documents/2/2.08\libWebbot-ATmega640.a(uartCommonRx.o)
                              lib/lib_hardware.o (__uartReceiveService)
../../Users/jerome/Documents/2/2.08\libWebbot-ATmega640.a(uartCommonRxNoBuf.o)
                              lib/lib_hardware.o (__uartGetByteUnbuffered)
../../Users/jerome/Documents/2/2.08\libWebbot-ATmega640.a(uartCommonTx.o)
                              lib/lib_hardware.o (_uartSendByte)
../../Users/jerome/Documents/2/2.08\libWebbot-ATmega640.a(uartCommonTxNoBuf.o)
                              lib/lib_hardware.o (__uartSendNextUnbuffered)
../../Users/jerome/Documents/2/2.08\libWebbot-ATmega640.a(uartPollByte.o)
                              lib/lib_ctor.o (uartPollByte)
../../Users/jerome/Documents/2/2.08\libWebbot-ATmega640.a(uartReceiveBufferIsEmpty.o)
                              protocol.o (__uartReceiveBufferIsEmpty)
../../Users/jerome/Documents/2/2.08\libWebbot-ATmega640.a(clockHasElapsed.o)
                              ../../Users/jerome/Documents/2/2.08\libWebbot-ATmega640.a(main.o) (clockHasElapsed)
../../Users/jerome/Documents/2/2.08\libWebbot-ATmega640.a(clockHasElapsedGetOverflow.o)
                              ../../Users/jerome/Documents/2/2.08\libWebbot-ATmega640.a(clockHasElapsed.o) (clockHasElapsedGetOverflow)
../../Users/jerome/Documents/2/2.08\libWebbot-ATmega640.a(breathe.o)
                              ../../Users/jerome/Documents/2/2.08\libWebbot-ATmega640.a(main.o) (breathe)
../../Users/jerome/Documents/2/2.08\libWebbot-ATmega640.a(iopin.o)
                              ../../Users/jerome/Documents/2/2.08\libWebbot-ATmega640.a(segled.o) (pin_low)
../../Users/jerome/Documents/2/2.08\libWebbot-ATmega640.a(iopin_set.o)
                              ../../Users/jerome/Documents/2/2.08\libWebbot-ATmega640.a(led.o) (pin_set)
lib\libPost.a(opt_scheduler.o)
                              ../../Users/jerome/Documents/2/2.08\libWebbot-ATmega640.a(marqueeSendByte.o) (scheduleJob)
c:/winavr-20100110/bin/../lib/gcc/avr/4.3.3/../../../../avr/lib/avr5\libc.a(malloc.o)
                              ../../Users/jerome/Documents/2/2.08\libWebbot-ATmega640.a(marqueeSendByte.o) (malloc)
c:/winavr-20100110/bin/../lib/gcc/avr/4.3.3/../../../../avr/lib/avr5\libc.a(exit.o)
                              c:/winavr-20100110/bin/../lib/gcc/avr/4.3.3/../../../../avr/lib/avr5/crtm640.o (exit)
c:/winavr-20100110/bin/../lib/gcc/avr/4.3.3/../../../../avr/lib/avr5\libc.a(ftoa_engine.o)
                              c:/winavr-20100110/bin/../lib/gcc/avr/4.3.3/../../../../avr/lib/avr5\libprintf_flt.a(vfprintf_flt.o) (__ftoa_engine)
c:/winavr-20100110/bin/../lib/gcc/avr/4.3.3/../../../../avr/lib/avr5\libc.a(strnlen_P.o)
                              c:/winavr-20100110/bin/../lib/gcc/avr/4.3.3/../../../../avr/lib/avr5\libprintf_flt.a(vfprintf_flt.o) (strnlen_P)
c:/winavr-20100110/bin/../lib/gcc/avr/4.3.3/../../../../avr/lib/avr5\libc.a(memset.o)
                              protocol.o (memset)
c:/winavr-20100110/bin/../lib/gcc/avr/4.3.3/../../../../avr/lib/avr5\libc.a(strnlen.o)
                              c:/winavr-20100110/bin/../lib/gcc/avr/4.3.3/../../../../avr/lib/avr5\libprintf_flt.a(vfprintf_flt.o) (strnlen)
c:/winavr-20100110/bin/../lib/gcc/avr/4.3.3/../../../../avr/lib/avr5\libc.a(fprintf_p.o)
                              ../../Users/jerome/Documents/2/2.08\libWebbot-ATmega640.a(errors.o) (fprintf_P)
c:/winavr-20100110/bin/../lib/gcc/avr/4.3.3/../../../../avr/lib/avr5\libc.a(fputc.o)
                              c:/winavr-20100110/bin/../lib/gcc/avr/4.3.3/../../../../avr/lib/avr5\libprintf_flt.a(vfprintf_flt.o) (fputc)
c:/winavr-20100110/bin/../lib/gcc/avr/4.3.3/../../../../avr/lib/avr5\libc.a(iob.o)
                              lib/lib_ctor.o (__iob)
c:/winavr-20100110/bin/../lib/gcc/avr/4.3.3/../../../../avr/lib/avr5\libc.a(ultoa_invert.o)
                              c:/winavr-20100110/bin/../lib/gcc/avr/4.3.3/../../../../avr/lib/avr5\libprintf_flt.a(vfprintf_flt.o) (__ultoa_invert)
c:/winavr-20100110/bin/../lib/gcc/avr/4.3.3/avr5\libgcc.a(_mulsi3.o)
                              lib/gen_clock.o (__mulsi3)
c:/winavr-20100110/bin/../lib/gcc/avr/4.3.3/avr5\libgcc.a(_udivmodhi4.o)
                              ../../Users/jerome/Documents/2/2.08\libWebbot-ATmega640.a(servosConfig.o) (__udivmodhi4)
c:/winavr-20100110/bin/../lib/gcc/avr/4.3.3/avr5\libgcc.a(_udivmodsi4.o)
                              lib/gen_clock.o (__udivmodsi4)
c:/winavr-20100110/bin/../lib/gcc/avr/4.3.3/avr5\libgcc.a(_divmodsi4.o)
                              ../../Users/jerome/Documents/2/2.08\libWebbot-ATmega640.a(core_interpU.o) (__divmodsi4)
c:/winavr-20100110/bin/../lib/gcc/avr/4.3.3/avr5\libgcc.a(_prologue.o)
                              c:/winavr-20100110/bin/../lib/gcc/avr/4.3.3/../../../../avr/lib/avr5\libprintf_flt.a(vfprintf_flt.o) (__prologue_saves__)
c:/winavr-20100110/bin/../lib/gcc/avr/4.3.3/avr5\libgcc.a(_epilogue.o)
                              c:/winavr-20100110/bin/../lib/gcc/avr/4.3.3/../../../../avr/lib/avr5\libprintf_flt.a(vfprintf_flt.o) (__epilogue_restores__)
c:/winavr-20100110/bin/../lib/gcc/avr/4.3.3/avr5\libgcc.a(_exit.o)
                              c:/winavr-20100110/bin/../lib/gcc/avr/4.3.3/../../../../avr/lib/avr5\libc.a(exit.o) (_exit)
c:/winavr-20100110/bin/../lib/gcc/avr/4.3.3/avr5\libgcc.a(_copy_data.o)
                              beta.o (__do_copy_data)
c:/winavr-20100110/bin/../lib/gcc/avr/4.3.3/avr5\libgcc.a(_clear_bss.o)
                              beta.o (__do_clear_bss)
c:/winavr-20100110/bin/../lib/gcc/avr/4.3.3/avr5\libgcc.a(_ctors.o)
                              beta.o (__do_global_ctors)
c:/winavr-20100110/bin/../lib/gcc/avr/4.3.3/avr5\libgcc.a(_tablejump.o)
                              c:/winavr-20100110/bin/../lib/gcc/avr/4.3.3/avr5\libgcc.a(_ctors.o) (__tablejump__)

Allocating common symbols
Common symbol       size              file

statusLED           0x3               ../../Users/jerome/Documents/2/2.08\libWebbot-ATmega640.a(led.o)
__brkval            0x2               c:/winavr-20100110/bin/../lib/gcc/avr/4.3.3/../../../../avr/lib/avr5\libc.a(malloc.o)
__error             0x5               ../../Users/jerome/Documents/2/2.08\libWebbot-ATmega640.a(errors.o)
__flp               0x2               c:/winavr-20100110/bin/../lib/gcc/avr/4.3.3/../../../../avr/lib/avr5\libc.a(malloc.o)
__iob               0x6               c:/winavr-20100110/bin/../lib/gcc/avr/4.3.3/../../../../avr/lib/avr5\libc.a(iob.o)

Memory Configuration

Name             Origin             Length             Attributes
text             0x00000000         0x00020000         xr
data             0x00800060         0x0000ffa0         rw !x
eeprom           0x00810000         0x00010000         rw !x
fuse             0x00820000         0x00000400         rw !x
lock             0x00830000         0x00000400         rw !x
signature        0x00840000         0x00000400         rw !x
*default*        0x00000000         0xffffffff

Linker script and memory map

Address of section .data set to 0x800200
LOAD c:/winavr-20100110/bin/../lib/gcc/avr/4.3.3/../../../../avr/lib/avr5/crtm640.o
LOAD c:/winavr-20100110/bin/../lib/gcc/avr/4.3.3/../../../../avr/lib/avr5\libprintf_flt.a
LOAD beta.o
LOAD protocol.o
LOAD services.o
LOAD lib/lib_hardware.o
LOAD lib/lib_timerdef.o
LOAD lib/gen_clock.o
LOAD lib/lib_iopins.o
LOAD lib/lib_ctor.o
LOAD lib/lib_timers.o
LOAD ../../Users/jerome/Documents/2/2.08\libWebbot-ATmega640.a
LOAD lib\libPost.a
LOAD c:/winavr-20100110/bin/../lib/gcc/avr/4.3.3/../../../../avr/lib/avr5\libm.a
LOAD c:/winavr-20100110/bin/../lib/gcc/avr/4.3.3/../../../../avr/lib/avr5\libc.a
LOAD c:/winavr-20100110/bin/../lib/gcc/avr/4.3.3/avr5\libgcc.a
LOAD c:/winavr-20100110/bin/../lib/gcc/avr/4.3.3/../../../../avr/lib/avr5\libc.a
LOAD c:/winavr-20100110/bin/../lib/gcc/avr/4.3.3/avr5\libgcc.a

.hash
 *(.hash)

.dynsym
 *(.dynsym)

.dynstr
 *(.dynstr)

.gnu.version
 *(.gnu.version)

.gnu.version_d
 *(.gnu.version_d)

.gnu.version_r
 *(.gnu.version_r)

.rel.init
 *(.rel.init)

.rela.init
 *(.rela.init)

.rel.text
 *(.rel.text)
 *(.rel.text.*)
 *(.rel.gnu.linkonce.t*)

.rela.text
 *(.rela.text)
 *(.rela.text.*)
 *(.rela.gnu.linkonce.t*)

.rel.fini
 *(.rel.fini)

.rela.fini
 *(.rela.fini)

.rel.rodata
 *(.rel.rodata)
 *(.rel.rodata.*)
 *(.rel.gnu.linkonce.r*)

.rela.rodata
 *(.rela.rodata)
 *(.rela.rodata.*)
 *(.rela.gnu.linkonce.r*)

.rel.data
 *(.rel.data)
 *(.rel.data.*)
 *(.rel.gnu.linkonce.d*)

.rela.data
 *(.rela.data)
 *(.rela.data.*)
 *(.rela.gnu.linkonce.d*)

.rel.ctors
 *(.rel.ctors)

.rela.ctors
 *(.rela.ctors)

.rel.dtors
 *(.rel.dtors)

.rela.dtors
 *(.rela.dtors)

.rel.got
 *(.rel.got)

.rela.got
 *(.rela.got)

.rel.bss
 *(.rel.bss)

.rela.bss
 *(.rela.bss)

.rel.plt
 *(.rel.plt)

.rela.plt
 *(.rela.plt)

.text           0x00000000     0x3522
 *(.vectors)
 .vectors       0x00000000       0xe4 c:/winavr-20100110/bin/../lib/gcc/avr/4.3.3/../../../../avr/lib/avr5/crtm640.o
                0x00000000                __vectors
                0x00000000                __vector_default
 *(.vectors)
 *(.progmem.gcc*)
 *(.progmem*)
 .progmem.data  0x000000e4        0x8 c:/winavr-20100110/bin/../lib/gcc/avr/4.3.3/../../../../avr/lib/avr5\libprintf_flt.a(vfprintf_flt.o)
 .progmem.data  0x000000ec        0x6 lib/lib_hardware.o
 .progmem.data  0x000000f2      0x208 lib/lib_timerdef.o
                0x000000f2                __timer0Compare
                0x00000142                __timer2Compare
                0x000001f2                pgm_Timers
                0x00000112                __timer1Compare
                0x00000162                __timer3Compare
                0x00000192                __timer4Compare
                0x000001c2                __timer5Compare
 .progmem.data  0x000002fa       0x83 lib/lib_iopins.o
                0x00000315                _C5
                0x00000348                _L3
                0x0000031e                _D5
                0x00000333                _G5
                0x000002fd                _B5
                0x00000345                _L1
                0x0000031b                _D3
                0x00000336                _H3
                0x0000030c                _C2
                0x0000033f                _H6
                0x00000327                _E3
                0x00000303                _B7
                0x00000351                AVcc_MV
                0x0000030f                _C3
                0x0000032d                _E5
                0x00000312                _C4
                0x0000034b                _L4
                0x00000321                _D6
                0x00000300                _B6
                0x0000033c                _H5
                0x00000342                _L0
                0x00000318                _D2
                0x0000034e                _L5
                0x00000324                _D7
                0x0000032a                _E4
                0x00000339                _H4
                0x00000309                _C1
                0x00000330                _E7
                0x00000306                _C0
                0x000002fa                _B4
 .progmem.data  0x0000037d        0x4 ../../Users/jerome/Documents/2/2.08\libWebbot-ATmega640.a(servoPWM.o)
 .progmem.data  0x00000381       0x1b ../../Users/jerome/Documents/2/2.08\libWebbot-ATmega640.a(errors.o)
 .progmem.data  0x0000039c       0x24 ../../Users/jerome/Documents/2/2.08\libWebbot-ATmega640.a(segled8.o)
 .progmem.data  0x000003c0        0xc ../../Users/jerome/Documents/2/2.08\libWebbot-ATmega640.a(uart.o)
                0x000003c0                c_hw_uart
 .progmem.data  0x000003cc       0xfa c:/winavr-20100110/bin/../lib/gcc/avr/4.3.3/../../../../avr/lib/avr5\libc.a(ftoa_engine.o)
                0x000004c6                . = ALIGN (0x2)
                0x000004c6                __trampolines_start = .
 *(.trampolines)
 .trampolines   0x000004c6        0x0 linker stubs
 *(.trampolines*)
                0x000004c6                __trampolines_end = .
 *(.jumptables)
 *(.jumptables*)
 *(.lowtext)
 *(.lowtext*)
                0x000004c6                __ctors_start = .
 *(.ctors)
 .ctors         0x000004c6        0x2 beta.o
 .ctors         0x000004c8        0x4 lib/lib_ctor.o
                0x000004cc                __ctors_end = .
                0x000004cc                __dtors_start = .
 *(.dtors)
                0x000004cc                __dtors_end = .
 SORT(*)(.ctors)
 SORT(*)(.dtors)
 *(.init0)
 .init0         0x000004cc        0x0 c:/winavr-20100110/bin/../lib/gcc/avr/4.3.3/../../../../avr/lib/avr5/crtm640.o
                0x000004cc                __init
 *(.init0)
 *(.init1)
 *(.init1)
 *(.init2)
 .init2         0x000004cc        0xc c:/winavr-20100110/bin/../lib/gcc/avr/4.3.3/../../../../avr/lib/avr5/crtm640.o
 *(.init2)
 *(.init3)
 *(.init3)
 *(.init4)
 .init4         0x000004d8       0x16 c:/winavr-20100110/bin/../lib/gcc/avr/4.3.3/avr5\libgcc.a(_copy_data.o)
                0x000004d8                __do_copy_data
 .init4         0x000004ee       0x10 c:/winavr-20100110/bin/../lib/gcc/avr/4.3.3/avr5\libgcc.a(_clear_bss.o)
                0x000004ee                __do_clear_bss
 *(.init4)
 *(.init5)
 *(.init5)
 *(.init6)
 .init6         0x000004fe       0x16 c:/winavr-20100110/bin/../lib/gcc/avr/4.3.3/avr5\libgcc.a(_ctors.o)
                0x000004fe                __do_global_ctors
 *(.init6)
 *(.init7)
 *(.init7)
 *(.init8)
 *(.init8)
 *(.init9)
 .init9         0x00000514        0x8 c:/winavr-20100110/bin/../lib/gcc/avr/4.3.3/../../../../avr/lib/avr5/crtm640.o
 *(.init9)
 *(.text)
 .text          0x0000051c        0x4 c:/winavr-20100110/bin/../lib/gcc/avr/4.3.3/../../../../avr/lib/avr5/crtm640.o
                0x0000051c                __vector_22
                0x0000051c                __vector_28
                0x0000051c                __vector_1
                0x0000051c                __vector_32
                0x0000051c                __vector_34
                0x0000051c                __vector_24
                0x0000051c                __vector_12
                0x0000051c                __vector_55
                0x0000051c                __vector_46
                0x0000051c                __bad_interrupt
                0x0000051c                __vector_6
                0x0000051c                __vector_31
                0x0000051c                __vector_35
                0x0000051c                __vector_39
                0x0000051c                __vector_3
                0x0000051c                __vector_23
                0x0000051c                __vector_30
                0x0000051c                __vector_45
                0x0000051c                __vector_25
                0x0000051c                __vector_11
                0x0000051c                __vector_54
                0x0000051c                __vector_13
                0x0000051c                __vector_17
                0x0000051c                __vector_19
                0x0000051c                __vector_56
                0x0000051c                __vector_7
                0x0000051c                __vector_49
                0x0000051c                __vector_41
                0x0000051c                __vector_43
                0x0000051c                __vector_27
                0x0000051c                __vector_5
                0x0000051c                __vector_33
                0x0000051c                __vector_52
                0x0000051c                __vector_37
                0x0000051c                __vector_4
                0x0000051c                __vector_44
                0x0000051c                __vector_51
                0x0000051c                __vector_9
                0x0000051c                __vector_2
                0x0000051c                __vector_21
                0x0000051c                __vector_15
                0x0000051c                __vector_29
                0x0000051c                __vector_40
                0x0000051c                __vector_8
                0x0000051c                __vector_26
                0x0000051c                __vector_14
                0x0000051c                __vector_53
                0x0000051c                __vector_10
                0x0000051c                __vector_50
                0x0000051c                __vector_16
                0x0000051c                __vector_18
                0x0000051c                __vector_20
                0x0000051c                __vector_42
 .text          0x00000520        0x0 c:/winavr-20100110/bin/../lib/gcc/avr/4.3.3/../../../../avr/lib/avr5\libprintf_flt.a(vfprintf_flt.o)
 .text          0x00000520      0x12a beta.o
                0x000005ee                appInitSoftware
                0x00000638                appInitHardware
                0x00000582                appControl
 .text          0x0000064a      0x554 protocol.o
                0x000009c0                Protocol::treatIO()
                0x000006c4                Protocol::send(Packet&)
                0x00000b40                Protocol::Protocol()
                0x00000914                Protocol::_read(char*, int)
                0x0000083a                Protocol::receive()
                0x000007b6                Protocol::_write(char*, int)
                0x000008f0                Uart::isRxBufferEmpty() const
                0x00000670                Packet::Packet()
                0x00000ae2                Protocol::Protocol()
                0x0000064a                Packet::Packet()
                0x00000696                Protocol::init(UartHW*)
 .text          0x00000b9e      0x172 services.o
                0x00000c40                Service::match(Packet const&)
                0x00000b9e                Service::Service(char)
                0x00000bd8                Service::Service(char)
                0x00000c12                Service::init(Protocol*)
                0x00000cda                PingService::execute(Packet&)
                0x00000cac                PingService::PingService()
                0x00000c7e                PingService::PingService()
 .text          0x00000d10      0x136 lib/lib_hardware.o
                0x00000de2                __vector_38
                0x00000d40                initHardware
                0x00000e2e                uart1GetByte
                0x00000d1e                registerLED
                0x00000e38                uart1SendByte
                0x00000d8c                __vector_36
                0x00000d4a                sysInitHardware
 .text          0x00000e46        0x0 lib/lib_timerdef.o
 .text          0x00000e46      0x1ba lib/gen_clock.o
                0x00000f2c                __clockInit
                0x00000eaa                clockSnapshotToTicks
                0x00000e46                clockGetSnapshot
                0x00000f3a                __vector_47
                0x00000ef2                clockGetus
 .text          0x00001000        0x0 lib/lib_iopins.o
 .text          0x00001000      0x1f2 lib/lib_ctor.o
                0x00001180                StatusLed::set(signed char) const
                0x00001058                _cpp_Init_()
                0x0000104c                NullStream::read()
                0x00001046                NullStream::write(unsigned char)
                0x00001076                __cxa_pure_virtual
                0x00001000                Stream::_put(char, __file*)
                0x00001052                Marquee::read()
                0x000011ae                Marquee::write(unsigned char)
                0x000011bc                UartHW::read()
                0x000011a2                Led::set(signed char) const
                0x000011d8                Uart::read()
                0x00001026                Stream::_get(__file*)
                0x000011e4                Uart::write(unsigned char)
 .text          0x000011f2       0x7a lib/lib_timers.o
                0x000011f2                __initTimers
 .text          0x0000126c      0x138 ../../Users/jerome/Documents/2/2.08\libWebbot-ATmega640.a(servoPWM.o)
                0x0000126c                servoPWMInit
 .text          0x000013a4      0x102 ../../Users/jerome/Documents/2/2.08\libWebbot-ATmega640.a(servosConfig.o)
                0x000013a4                servoSetConfig
 .text          0x000014a6       0x76 ../../Users/jerome/Documents/2/2.08\libWebbot-ATmega640.a(actuators.o)
                0x000014a6                __act_setSpeed
                0x000014e6                __act_setConnected
 .text          0x0000151c       0x82 ../../Users/jerome/Documents/2/2.08\libWebbot-ATmega640.a(core_interpU.o)
                0x0000151c                interpolateU
 .text          0x0000159e       0xd6 ../../Users/jerome/Documents/2/2.08\libWebbot-ATmega640.a(errors.o)
                0x000015a4                setErrorLog
                0x000015ae                setError
                0x0000159e                getError
 .text          0x00001674       0x2a ../../Users/jerome/Documents/2/2.08\libWebbot-ATmega640.a(iopin_is_output.o)
                0x00001674                pin_is_output
 .text          0x0000169e       0x4e ../../Users/jerome/Documents/2/2.08\libWebbot-ATmega640.a(iopin_make_input.o)
                0x0000169e                pin_make_input
 .text          0x000016ec       0x4e ../../Users/jerome/Documents/2/2.08\libWebbot-ATmega640.a(iopin_make_output.o)
                0x000016ec                pin_make_output
 .text          0x0000173a       0x44 ../../Users/jerome/Documents/2/2.08\libWebbot-ATmega640.a(led.o)
                0x0000173a                LED_set
 .text          0x0000177e       0xd0 ../../Users/jerome/Documents/2/2.08\libWebbot-ATmega640.a(main.o)
                0x0000177e                main
 .text          0x0000184e       0x4a ../../Users/jerome/Documents/2/2.08\libWebbot-ATmega640.a(rprintf.o)
                0x00001852                rprintfInit
                0x0000186c                rprintfChar
                0x00001890                rprintfCRLF
 .text          0x00001898      0x2ba ../../Users/jerome/Documents/2/2.08\libWebbot-ATmega640.a(marqueeSendByte.o)
                0x00001898                marqueeSendByte
 .text          0x00001b52      0x10c ../../Users/jerome/Documents/2/2.08\libWebbot-ATmega640.a(segled.o)
                0x00001b52                segled_put_char
                0x00001be8                segled_set
 .text          0x00001c5e       0x76 ../../Users/jerome/Documents/2/2.08\libWebbot-ATmega640.a(segled8.o)
                0x00001c5e                segled8_get_mask
 .text          0x00001cd4       0x98 ../../Users/jerome/Documents/2/2.08\libWebbot-ATmega640.a(compareFromIOPin.o)
                0x00001cd4                compareFromIOPin
 .text          0x00001d6c       0x44 ../../Users/jerome/Documents/2/2.08\libWebbot-ATmega640.a(compareSetOutputMode.o)
                0x00001d6c                compareSetOutputMode
 .text          0x00001db0       0x6a ../../Users/jerome/Documents/2/2.08\libWebbot-ATmega640.a(compareSetThreshold.o)
                0x00001db0                compareSetThreshold
 .text          0x00001e1a       0xa4 ../../Users/jerome/Documents/2/2.08\libWebbot-ATmega640.a(_uart_common.o)
                0x00001e1a                _uartSetBaudRate
                0x00001e32                _uartInit
 .text          0x00001ebe      0x1dc ../../Users/jerome/Documents/2/2.08\libWebbot-ATmega640.a(uart.o)
                0x00001ebe                __uartHWSetBaudRate
                0x0000202a                __uartHWStartXmit
                0x00002062                __uartHWInit
 .text          0x0000209a       0x40 ../../Users/jerome/Documents/2/2.08\libWebbot-ATmega640.a(uartCommonRx.o)
                0x000020ce                __uartGetByte
                0x0000209a                __uartReceiveService
 .text          0x000020da       0x3c ../../Users/jerome/Documents/2/2.08\libWebbot-ATmega640.a(uartCommonRxNoBuf.o)
                0x000020f2                __uartReceiveUnbuffered
                0x000020da                __uartGetByteUnbuffered
 .text          0x00002116       0xe6 ../../Users/jerome/Documents/2/2.08\libWebbot-ATmega640.a(uartCommonTx.o)
                0x000021dc                _uartSendByte
                0x000021a0                _uartSendBuffer
                0x00002168                _uartTransmitBlockEnd
                0x000021f0                __uartTransmitService
                0x00002116                _uartStartXmit
                0x00002130                _uartTransmitBlockStart
 .text          0x000021fc       0x46 ../../Users/jerome/Documents/2/2.08\libWebbot-ATmega640.a(uartCommonTxNoBuf.o)
                0x0000220c                __uartSendUnbuffered
                0x000021fc                __uartSendNextUnbuffered
 .text          0x00002242       0x44 ../../Users/jerome/Documents/2/2.08\libWebbot-ATmega640.a(uartPollByte.o)
                0x0000225e                uartPollByte
                0x00002242                uartReceivePollingMode
 .text          0x00002286       0x3e ../../Users/jerome/Documents/2/2.08\libWebbot-ATmega640.a(uartReceiveBufferIsEmpty.o)
                0x00002286                __uartReceiveBufferIsEmpty
 .text          0x000022c4       0x12 ../../Users/jerome/Documents/2/2.08\libWebbot-ATmega640.a(clockHasElapsed.o)
                0x000022c4                clockHasElapsed
 .text          0x000022d6       0x84 ../../Users/jerome/Documents/2/2.08\libWebbot-ATmega640.a(clockHasElapsedGetOverflow.o)
                0x000022d6                clockHasElapsedGetOverflow
 .text          0x0000235a       0x16 ../../Users/jerome/Documents/2/2.08\libWebbot-ATmega640.a(breathe.o)
                0x0000235a                breathe
 .text          0x00002370       0x92 ../../Users/jerome/Documents/2/2.08\libWebbot-ATmega640.a(iopin.o)
                0x000023ba                pin_high
                0x00002370                pin_low
 .text          0x00002402       0x10 ../../Users/jerome/Documents/2/2.08\libWebbot-ATmega640.a(iopin_set.o)
                0x00002402                pin_set
 .text          0x00002412      0x35c lib\libPost.a(opt_scheduler.o)
                0x0000263c                scheduleJob
                0x000025f4                __vector_48
 .text          0x0000276e        0x0 c:/winavr-20100110/bin/../lib/gcc/avr/4.3.3/../../../../avr/lib/avr5\libc.a(malloc.o)
 .text          0x0000276e        0x0 c:/winavr-20100110/bin/../lib/gcc/avr/4.3.3/../../../../avr/lib/avr5\libc.a(exit.o)
 .text          0x0000276e        0x0 c:/winavr-20100110/bin/../lib/gcc/avr/4.3.3/../../../../avr/lib/avr5\libc.a(ftoa_engine.o)
 .text          0x0000276e        0x0 c:/winavr-20100110/bin/../lib/gcc/avr/4.3.3/../../../../avr/lib/avr5\libc.a(strnlen_P.o)
 .text          0x0000276e        0x0 c:/winavr-20100110/bin/../lib/gcc/avr/4.3.3/../../../../avr/lib/avr5\libc.a(memset.o)
 .text          0x0000276e        0x0 c:/winavr-20100110/bin/../lib/gcc/avr/4.3.3/../../../../avr/lib/avr5\libc.a(strnlen.o)
 .text          0x0000276e        0x0 c:/winavr-20100110/bin/../lib/gcc/avr/4.3.3/../../../../avr/lib/avr5\libc.a(fprintf_p.o)
 .text          0x0000276e        0x0 c:/winavr-20100110/bin/../lib/gcc/avr/4.3.3/../../../../avr/lib/avr5\libc.a(fputc.o)
 .text          0x0000276e        0x0 c:/winavr-20100110/bin/../lib/gcc/avr/4.3.3/../../../../avr/lib/avr5\libc.a(iob.o)
 .text          0x0000276e        0x0 c:/winavr-20100110/bin/../lib/gcc/avr/4.3.3/../../../../avr/lib/avr5\libc.a(ultoa_invert.o)
 .text          0x0000276e        0x0 c:/winavr-20100110/bin/../lib/gcc/avr/4.3.3/avr5\libgcc.a(_mulsi3.o)
 .text          0x0000276e        0x0 c:/winavr-20100110/bin/../lib/gcc/avr/4.3.3/avr5\libgcc.a(_udivmodhi4.o)
 .text          0x0000276e        0x0 c:/winavr-20100110/bin/../lib/gcc/avr/4.3.3/avr5\libgcc.a(_udivmodsi4.o)
 .text          0x0000276e        0x0 c:/winavr-20100110/bin/../lib/gcc/avr/4.3.3/avr5\libgcc.a(_divmodsi4.o)
 .text          0x0000276e        0x0 c:/winavr-20100110/bin/../lib/gcc/avr/4.3.3/avr5\libgcc.a(_prologue.o)
 .text          0x0000276e        0x0 c:/winavr-20100110/bin/../lib/gcc/avr/4.3.3/avr5\libgcc.a(_epilogue.o)
 .text          0x0000276e        0x0 c:/winavr-20100110/bin/../lib/gcc/avr/4.3.3/avr5\libgcc.a(_exit.o)
 .text          0x0000276e        0x0 c:/winavr-20100110/bin/../lib/gcc/avr/4.3.3/avr5\libgcc.a(_copy_data.o)
 .text          0x0000276e        0x0 c:/winavr-20100110/bin/../lib/gcc/avr/4.3.3/avr5\libgcc.a(_clear_bss.o)
 .text          0x0000276e        0x0 c:/winavr-20100110/bin/../lib/gcc/avr/4.3.3/avr5\libgcc.a(_ctors.o)
 .text          0x0000276e        0x0 c:/winavr-20100110/bin/../lib/gcc/avr/4.3.3/avr5\libgcc.a(_tablejump.o)
                0x0000276e                . = ALIGN (0x2)
 *(.text.*)
 .text.avr-libc
                0x0000276e      0x70e c:/winavr-20100110/bin/../lib/gcc/avr/4.3.3/../../../../avr/lib/avr5\libprintf_flt.a(vfprintf_flt.o)
                0x0000276e                vfprintf
 .text.avr-libc
                0x00002e7c      0x20a c:/winavr-20100110/bin/../lib/gcc/avr/4.3.3/../../../../avr/lib/avr5\libc.a(malloc.o)
                0x00002e7c                malloc
                0x00002fd6                free
 .text.avr-libc
                0x00003086        0x6 c:/winavr-20100110/bin/../lib/gcc/avr/4.3.3/../../../../avr/lib/avr5\libc.a(exit.o)
                0x00003086                exit
 .text.avr-libc
                0x0000308c      0x1b0 c:/winavr-20100110/bin/../lib/gcc/avr/4.3.3/../../../../avr/lib/avr5\libc.a(ftoa_engine.o)
                0x0000308c                __ftoa_engine
 .text.avr-libc
                0x0000323c       0x16 c:/winavr-20100110/bin/../lib/gcc/avr/4.3.3/../../../../avr/lib/avr5\libc.a(strnlen_P.o)
                0x0000323c                strnlen_P
 .text.avr-libc
                0x00003252        0xe c:/winavr-20100110/bin/../lib/gcc/avr/4.3.3/../../../../avr/lib/avr5\libc.a(memset.o)
                0x00003252                memset
 .text.avr-libc
                0x00003260       0x16 c:/winavr-20100110/bin/../lib/gcc/avr/4.3.3/../../../../avr/lib/avr5\libc.a(strnlen.o)
                0x00003260                strnlen
 .text.avr-libc
                0x00003276       0x3a c:/winavr-20100110/bin/../lib/gcc/avr/4.3.3/../../../../avr/lib/avr5\libc.a(fprintf_p.o)
                0x00003276                fprintf_P
 .text.avr-libc
                0x000032b0       0x58 c:/winavr-20100110/bin/../lib/gcc/avr/4.3.3/../../../../avr/lib/avr5\libc.a(fputc.o)
                0x000032b0                fputc
 .text.avr-libc
                0x00003308       0xbc c:/winavr-20100110/bin/../lib/gcc/avr/4.3.3/../../../../avr/lib/avr5\libc.a(ultoa_invert.o)
                0x00003308                __ultoa_invert
 .text.libgcc   0x000033c4       0x3e c:/winavr-20100110/bin/../lib/gcc/avr/4.3.3/avr5\libgcc.a(_mulsi3.o)
                0x000033c4                __mulsi3
 .text.libgcc   0x00003402       0x28 c:/winavr-20100110/bin/../lib/gcc/avr/4.3.3/avr5\libgcc.a(_udivmodhi4.o)
                0x00003402                __udivmodhi4
 .text.libgcc   0x0000342a       0x44 c:/winavr-20100110/bin/../lib/gcc/avr/4.3.3/avr5\libgcc.a(_udivmodsi4.o)
                0x0000342a                __udivmodsi4
 .text.libgcc   0x0000346e       0x36 c:/winavr-20100110/bin/../lib/gcc/avr/4.3.3/avr5\libgcc.a(_divmodsi4.o)
                0x0000346e                __divmodsi4
 .text.libgcc   0x000034a4       0x38 c:/winavr-20100110/bin/../lib/gcc/avr/4.3.3/avr5\libgcc.a(_prologue.o)
                0x000034a4                __prologue_saves__
 .text.libgcc   0x000034dc       0x36 c:/winavr-20100110/bin/../lib/gcc/avr/4.3.3/avr5\libgcc.a(_epilogue.o)
                0x000034dc                __epilogue_restores__
 .text.libgcc   0x00003512        0x0 c:/winavr-20100110/bin/../lib/gcc/avr/4.3.3/avr5\libgcc.a(_exit.o)
 .text.libgcc   0x00003512        0x0 c:/winavr-20100110/bin/../lib/gcc/avr/4.3.3/avr5\libgcc.a(_copy_data.o)
 .text.libgcc   0x00003512        0x0 c:/winavr-20100110/bin/../lib/gcc/avr/4.3.3/avr5\libgcc.a(_clear_bss.o)
 .text.libgcc   0x00003512        0x0 c:/winavr-20100110/bin/../lib/gcc/avr/4.3.3/avr5\libgcc.a(_ctors.o)
 .text.libgcc   0x00003512        0xc c:/winavr-20100110/bin/../lib/gcc/avr/4.3.3/avr5\libgcc.a(_tablejump.o)
                0x00003516                __tablejump__
                0x00003512                __tablejump2__
                0x0000351e                . = ALIGN (0x2)
 *(.fini9)
 .fini9         0x0000351e        0x0 c:/winavr-20100110/bin/../lib/gcc/avr/4.3.3/avr5\libgcc.a(_exit.o)
                0x0000351e                _exit
 *(.fini9)
 *(.fini8)
 *(.fini8)
 *(.fini7)
 *(.fini7)
 *(.fini6)
 *(.fini6)
 *(.fini5)
 *(.fini5)
 *(.fini4)
 *(.fini4)
 *(.fini3)
 *(.fini3)
 *(.fini2)
 *(.fini2)
 *(.fini1)
 *(.fini1)
 *(.fini0)
 .fini0         0x0000351e        0x4 c:/winavr-20100110/bin/../lib/gcc/avr/4.3.3/avr5\libgcc.a(_exit.o)
 *(.fini0)
                0x00003522                _etext = .

.data           0x00800200       0xf0 load address 0x00003522
                0x00800200                PROVIDE (__data_start, .)
 *(.data)
 .data          0x00800200        0x0 c:/winavr-20100110/bin/../lib/gcc/avr/4.3.3/../../../../avr/lib/avr5/crtm640.o
 .data          0x00800200        0x0 c:/winavr-20100110/bin/../lib/gcc/avr/4.3.3/../../../../avr/lib/avr5\libprintf_flt.a(vfprintf_flt.o)
 .data          0x00800200        0x5 beta.o
 .data          0x00800205        0x5 protocol.o
 .data          0x0080020a        0xc services.o
                0x0080020a                vtable for PingService
                0x00800210                vtable for Service
 .data          0x00800216       0x9c lib/lib_hardware.o
                0x00800290                _servo2_
                0x0080021e                __C_uart1
                0x0080027a                _servo1_
                0x00800252                _led_display_
                0x00800250                _button_
                0x008002a6                _bank1_
                0x00800263                _marquee_
                0x00800216                cpu_speed
                0x0080024f                NUM_ADC_CHANNELS
                0x0080021c                cpu_speed_div_1000000
                0x0080021a                cpu_speed_div_1000
 .data          0x008002b2        0x1 lib/lib_timerdef.o
                0x008002b2                NUMBER_OF_TIMERS
 .data          0x008002b3        0x0 lib/gen_clock.o
 .data          0x008002b3        0x0 lib/lib_iopins.o
 .data          0x008002b3       0x34 lib/lib_ctor.o
                0x008002bf                vtable for Marquee
                0x008002cf                vtable for UartHW
                0x008002b9                vtable for Led
                0x008002df                vtable for NullStream
                0x008002d7                vtable for Uart
                0x008002c7                vtable for Stream
                0x008002b3                vtable for StatusLed
 .data          0x008002e7        0x0 lib/lib_timers.o
 .data          0x008002e7        0x0 ../../Users/jerome/Documents/2/2.08\libWebbot-ATmega640.a(servoPWM.o)
 .data          0x008002e7        0x0 ../../Users/jerome/Documents/2/2.08\libWebbot-ATmega640.a(servosConfig.o)
 .data          0x008002e7        0x0 ../../Users/jerome/Documents/2/2.08\libWebbot-ATmega640.a(actuators.o)
 .data          0x008002e7        0x0 ../../Users/jerome/Documents/2/2.08\libWebbot-ATmega640.a(core_interpU.o)
 .data          0x008002e7        0x0 ../../Users/jerome/Documents/2/2.08\libWebbot-ATmega640.a(errors.o)
 .data          0x008002e7        0x0 ../../Users/jerome/Documents/2/2.08\libWebbot-ATmega640.a(iopin_is_output.o)
 .data          0x008002e7        0x0 ../../Users/jerome/Documents/2/2.08\libWebbot-ATmega640.a(iopin_make_input.o)
 .data          0x008002e7        0x0 ../../Users/jerome/Documents/2/2.08\libWebbot-ATmega640.a(iopin_make_output.o)
 .data          0x008002e7        0x0 ../../Users/jerome/Documents/2/2.08\libWebbot-ATmega640.a(led.o)
 .data          0x008002e7        0x0 ../../Users/jerome/Documents/2/2.08\libWebbot-ATmega640.a(main.o)
 .data          0x008002e7        0x2 ../../Users/jerome/Documents/2/2.08\libWebbot-ATmega640.a(rprintf.o)
 .data          0x008002e9        0x0 ../../Users/jerome/Documents/2/2.08\libWebbot-ATmega640.a(marqueeSendByte.o)
 .data          0x008002e9        0x0 ../../Users/jerome/Documents/2/2.08\libWebbot-ATmega640.a(segled.o)
 .data          0x008002e9        0x0 ../../Users/jerome/Documents/2/2.08\libWebbot-ATmega640.a(segled8.o)
 .data          0x008002e9        0x0 ../../Users/jerome/Documents/2/2.08\libWebbot-ATmega640.a(compareFromIOPin.o)
 .data          0x008002e9        0x0 ../../Users/jerome/Documents/2/2.08\libWebbot-ATmega640.a(compareSetOutputMode.o)
 .data          0x008002e9        0x0 ../../Users/jerome/Documents/2/2.08\libWebbot-ATmega640.a(compareSetThreshold.o)
 .data          0x008002e9        0x0 ../../Users/jerome/Documents/2/2.08\libWebbot-ATmega640.a(_uart_common.o)
 .data          0x008002e9        0x0 ../../Users/jerome/Documents/2/2.08\libWebbot-ATmega640.a(uart.o)
 .data          0x008002e9        0x0 ../../Users/jerome/Documents/2/2.08\libWebbot-ATmega640.a(uartCommonRx.o)
 .data          0x008002e9        0x0 ../../Users/jerome/Documents/2/2.08\libWebbot-ATmega640.a(uartCommonRxNoBuf.o)
 .data          0x008002e9        0x0 ../../Users/jerome/Documents/2/2.08\libWebbot-ATmega640.a(uartCommonTx.o)
 .data          0x008002e9        0x0 ../../Users/jerome/Documents/2/2.08\libWebbot-ATmega640.a(uartCommonTxNoBuf.o)
 .data          0x008002e9        0x0 ../../Users/jerome/Documents/2/2.08\libWebbot-ATmega640.a(uartPollByte.o)
 .data          0x008002e9        0x0 ../../Users/jerome/Documents/2/2.08\libWebbot-ATmega640.a(uartReceiveBufferIsEmpty.o)
 .data          0x008002e9        0x0 ../../Users/jerome/Documents/2/2.08\libWebbot-ATmega640.a(clockHasElapsed.o)
 .data          0x008002e9        0x0 ../../Users/jerome/Documents/2/2.08\libWebbot-ATmega640.a(clockHasElapsedGetOverflow.o)
 .data          0x008002e9        0x0 ../../Users/jerome/Documents/2/2.08\libWebbot-ATmega640.a(breathe.o)
 .data          0x008002e9        0x0 ../../Users/jerome/Documents/2/2.08\libWebbot-ATmega640.a(iopin.o)
 .data          0x008002e9        0x0 ../../Users/jerome/Documents/2/2.08\libWebbot-ATmega640.a(iopin_set.o)
 .data          0x008002e9        0x1 lib\libPost.a(opt_scheduler.o)
                0x008002e9                maxJobs
 .data          0x008002ea        0x6 c:/winavr-20100110/bin/../lib/gcc/avr/4.3.3/../../../../avr/lib/avr5\libc.a(malloc.o)
                0x008002ec                __malloc_heap_start
                0x008002ee                __malloc_heap_end
                0x008002ea                __malloc_margin
 .data          0x008002f0        0x0 c:/winavr-20100110/bin/../lib/gcc/avr/4.3.3/../../../../avr/lib/avr5\libc.a(exit.o)
 .data          0x008002f0        0x0 c:/winavr-20100110/bin/../lib/gcc/avr/4.3.3/../../../../avr/lib/avr5\libc.a(ftoa_engine.o)
 .data          0x008002f0        0x0 c:/winavr-20100110/bin/../lib/gcc/avr/4.3.3/../../../../avr/lib/avr5\libc.a(strnlen_P.o)
 .data          0x008002f0        0x0 c:/winavr-20100110/bin/../lib/gcc/avr/4.3.3/../../../../avr/lib/avr5\libc.a(memset.o)
 .data          0x008002f0        0x0 c:/winavr-20100110/bin/../lib/gcc/avr/4.3.3/../../../../avr/lib/avr5\libc.a(strnlen.o)
 .data          0x008002f0        0x0 c:/winavr-20100110/bin/../lib/gcc/avr/4.3.3/../../../../avr/lib/avr5\libc.a(fprintf_p.o)
 .data          0x008002f0        0x0 c:/winavr-20100110/bin/../lib/gcc/avr/4.3.3/../../../../avr/lib/avr5\libc.a(fputc.o)
 .data          0x008002f0        0x0 c:/winavr-20100110/bin/../lib/gcc/avr/4.3.3/../../../../avr/lib/avr5\libc.a(iob.o)
 .data          0x008002f0        0x0 c:/winavr-20100110/bin/../lib/gcc/avr/4.3.3/../../../../avr/lib/avr5\libc.a(ultoa_invert.o)
 .data          0x008002f0        0x0 c:/winavr-20100110/bin/../lib/gcc/avr/4.3.3/avr5\libgcc.a(_mulsi3.o)
 .data          0x008002f0        0x0 c:/winavr-20100110/bin/../lib/gcc/avr/4.3.3/avr5\libgcc.a(_udivmodhi4.o)
 .data          0x008002f0        0x0 c:/winavr-20100110/bin/../lib/gcc/avr/4.3.3/avr5\libgcc.a(_udivmodsi4.o)
 .data          0x008002f0        0x0 c:/winavr-20100110/bin/../lib/gcc/avr/4.3.3/avr5\libgcc.a(_divmodsi4.o)
 .data          0x008002f0        0x0 c:/winavr-20100110/bin/../lib/gcc/avr/4.3.3/avr5\libgcc.a(_prologue.o)
 .data          0x008002f0        0x0 c:/winavr-20100110/bin/../lib/gcc/avr/4.3.3/avr5\libgcc.a(_epilogue.o)
 .data          0x008002f0        0x0 c:/winavr-20100110/bin/../lib/gcc/avr/4.3.3/avr5\libgcc.a(_exit.o)
 .data          0x008002f0        0x0 c:/winavr-20100110/bin/../lib/gcc/avr/4.3.3/avr5\libgcc.a(_copy_data.o)
 .data          0x008002f0        0x0 c:/winavr-20100110/bin/../lib/gcc/avr/4.3.3/avr5\libgcc.a(_clear_bss.o)
 .data          0x008002f0        0x0 c:/winavr-20100110/bin/../lib/gcc/avr/4.3.3/avr5\libgcc.a(_ctors.o)
 .data          0x008002f0        0x0 c:/winavr-20100110/bin/../lib/gcc/avr/4.3.3/avr5\libgcc.a(_tablejump.o)
 *(.data*)
 *(.rodata)
 *(.rodata*)
 *(.gnu.linkonce.d*)
                0x008002f0                . = ALIGN (0x2)
                0x008002f0                _edata = .
                0x008002f0                PROVIDE (__data_end, .)

.bss            0x008002f0      0x13f
                0x008002f0                PROVIDE (__bss_start, .)
 *(.bss)
 .bss           0x008002f0        0x0 c:/winavr-20100110/bin/../lib/gcc/avr/4.3.3/../../../../avr/lib/avr5/crtm640.o
 .bss           0x008002f0        0x0 c:/winavr-20100110/bin/../lib/gcc/avr/4.3.3/../../../../avr/lib/avr5\libprintf_flt.a(vfprintf_flt.o)
 .bss           0x008002f0       0x3e beta.o
                0x00800329                ping
                0x008002f0                test
 .bss           0x0080032e        0x0 protocol.o
 .bss           0x0080032e        0x0 services.o
 .bss           0x0080032e        0x0 lib/lib_hardware.o
 .bss           0x0080032e       0x82 lib/lib_timerdef.o
 .bss           0x008003b0        0x5 lib/gen_clock.o
 .bss           0x008003b5        0x0 lib/lib_iopins.o
 .bss           0x008003b5       0x4b lib/lib_ctor.o
                0x008003d5                bank1
                0x008003b5                statusLed
                0x008003f0                nullStream
                0x008003d7                uart1
                0x008003b9                button
                0x008003bb                marquee
                0x008003cd                servo1
                0x008003d1                servo2
 .bss           0x00800400        0x0 lib/lib_timers.o
 .bss           0x00800400        0x0 ../../Users/jerome/Documents/2/2.08\libWebbot-ATmega640.a(servoPWM.o)
 .bss           0x00800400        0x0 ../../Users/jerome/Documents/2/2.08\libWebbot-ATmega640.a(servosConfig.o)
 .bss           0x00800400        0x0 ../../Users/jerome/Documents/2/2.08\libWebbot-ATmega640.a(actuators.o)
 .bss           0x00800400        0x0 ../../Users/jerome/Documents/2/2.08\libWebbot-ATmega640.a(core_interpU.o)
 .bss           0x00800400        0x0 ../../Users/jerome/Documents/2/2.08\libWebbot-ATmega640.a(errors.o)
 .bss           0x00800400        0x0 ../../Users/jerome/Documents/2/2.08\libWebbot-ATmega640.a(iopin_is_output.o)
 .bss           0x00800400        0x0 ../../Users/jerome/Documents/2/2.08\libWebbot-ATmega640.a(iopin_make_input.o)
 .bss           0x00800400        0x0 ../../Users/jerome/Documents/2/2.08\libWebbot-ATmega640.a(iopin_make_output.o)
 .bss           0x00800400        0x0 ../../Users/jerome/Documents/2/2.08\libWebbot-ATmega640.a(led.o)
 .bss           0x00800400        0xc ../../Users/jerome/Documents/2/2.08\libWebbot-ATmega640.a(main.o)
 .bss           0x0080040c        0x0 ../../Users/jerome/Documents/2/2.08\libWebbot-ATmega640.a(rprintf.o)
 .bss           0x0080040c        0x0 ../../Users/jerome/Documents/2/2.08\libWebbot-ATmega640.a(marqueeSendByte.o)
 .bss           0x0080040c        0x0 ../../Users/jerome/Documents/2/2.08\libWebbot-ATmega640.a(segled.o)
 .bss           0x0080040c        0x0 ../../Users/jerome/Documents/2/2.08\libWebbot-ATmega640.a(segled8.o)
 .bss           0x0080040c        0x0 ../../Users/jerome/Documents/2/2.08\libWebbot-ATmega640.a(compareFromIOPin.o)
 .bss           0x0080040c        0x0 ../../Users/jerome/Documents/2/2.08\libWebbot-ATmega640.a(compareSetOutputMode.o)
 .bss           0x0080040c        0x0 ../../Users/jerome/Documents/2/2.08\libWebbot-ATmega640.a(compareSetThreshold.o)
 .bss           0x0080040c        0x0 ../../Users/jerome/Documents/2/2.08\libWebbot-ATmega640.a(_uart_common.o)
 .bss           0x0080040c        0x0 ../../Users/jerome/Documents/2/2.08\libWebbot-ATmega640.a(uart.o)
 .bss           0x0080040c        0x0 ../../Users/jerome/Documents/2/2.08\libWebbot-ATmega640.a(uartCommonRx.o)
 .bss           0x0080040c        0x0 ../../Users/jerome/Documents/2/2.08\libWebbot-ATmega640.a(uartCommonRxNoBuf.o)
 .bss           0x0080040c        0x0 ../../Users/jerome/Documents/2/2.08\libWebbot-ATmega640.a(uartCommonTx.o)
 .bss           0x0080040c        0x0 ../../Users/jerome/Documents/2/2.08\libWebbot-ATmega640.a(uartCommonTxNoBuf.o)
 .bss           0x0080040c        0x0 ../../Users/jerome/Documents/2/2.08\libWebbot-ATmega640.a(uartPollByte.o)
 .bss           0x0080040c        0x0 ../../Users/jerome/Documents/2/2.08\libWebbot-ATmega640.a(uartReceiveBufferIsEmpty.o)
 .bss           0x0080040c        0x0 ../../Users/jerome/Documents/2/2.08\libWebbot-ATmega640.a(clockHasElapsed.o)
 .bss           0x0080040c        0x0 ../../Users/jerome/Documents/2/2.08\libWebbot-ATmega640.a(clockHasElapsedGetOverflow.o)
 .bss           0x0080040c        0x0 ../../Users/jerome/Documents/2/2.08\libWebbot-ATmega640.a(breathe.o)
 .bss           0x0080040c        0x0 ../../Users/jerome/Documents/2/2.08\libWebbot-ATmega640.a(iopin.o)
 .bss           0x0080040c        0x0 ../../Users/jerome/Documents/2/2.08\libWebbot-ATmega640.a(iopin_set.o)
 .bss           0x0080040c       0x11 lib\libPost.a(opt_scheduler.o)
 .bss           0x0080041d        0x0 c:/winavr-20100110/bin/../lib/gcc/avr/4.3.3/../../../../avr/lib/avr5\libc.a(malloc.o)
 .bss           0x0080041d        0x0 c:/winavr-20100110/bin/../lib/gcc/avr/4.3.3/../../../../avr/lib/avr5\libc.a(exit.o)
 .bss           0x0080041d        0x0 c:/winavr-20100110/bin/../lib/gcc/avr/4.3.3/../../../../avr/lib/avr5\libc.a(ftoa_engine.o)
 .bss           0x0080041d        0x0 c:/winavr-20100110/bin/../lib/gcc/avr/4.3.3/../../../../avr/lib/avr5\libc.a(strnlen_P.o)
 .bss           0x0080041d        0x0 c:/winavr-20100110/bin/../lib/gcc/avr/4.3.3/../../../../avr/lib/avr5\libc.a(memset.o)
 .bss           0x0080041d        0x0 c:/winavr-20100110/bin/../lib/gcc/avr/4.3.3/../../../../avr/lib/avr5\libc.a(strnlen.o)
 .bss           0x0080041d        0x0 c:/winavr-20100110/bin/../lib/gcc/avr/4.3.3/../../../../avr/lib/avr5\libc.a(fprintf_p.o)
 .bss           0x0080041d        0x0 c:/winavr-20100110/bin/../lib/gcc/avr/4.3.3/../../../../avr/lib/avr5\libc.a(fputc.o)
 .bss           0x0080041d        0x0 c:/winavr-20100110/bin/../lib/gcc/avr/4.3.3/../../../../avr/lib/avr5\libc.a(iob.o)
 .bss           0x0080041d        0x0 c:/winavr-20100110/bin/../lib/gcc/avr/4.3.3/../../../../avr/lib/avr5\libc.a(ultoa_invert.o)
 .bss           0x0080041d        0x0 c:/winavr-20100110/bin/../lib/gcc/avr/4.3.3/avr5\libgcc.a(_mulsi3.o)
 .bss           0x0080041d        0x0 c:/winavr-20100110/bin/../lib/gcc/avr/4.3.3/avr5\libgcc.a(_udivmodhi4.o)
 .bss           0x0080041d        0x0 c:/winavr-20100110/bin/../lib/gcc/avr/4.3.3/avr5\libgcc.a(_udivmodsi4.o)
 .bss           0x0080041d        0x0 c:/winavr-20100110/bin/../lib/gcc/avr/4.3.3/avr5\libgcc.a(_divmodsi4.o)
 .bss           0x0080041d        0x0 c:/winavr-20100110/bin/../lib/gcc/avr/4.3.3/avr5\libgcc.a(_prologue.o)
 .bss           0x0080041d        0x0 c:/winavr-20100110/bin/../lib/gcc/avr/4.3.3/avr5\libgcc.a(_epilogue.o)
 .bss           0x0080041d        0x0 c:/winavr-20100110/bin/../lib/gcc/avr/4.3.3/avr5\libgcc.a(_exit.o)
 .bss           0x0080041d        0x0 c:/winavr-20100110/bin/../lib/gcc/avr/4.3.3/avr5\libgcc.a(_copy_data.o)
 .bss           0x0080041d        0x0 c:/winavr-20100110/bin/../lib/gcc/avr/4.3.3/avr5\libgcc.a(_clear_bss.o)
 .bss           0x0080041d        0x0 c:/winavr-20100110/bin/../lib/gcc/avr/4.3.3/avr5\libgcc.a(_ctors.o)
 .bss           0x0080041d        0x0 c:/winavr-20100110/bin/../lib/gcc/avr/4.3.3/avr5\libgcc.a(_tablejump.o)
 *(.bss*)
 *(COMMON)
 COMMON         0x0080041d        0x5 ../../Users/jerome/Documents/2/2.08\libWebbot-ATmega640.a(errors.o)
                0x0080041d                __error
 COMMON         0x00800422        0x3 ../../Users/jerome/Documents/2/2.08\libWebbot-ATmega640.a(led.o)
                0x00800422                statusLED
 COMMON         0x00800425        0x4 c:/winavr-20100110/bin/../lib/gcc/avr/4.3.3/../../../../avr/lib/avr5\libc.a(malloc.o)
                0x00800425                __brkval
                0x00800427                __flp
 COMMON         0x00800429        0x6 c:/winavr-20100110/bin/../lib/gcc/avr/4.3.3/../../../../avr/lib/avr5\libc.a(iob.o)
                0x00800429                __iob
                0x0080042f                PROVIDE (__bss_end, .)
                0x00003522                __data_load_start = LOADADDR (.data)
                0x00003612                __data_load_end = (__data_load_start + SIZEOF (.data))

.noinit         0x0080042f        0x0
                0x0080042f                PROVIDE (__noinit_start, .)
 *(.noinit*)
                0x0080042f                PROVIDE (__noinit_end, .)
                0x0080042f                _end = .
                0x0080042f                PROVIDE (__heap_start, .)

.eeprom         0x00810000        0x0
 *(.eeprom*)
                0x00810000                __eeprom_end = .

.fuse
 *(.fuse)
 *(.lfuse)
 *(.hfuse)
 *(.efuse)

.lock
 *(.lock*)

.signature
 *(.signature*)

.stab
 *(.stab)

.stabstr
 *(.stabstr)

.stab.excl
 *(.stab.excl)

.stab.exclstr
 *(.stab.exclstr)

.stab.index
 *(.stab.index)

.stab.indexstr
 *(.stab.indexstr)

.comment
 *(.comment)

.debug
 *(.debug)

.line
 *(.line)

.debug_srcinfo
 *(.debug_srcinfo)

.debug_sfnames
 *(.debug_sfnames)

.debug_aranges  0x00000000      0x4c0
 *(.debug_aranges)
 .debug_aranges
                0x00000000       0x20 beta.o
 .debug_aranges
                0x00000020       0x20 protocol.o
 .debug_aranges
                0x00000040       0x20 services.o
 .debug_aranges
                0x00000060       0x20 lib/lib_hardware.o
 .debug_aranges
                0x00000080       0x20 lib/gen_clock.o
 .debug_aranges
                0x000000a0       0x20 lib/lib_ctor.o
 .debug_aranges
                0x000000c0       0x20 lib/lib_timers.o
 .debug_aranges
                0x000000e0       0x20 ../../Users/jerome/Documents/2/2.08\libWebbot-ATmega640.a(servoPWM.o)
 .debug_aranges
                0x00000100       0x20 ../../Users/jerome/Documents/2/2.08\libWebbot-ATmega640.a(servosConfig.o)
 .debug_aranges
                0x00000120       0x20 ../../Users/jerome/Documents/2/2.08\libWebbot-ATmega640.a(actuators.o)
 .debug_aranges
                0x00000140       0x20 ../../Users/jerome/Documents/2/2.08\libWebbot-ATmega640.a(core_interpU.o)
 .debug_aranges
                0x00000160       0x20 ../../Users/jerome/Documents/2/2.08\libWebbot-ATmega640.a(errors.o)
 .debug_aranges
                0x00000180       0x20 ../../Users/jerome/Documents/2/2.08\libWebbot-ATmega640.a(iopin_is_output.o)
 .debug_aranges
                0x000001a0       0x20 ../../Users/jerome/Documents/2/2.08\libWebbot-ATmega640.a(iopin_make_input.o)
 .debug_aranges
                0x000001c0       0x20 ../../Users/jerome/Documents/2/2.08\libWebbot-ATmega640.a(iopin_make_output.o)
 .debug_aranges
                0x000001e0       0x20 ../../Users/jerome/Documents/2/2.08\libWebbot-ATmega640.a(led.o)
 .debug_aranges
                0x00000200       0x20 ../../Users/jerome/Documents/2/2.08\libWebbot-ATmega640.a(main.o)
 .debug_aranges
                0x00000220       0x20 ../../Users/jerome/Documents/2/2.08\libWebbot-ATmega640.a(rprintf.o)
 .debug_aranges
                0x00000240       0x20 ../../Users/jerome/Documents/2/2.08\libWebbot-ATmega640.a(marqueeSendByte.o)
 .debug_aranges
                0x00000260       0x20 ../../Users/jerome/Documents/2/2.08\libWebbot-ATmega640.a(segled.o)
 .debug_aranges
                0x00000280       0x20 ../../Users/jerome/Documents/2/2.08\libWebbot-ATmega640.a(segled8.o)
 .debug_aranges
                0x000002a0       0x20 ../../Users/jerome/Documents/2/2.08\libWebbot-ATmega640.a(compareFromIOPin.o)
 .debug_aranges
                0x000002c0       0x20 ../../Users/jerome/Documents/2/2.08\libWebbot-ATmega640.a(compareSetOutputMode.o)
 .debug_aranges
                0x000002e0       0x20 ../../Users/jerome/Documents/2/2.08\libWebbot-ATmega640.a(compareSetThreshold.o)
 .debug_aranges
                0x00000300       0x20 ../../Users/jerome/Documents/2/2.08\libWebbot-ATmega640.a(_uart_common.o)
 .debug_aranges
                0x00000320       0x20 ../../Users/jerome/Documents/2/2.08\libWebbot-ATmega640.a(uart.o)
 .debug_aranges
                0x00000340       0x20 ../../Users/jerome/Documents/2/2.08\libWebbot-ATmega640.a(uartCommonRx.o)
 .debug_aranges
                0x00000360       0x20 ../../Users/jerome/Documents/2/2.08\libWebbot-ATmega640.a(uartCommonRxNoBuf.o)
 .debug_aranges
                0x00000380       0x20 ../../Users/jerome/Documents/2/2.08\libWebbot-ATmega640.a(uartCommonTx.o)
 .debug_aranges
                0x000003a0       0x20 ../../Users/jerome/Documents/2/2.08\libWebbot-ATmega640.a(uartCommonTxNoBuf.o)
 .debug_aranges
                0x000003c0       0x20 ../../Users/jerome/Documents/2/2.08\libWebbot-ATmega640.a(uartPollByte.o)
 .debug_aranges
                0x000003e0       0x20 ../../Users/jerome/Documents/2/2.08\libWebbot-ATmega640.a(uartReceiveBufferIsEmpty.o)
 .debug_aranges
                0x00000400       0x20 ../../Users/jerome/Documents/2/2.08\libWebbot-ATmega640.a(clockHasElapsed.o)
 .debug_aranges
                0x00000420       0x20 ../../Users/jerome/Documents/2/2.08\libWebbot-ATmega640.a(clockHasElapsedGetOverflow.o)
 .debug_aranges
                0x00000440       0x20 ../../Users/jerome/Documents/2/2.08\libWebbot-ATmega640.a(breathe.o)
 .debug_aranges
                0x00000460       0x20 ../../Users/jerome/Documents/2/2.08\libWebbot-ATmega640.a(iopin.o)
 .debug_aranges
                0x00000480       0x20 ../../Users/jerome/Documents/2/2.08\libWebbot-ATmega640.a(iopin_set.o)
 .debug_aranges
                0x000004a0       0x20 lib\libPost.a(opt_scheduler.o)

.debug_pubnames
                0x00000000      0xd35
 *(.debug_pubnames)
 .debug_pubnames
                0x00000000       0x5b beta.o
 .debug_pubnames
                0x0000005b       0xfb protocol.o
 .debug_pubnames
                0x00000156       0xb4 services.o
 .debug_pubnames
                0x0000020a      0x13f lib/lib_hardware.o
 .debug_pubnames
                0x00000349       0xae lib/lib_timerdef.o
 .debug_pubnames
                0x000003f7       0x6f lib/gen_clock.o
 .debug_pubnames
                0x00000466      0x106 lib/lib_iopins.o
 .debug_pubnames
                0x0000056c      0x158 lib/lib_ctor.o
 .debug_pubnames
                0x000006c4       0x23 lib/lib_timers.o
 .debug_pubnames
                0x000006e7       0x23 ../../Users/jerome/Documents/2/2.08\libWebbot-ATmega640.a(servoPWM.o)
 .debug_pubnames
                0x0000070a       0x25 ../../Users/jerome/Documents/2/2.08\libWebbot-ATmega640.a(servosConfig.o)
 .debug_pubnames
                0x0000072f       0x3c ../../Users/jerome/Documents/2/2.08\libWebbot-ATmega640.a(actuators.o)
 .debug_pubnames
                0x0000076b       0x23 ../../Users/jerome/Documents/2/2.08\libWebbot-ATmega640.a(core_interpU.o)
 .debug_pubnames
                0x0000078e       0x48 ../../Users/jerome/Documents/2/2.08\libWebbot-ATmega640.a(errors.o)
 .debug_pubnames
                0x000007d6       0x24 ../../Users/jerome/Documents/2/2.08\libWebbot-ATmega640.a(iopin_is_output.o)
 .debug_pubnames
                0x000007fa       0x25 ../../Users/jerome/Documents/2/2.08\libWebbot-ATmega640.a(iopin_make_input.o)
 .debug_pubnames
                0x0000081f       0x26 ../../Users/jerome/Documents/2/2.08\libWebbot-ATmega640.a(iopin_make_output.o)
 .debug_pubnames
                0x00000845       0x2c ../../Users/jerome/Documents/2/2.08\libWebbot-ATmega640.a(led.o)
 .debug_pubnames
                0x00000871       0x1b ../../Users/jerome/Documents/2/2.08\libWebbot-ATmega640.a(main.o)
 .debug_pubnames
                0x0000088c       0x42 ../../Users/jerome/Documents/2/2.08\libWebbot-ATmega640.a(rprintf.o)
 .debug_pubnames
                0x000008ce       0x26 ../../Users/jerome/Documents/2/2.08\libWebbot-ATmega640.a(marqueeSendByte.o)
 .debug_pubnames
                0x000008f4       0x35 ../../Users/jerome/Documents/2/2.08\libWebbot-ATmega640.a(segled.o)
 .debug_pubnames
                0x00000929       0x27 ../../Users/jerome/Documents/2/2.08\libWebbot-ATmega640.a(segled8.o)
 .debug_pubnames
                0x00000950       0x27 ../../Users/jerome/Documents/2/2.08\libWebbot-ATmega640.a(compareFromIOPin.o)
 .debug_pubnames
                0x00000977       0x2b ../../Users/jerome/Documents/2/2.08\libWebbot-ATmega640.a(compareSetOutputMode.o)
 .debug_pubnames
                0x000009a2       0x2a ../../Users/jerome/Documents/2/2.08\libWebbot-ATmega640.a(compareSetThreshold.o)
 .debug_pubnames
                0x000009cc       0x35 ../../Users/jerome/Documents/2/2.08\libWebbot-ATmega640.a(_uart_common.o)
 .debug_pubnames
                0x00000a01       0x5f ../../Users/jerome/Documents/2/2.08\libWebbot-ATmega640.a(uart.o)
 .debug_pubnames
                0x00000a60       0x3d ../../Users/jerome/Documents/2/2.08\libWebbot-ATmega640.a(uartCommonRx.o)
 .debug_pubnames
                0x00000a9d       0x4a ../../Users/jerome/Documents/2/2.08\libWebbot-ATmega640.a(uartCommonRxNoBuf.o)
 .debug_pubnames
                0x00000ae7       0x9b ../../Users/jerome/Documents/2/2.08\libWebbot-ATmega640.a(uartCommonTx.o)
 .debug_pubnames
                0x00000b82       0x48 ../../Users/jerome/Documents/2/2.08\libWebbot-ATmega640.a(uartCommonTxNoBuf.o)
 .debug_pubnames
                0x00000bca       0x3e ../../Users/jerome/Documents/2/2.08\libWebbot-ATmega640.a(uartPollByte.o)
 .debug_pubnames
                0x00000c08       0x31 ../../Users/jerome/Documents/2/2.08\libWebbot-ATmega640.a(uartReceiveBufferIsEmpty.o)
 .debug_pubnames
                0x00000c39       0x26 ../../Users/jerome/Documents/2/2.08\libWebbot-ATmega640.a(clockHasElapsed.o)
 .debug_pubnames
                0x00000c5f       0x31 ../../Users/jerome/Documents/2/2.08\libWebbot-ATmega640.a(clockHasElapsedGetOverflow.o)
 .debug_pubnames
                0x00000c90       0x1e ../../Users/jerome/Documents/2/2.08\libWebbot-ATmega640.a(breathe.o)
 .debug_pubnames
                0x00000cae       0x2b ../../Users/jerome/Documents/2/2.08\libWebbot-ATmega640.a(iopin.o)
 .debug_pubnames
                0x00000cd9       0x1e ../../Users/jerome/Documents/2/2.08\libWebbot-ATmega640.a(iopin_set.o)
 .debug_pubnames
                0x00000cf7       0x3e lib\libPost.a(opt_scheduler.o)

.debug_info     0x00000000    0x10fbc
 *(.debug_info)
 .debug_info    0x00000000     0x1589 beta.o
 .debug_info    0x00001589     0x14b0 protocol.o
 .debug_info    0x00002a39     0x1509 services.o
 .debug_info    0x00003f42     0x1114 lib/lib_hardware.o
 .debug_info    0x00005056      0x804 lib/lib_timerdef.o
 .debug_info    0x0000585a      0x335 lib/gen_clock.o
 .debug_info    0x00005b8f      0x3c3 lib/lib_iopins.o
 .debug_info    0x00005f52     0x25bd lib/lib_ctor.o
 .debug_info    0x0000850f      0x540 lib/lib_timers.o
 .debug_info    0x00008a4f      0xd62 ../../Users/jerome/Documents/2/2.08\libWebbot-ATmega640.a(servoPWM.o)
 .debug_info    0x000097b1      0xb4e ../../Users/jerome/Documents/2/2.08\libWebbot-ATmega640.a(servosConfig.o)
 .debug_info    0x0000a2ff      0x274 ../../Users/jerome/Documents/2/2.08\libWebbot-ATmega640.a(actuators.o)
 .debug_info    0x0000a573      0x11c ../../Users/jerome/Documents/2/2.08\libWebbot-ATmega640.a(core_interpU.o)
 .debug_info    0x0000a68f      0x43d ../../Users/jerome/Documents/2/2.08\libWebbot-ATmega640.a(errors.o)
 .debug_info    0x0000aacc      0x212 ../../Users/jerome/Documents/2/2.08\libWebbot-ATmega640.a(iopin_is_output.o)
 .debug_info    0x0000acde      0x2d4 ../../Users/jerome/Documents/2/2.08\libWebbot-ATmega640.a(iopin_make_input.o)
 .debug_info    0x0000afb2      0x2d4 ../../Users/jerome/Documents/2/2.08\libWebbot-ATmega640.a(iopin_make_output.o)
 .debug_info    0x0000b286      0x1de ../../Users/jerome/Documents/2/2.08\libWebbot-ATmega640.a(led.o)
 .debug_info    0x0000b464       0xd7 ../../Users/jerome/Documents/2/2.08\libWebbot-ATmega640.a(main.o)
 .debug_info    0x0000b53b      0x1c9 ../../Users/jerome/Documents/2/2.08\libWebbot-ATmega640.a(rprintf.o)
 .debug_info    0x0000b704      0x608 ../../Users/jerome/Documents/2/2.08\libWebbot-ATmega640.a(marqueeSendByte.o)
 .debug_info    0x0000bd0c      0x346 ../../Users/jerome/Documents/2/2.08\libWebbot-ATmega640.a(segled.o)
 .debug_info    0x0000c052      0x193 ../../Users/jerome/Documents/2/2.08\libWebbot-ATmega640.a(segled8.o)
 .debug_info    0x0000c1e5      0x5c5 ../../Users/jerome/Documents/2/2.08\libWebbot-ATmega640.a(compareFromIOPin.o)
 .debug_info    0x0000c7aa      0x444 ../../Users/jerome/Documents/2/2.08\libWebbot-ATmega640.a(compareSetOutputMode.o)
 .debug_info    0x0000cbee      0x56b ../../Users/jerome/Documents/2/2.08\libWebbot-ATmega640.a(compareSetThreshold.o)
 .debug_info    0x0000d159      0x648 ../../Users/jerome/Documents/2/2.08\libWebbot-ATmega640.a(_uart_common.o)
 .debug_info    0x0000d7a1      0x7c4 ../../Users/jerome/Documents/2/2.08\libWebbot-ATmega640.a(uart.o)
 .debug_info    0x0000df65      0x51a ../../Users/jerome/Documents/2/2.08\libWebbot-ATmega640.a(uartCommonRx.o)
 .debug_info    0x0000e47f      0x5a3 ../../Users/jerome/Documents/2/2.08\libWebbot-ATmega640.a(uartCommonRxNoBuf.o)
 .debug_info    0x0000ea22      0x6fa ../../Users/jerome/Documents/2/2.08\libWebbot-ATmega640.a(uartCommonTx.o)
 .debug_info    0x0000f11c      0x62e ../../Users/jerome/Documents/2/2.08\libWebbot-ATmega640.a(uartCommonTxNoBuf.o)
 .debug_info    0x0000f74a      0x5a2 ../../Users/jerome/Documents/2/2.08\libWebbot-ATmega640.a(uartPollByte.o)
 .debug_info    0x0000fcec      0x5da ../../Users/jerome/Documents/2/2.08\libWebbot-ATmega640.a(uartReceiveBufferIsEmpty.o)
 .debug_info    0x000102c6       0xce ../../Users/jerome/Documents/2/2.08\libWebbot-ATmega640.a(clockHasElapsed.o)
 .debug_info    0x00010394      0x147 ../../Users/jerome/Documents/2/2.08\libWebbot-ATmega640.a(clockHasElapsedGetOverflow.o)
 .debug_info    0x000104db      0x102 ../../Users/jerome/Documents/2/2.08\libWebbot-ATmega640.a(breathe.o)
 .debug_info    0x000105dd      0x400 ../../Users/jerome/Documents/2/2.08\libWebbot-ATmega640.a(iopin.o)
 .debug_info    0x000109dd      0x179 ../../Users/jerome/Documents/2/2.08\libWebbot-ATmega640.a(iopin_set.o)
 .debug_info    0x00010b56      0x466 lib\libPost.a(opt_scheduler.o)
 *(.gnu.linkonce.wi.*)

.debug_abbrev   0x00000000     0x45b5
 *(.debug_abbrev)
 .debug_abbrev  0x00000000      0x3c4 beta.o
 .debug_abbrev  0x000003c4      0x415 protocol.o
 .debug_abbrev  0x000007d9      0x40d services.o
 .debug_abbrev  0x00000be6      0x296 lib/lib_hardware.o
 .debug_abbrev  0x00000e7c      0x107 lib/lib_timerdef.o
 .debug_abbrev  0x00000f83      0x1a8 lib/gen_clock.o
 .debug_abbrev  0x0000112b       0xc8 lib/lib_iopins.o
 .debug_abbrev  0x000011f3      0x579 lib/lib_ctor.o
 .debug_abbrev  0x0000176c      0x177 lib/lib_timers.o
 .debug_abbrev  0x000018e3      0x272 ../../Users/jerome/Documents/2/2.08\libWebbot-ATmega640.a(servoPWM.o)
 .debug_abbrev  0x00001b55      0x23d ../../Users/jerome/Documents/2/2.08\libWebbot-ATmega640.a(servosConfig.o)
 .debug_abbrev  0x00001d92      0x10b ../../Users/jerome/Documents/2/2.08\libWebbot-ATmega640.a(actuators.o)
 .debug_abbrev  0x00001e9d       0x73 ../../Users/jerome/Documents/2/2.08\libWebbot-ATmega640.a(core_interpU.o)
 .debug_abbrev  0x00001f10      0x1e1 ../../Users/jerome/Documents/2/2.08\libWebbot-ATmega640.a(errors.o)
 .debug_abbrev  0x000020f1      0x109 ../../Users/jerome/Documents/2/2.08\libWebbot-ATmega640.a(iopin_is_output.o)
 .debug_abbrev  0x000021fa      0x16a ../../Users/jerome/Documents/2/2.08\libWebbot-ATmega640.a(iopin_make_input.o)
 .debug_abbrev  0x00002364      0x16a ../../Users/jerome/Documents/2/2.08\libWebbot-ATmega640.a(iopin_make_output.o)
 .debug_abbrev  0x000024ce      0x110 ../../Users/jerome/Documents/2/2.08\libWebbot-ATmega640.a(led.o)
 .debug_abbrev  0x000025de       0x66 ../../Users/jerome/Documents/2/2.08\libWebbot-ATmega640.a(main.o)
 .debug_abbrev  0x00002644      0x161 ../../Users/jerome/Documents/2/2.08\libWebbot-ATmega640.a(rprintf.o)
 .debug_abbrev  0x000027a5      0x23e ../../Users/jerome/Documents/2/2.08\libWebbot-ATmega640.a(marqueeSendByte.o)
 .debug_abbrev  0x000029e3      0x1cc ../../Users/jerome/Documents/2/2.08\libWebbot-ATmega640.a(segled.o)
 .debug_abbrev  0x00002baf       0xc0 ../../Users/jerome/Documents/2/2.08\libWebbot-ATmega640.a(segled8.o)
 .debug_abbrev  0x00002c6f      0x1e8 ../../Users/jerome/Documents/2/2.08\libWebbot-ATmega640.a(compareFromIOPin.o)
 .debug_abbrev  0x00002e57      0x14e ../../Users/jerome/Documents/2/2.08\libWebbot-ATmega640.a(compareSetOutputMode.o)
 .debug_abbrev  0x00002fa5      0x178 ../../Users/jerome/Documents/2/2.08\libWebbot-ATmega640.a(compareSetThreshold.o)
 .debug_abbrev  0x0000311d      0x200 ../../Users/jerome/Documents/2/2.08\libWebbot-ATmega640.a(_uart_common.o)
 .debug_abbrev  0x0000331d      0x233 ../../Users/jerome/Documents/2/2.08\libWebbot-ATmega640.a(uart.o)
 .debug_abbrev  0x00003550      0x176 ../../Users/jerome/Documents/2/2.08\libWebbot-ATmega640.a(uartCommonRx.o)
 .debug_abbrev  0x000036c6      0x1f7 ../../Users/jerome/Documents/2/2.08\libWebbot-ATmega640.a(uartCommonRxNoBuf.o)
 .debug_abbrev  0x000038bd      0x1d8 ../../Users/jerome/Documents/2/2.08\libWebbot-ATmega640.a(uartCommonTx.o)
 .debug_abbrev  0x00003a95      0x1c4 ../../Users/jerome/Documents/2/2.08\libWebbot-ATmega640.a(uartCommonTxNoBuf.o)
 .debug_abbrev  0x00003c59      0x16f ../../Users/jerome/Documents/2/2.08\libWebbot-ATmega640.a(uartPollByte.o)
 .debug_abbrev  0x00003dc8      0x20d ../../Users/jerome/Documents/2/2.08\libWebbot-ATmega640.a(uartReceiveBufferIsEmpty.o)
 .debug_abbrev  0x00003fd5       0x66 ../../Users/jerome/Documents/2/2.08\libWebbot-ATmega640.a(clockHasElapsed.o)
 .debug_abbrev  0x0000403b       0xb0 ../../Users/jerome/Documents/2/2.08\libWebbot-ATmega640.a(clockHasElapsedGetOverflow.o)
 .debug_abbrev  0x000040eb       0xde ../../Users/jerome/Documents/2/2.08\libWebbot-ATmega640.a(breathe.o)
 .debug_abbrev  0x000041c9      0x163 ../../Users/jerome/Documents/2/2.08\libWebbot-ATmega640.a(iopin.o)
 .debug_abbrev  0x0000432c       0xbb ../../Users/jerome/Documents/2/2.08\libWebbot-ATmega640.a(iopin_set.o)
 .debug_abbrev  0x000043e7      0x1ce lib\libPost.a(opt_scheduler.o)

.debug_line     0x00000000     0x421e
 *(.debug_line)
 .debug_line    0x00000000      0x2b6 beta.o
 .debug_line    0x000002b6      0x474 protocol.o
 .debug_line    0x0000072a      0x2b1 services.o
 .debug_line    0x000009db      0x2b2 lib/lib_hardware.o
 .debug_line    0x00000c8d       0xce lib/lib_timerdef.o
 .debug_line    0x00000d5b      0x218 lib/gen_clock.o
 .debug_line    0x00000f73       0xbc lib/lib_iopins.o
 .debug_line    0x0000102f      0x475 lib/lib_ctor.o
 .debug_line    0x000014a4      0x154 lib/lib_timers.o
 .debug_line    0x000015f8      0x221 ../../Users/jerome/Documents/2/2.08\libWebbot-ATmega640.a(servoPWM.o)
 .debug_line    0x00001819      0x1e7 ../../Users/jerome/Documents/2/2.08\libWebbot-ATmega640.a(servosConfig.o)
 .debug_line    0x00001a00      0x13f ../../Users/jerome/Documents/2/2.08\libWebbot-ATmega640.a(actuators.o)
 .debug_line    0x00001b3f       0xa6 ../../Users/jerome/Documents/2/2.08\libWebbot-ATmega640.a(core_interpU.o)
 .debug_line    0x00001be5      0x15e ../../Users/jerome/Documents/2/2.08\libWebbot-ATmega640.a(errors.o)
 .debug_line    0x00001d43       0xe3 ../../Users/jerome/Documents/2/2.08\libWebbot-ATmega640.a(iopin_is_output.o)
 .debug_line    0x00001e26      0x12a ../../Users/jerome/Documents/2/2.08\libWebbot-ATmega640.a(iopin_make_input.o)
 .debug_line    0x00001f50      0x12b ../../Users/jerome/Documents/2/2.08\libWebbot-ATmega640.a(iopin_make_output.o)
 .debug_line    0x0000207b       0xef ../../Users/jerome/Documents/2/2.08\libWebbot-ATmega640.a(led.o)
 .debug_line    0x0000216a      0x10e ../../Users/jerome/Documents/2/2.08\libWebbot-ATmega640.a(main.o)
 .debug_line    0x00002278      0x13d ../../Users/jerome/Documents/2/2.08\libWebbot-ATmega640.a(rprintf.o)
 .debug_line    0x000023b5      0x349 ../../Users/jerome/Documents/2/2.08\libWebbot-ATmega640.a(marqueeSendByte.o)
 .debug_line    0x000026fe      0x187 ../../Users/jerome/Documents/2/2.08\libWebbot-ATmega640.a(segled.o)
 .debug_line    0x00002885       0xf3 ../../Users/jerome/Documents/2/2.08\libWebbot-ATmega640.a(segled8.o)
 .debug_line    0x00002978      0x137 ../../Users/jerome/Documents/2/2.08\libWebbot-ATmega640.a(compareFromIOPin.o)
 .debug_line    0x00002aaf       0xfe ../../Users/jerome/Documents/2/2.08\libWebbot-ATmega640.a(compareSetOutputMode.o)
 .debug_line    0x00002bad      0x133 ../../Users/jerome/Documents/2/2.08\libWebbot-ATmega640.a(compareSetThreshold.o)
 .debug_line    0x00002ce0      0x1af ../../Users/jerome/Documents/2/2.08\libWebbot-ATmega640.a(_uart_common.o)
 .debug_line    0x00002e8f      0x241 ../../Users/jerome/Documents/2/2.08\libWebbot-ATmega640.a(uart.o)
 .debug_line    0x000030d0      0x142 ../../Users/jerome/Documents/2/2.08\libWebbot-ATmega640.a(uartCommonRx.o)
 .debug_line    0x00003212      0x18f ../../Users/jerome/Documents/2/2.08\libWebbot-ATmega640.a(uartCommonRxNoBuf.o)
 .debug_line    0x000033a1      0x202 ../../Users/jerome/Documents/2/2.08\libWebbot-ATmega640.a(uartCommonTx.o)
 .debug_line    0x000035a3      0x1ad ../../Users/jerome/Documents/2/2.08\libWebbot-ATmega640.a(uartCommonTxNoBuf.o)
 .debug_line    0x00003750      0x14b ../../Users/jerome/Documents/2/2.08\libWebbot-ATmega640.a(uartPollByte.o)
 .debug_line    0x0000389b      0x199 ../../Users/jerome/Documents/2/2.08\libWebbot-ATmega640.a(uartReceiveBufferIsEmpty.o)
 .debug_line    0x00003a34       0xc3 ../../Users/jerome/Documents/2/2.08\libWebbot-ATmega640.a(clockHasElapsed.o)
 .debug_line    0x00003af7       0xfe ../../Users/jerome/Documents/2/2.08\libWebbot-ATmega640.a(clockHasElapsedGetOverflow.o)
 .debug_line    0x00003bf5      0x10f ../../Users/jerome/Documents/2/2.08\libWebbot-ATmega640.a(breathe.o)
 .debug_line    0x00003d04      0x19d ../../Users/jerome/Documents/2/2.08\libWebbot-ATmega640.a(iopin.o)
 .debug_line    0x00003ea1       0xc5 ../../Users/jerome/Documents/2/2.08\libWebbot-ATmega640.a(iopin_set.o)
 .debug_line    0x00003f66      0x2b8 lib\libPost.a(opt_scheduler.o)

.debug_frame    0x00000000      0x940
 *(.debug_frame)
 .debug_frame   0x00000000       0x60 beta.o
 .debug_frame   0x00000060       0xc0 protocol.o
 .debug_frame   0x00000120       0x80 services.o
 .debug_frame   0x000001a0       0x90 lib/lib_hardware.o
 .debug_frame   0x00000230       0x60 lib/gen_clock.o
 .debug_frame   0x00000290       0xf0 lib/lib_ctor.o
 .debug_frame   0x00000380       0x20 lib/lib_timers.o
 .debug_frame   0x000003a0       0x40 ../../Users/jerome/Documents/2/2.08\libWebbot-ATmega640.a(servoPWM.o)
 .debug_frame   0x000003e0       0x20 ../../Users/jerome/Documents/2/2.08\libWebbot-ATmega640.a(servosConfig.o)
 .debug_frame   0x00000400       0x30 ../../Users/jerome/Documents/2/2.08\libWebbot-ATmega640.a(actuators.o)
 .debug_frame   0x00000430       0x20 ../../Users/jerome/Documents/2/2.08\libWebbot-ATmega640.a(core_interpU.o)
 .debug_frame   0x00000450       0x40 ../../Users/jerome/Documents/2/2.08\libWebbot-ATmega640.a(errors.o)
 .debug_frame   0x00000490       0x20 ../../Users/jerome/Documents/2/2.08\libWebbot-ATmega640.a(iopin_is_output.o)
 .debug_frame   0x000004b0       0x20 ../../Users/jerome/Documents/2/2.08\libWebbot-ATmega640.a(iopin_make_input.o)
 .debug_frame   0x000004d0       0x20 ../../Users/jerome/Documents/2/2.08\libWebbot-ATmega640.a(iopin_make_output.o)
 .debug_frame   0x000004f0       0x20 ../../Users/jerome/Documents/2/2.08\libWebbot-ATmega640.a(led.o)
 .debug_frame   0x00000510       0x20 ../../Users/jerome/Documents/2/2.08\libWebbot-ATmega640.a(main.o)
 .debug_frame   0x00000530       0x50 ../../Users/jerome/Documents/2/2.08\libWebbot-ATmega640.a(rprintf.o)
 .debug_frame   0x00000580       0x30 ../../Users/jerome/Documents/2/2.08\libWebbot-ATmega640.a(marqueeSendByte.o)
 .debug_frame   0x000005b0       0x30 ../../Users/jerome/Documents/2/2.08\libWebbot-ATmega640.a(segled.o)
 .debug_frame   0x000005e0       0x20 ../../Users/jerome/Documents/2/2.08\libWebbot-ATmega640.a(segled8.o)
 .debug_frame   0x00000600       0x20 ../../Users/jerome/Documents/2/2.08\libWebbot-ATmega640.a(compareFromIOPin.o)
 .debug_frame   0x00000620       0x20 ../../Users/jerome/Documents/2/2.08\libWebbot-ATmega640.a(compareSetOutputMode.o)
 .debug_frame   0x00000640       0x20 ../../Users/jerome/Documents/2/2.08\libWebbot-ATmega640.a(compareSetThreshold.o)
 .debug_frame   0x00000660       0x30 ../../Users/jerome/Documents/2/2.08\libWebbot-ATmega640.a(_uart_common.o)
 .debug_frame   0x00000690       0x70 ../../Users/jerome/Documents/2/2.08\libWebbot-ATmega640.a(uart.o)
 .debug_frame   0x00000700       0x30 ../../Users/jerome/Documents/2/2.08\libWebbot-ATmega640.a(uartCommonRx.o)
 .debug_frame   0x00000730       0x30 ../../Users/jerome/Documents/2/2.08\libWebbot-ATmega640.a(uartCommonRxNoBuf.o)
 .debug_frame   0x00000760       0x70 ../../Users/jerome/Documents/2/2.08\libWebbot-ATmega640.a(uartCommonTx.o)
 .debug_frame   0x000007d0       0x30 ../../Users/jerome/Documents/2/2.08\libWebbot-ATmega640.a(uartCommonTxNoBuf.o)
 .debug_frame   0x00000800       0x30 ../../Users/jerome/Documents/2/2.08\libWebbot-ATmega640.a(uartPollByte.o)
 .debug_frame   0x00000830       0x20 ../../Users/jerome/Documents/2/2.08\libWebbot-ATmega640.a(uartReceiveBufferIsEmpty.o)
 .debug_frame   0x00000850       0x20 ../../Users/jerome/Documents/2/2.08\libWebbot-ATmega640.a(clockHasElapsed.o)
 .debug_frame   0x00000870       0x20 ../../Users/jerome/Documents/2/2.08\libWebbot-ATmega640.a(clockHasElapsedGetOverflow.o)
 .debug_frame   0x00000890       0x20 ../../Users/jerome/Documents/2/2.08\libWebbot-ATmega640.a(breathe.o)
 .debug_frame   0x000008b0       0x30 ../../Users/jerome/Documents/2/2.08\libWebbot-ATmega640.a(iopin.o)
 .debug_frame   0x000008e0       0x20 ../../Users/jerome/Documents/2/2.08\libWebbot-ATmega640.a(iopin_set.o)
 .debug_frame   0x00000900       0x40 lib\libPost.a(opt_scheduler.o)

.debug_str      0x00000000     0x2350
 *(.debug_str)
 .debug_str     0x00000000      0xb9e beta.o
                                0xc7f (size before relaxing)
 .debug_str     0x00000b9e       0x45 protocol.o
                                0xa75 (size before relaxing)
 .debug_str     0x00000be3       0xa6 services.o
                                0xb22 (size before relaxing)
 .debug_str     0x00000c89      0x3b0 lib/lib_hardware.o
                                0x844 (size before relaxing)
 .debug_str     0x00001039      0x49b lib/lib_timerdef.o
                                0x6e9 (size before relaxing)
 .debug_str     0x000014d4       0xfd lib/gen_clock.o
                                0x1e1 (size before relaxing)
 .debug_str     0x000015d1       0x42 lib/lib_iopins.o
                                0x10e (size before relaxing)
 .debug_str     0x00001613      0x3c9 lib/lib_ctor.o
                               0x11a9 (size before relaxing)
 .debug_str     0x000019dc       0x3d lib/lib_timers.o
                                0x49b (size before relaxing)
 .debug_str     0x00001a19       0xd7 ../../Users/jerome/Documents/2/2.08\libWebbot-ATmega640.a(servoPWM.o)
                                0x6bf (size before relaxing)
 .debug_str     0x00001af0       0x3d ../../Users/jerome/Documents/2/2.08\libWebbot-ATmega640.a(servosConfig.o)
                                0x573 (size before relaxing)
 .debug_str     0x00001b2d       0x38 ../../Users/jerome/Documents/2/2.08\libWebbot-ATmega640.a(actuators.o)
                                0x1a0 (size before relaxing)
 .debug_str     0x00001b65       0x59 ../../Users/jerome/Documents/2/2.08\libWebbot-ATmega640.a(core_interpU.o)
                                0x120 (size before relaxing)
 .debug_str     0x00001bbe       0x3a ../../Users/jerome/Documents/2/2.08\libWebbot-ATmega640.a(errors.o)
                                0x1bd (size before relaxing)
 .debug_str     0x00001bf8       0x2e ../../Users/jerome/Documents/2/2.08\libWebbot-ATmega640.a(iopin_is_output.o)
                                0x12c (size before relaxing)
 .debug_str     0x00001c26       0x2f ../../Users/jerome/Documents/2/2.08\libWebbot-ATmega640.a(iopin_make_input.o)
                                0x15e (size before relaxing)
 .debug_str     0x00001c55       0x2a ../../Users/jerome/Documents/2/2.08\libWebbot-ATmega640.a(iopin_make_output.o)
                                0x159 (size before relaxing)
 .debug_str     0x00001c7f        0xa ../../Users/jerome/Documents/2/2.08\libWebbot-ATmega640.a(led.o)
                                0x126 (size before relaxing)
 .debug_str     0x00001c89        0xc ../../Users/jerome/Documents/2/2.08\libWebbot-ATmega640.a(main.o)
                                 0xe4 (size before relaxing)
 .debug_str     0x00001c95       0x5a ../../Users/jerome/Documents/2/2.08\libWebbot-ATmega640.a(rprintf.o)
                                0x136 (size before relaxing)
 .debug_str     0x00001cef       0x79 ../../Users/jerome/Documents/2/2.08\libWebbot-ATmega640.a(marqueeSendByte.o)
                                0x270 (size before relaxing)
 .debug_str     0x00001d68       0x93 ../../Users/jerome/Documents/2/2.08\libWebbot-ATmega640.a(segled.o)
                                0x1b9 (size before relaxing)
 .debug_str     0x00001dfb       0x2e ../../Users/jerome/Documents/2/2.08\libWebbot-ATmega640.a(segled8.o)
                                 0xf5 (size before relaxing)
 .debug_str     0x00001e29       0x77 ../../Users/jerome/Documents/2/2.08\libWebbot-ATmega640.a(compareFromIOPin.o)
                                0x308 (size before relaxing)
 .debug_str     0x00001ea0       0x3f ../../Users/jerome/Documents/2/2.08\libWebbot-ATmega640.a(compareSetOutputMode.o)
                                0x311 (size before relaxing)
 .debug_str     0x00001edf       0x45 ../../Users/jerome/Documents/2/2.08\libWebbot-ATmega640.a(compareSetThreshold.o)
                                0x303 (size before relaxing)
 .debug_str     0x00001f24       0x43 ../../Users/jerome/Documents/2/2.08\libWebbot-ATmega640.a(_uart_common.o)
                                0x2db (size before relaxing)
 .debug_str     0x00001f67       0x8c ../../Users/jerome/Documents/2/2.08\libWebbot-ATmega640.a(uart.o)
                                0x382 (size before relaxing)
 .debug_str     0x00001ff3       0x37 ../../Users/jerome/Documents/2/2.08\libWebbot-ATmega640.a(uartCommonRx.o)
                                0x283 (size before relaxing)
 .debug_str     0x0000202a       0x49 ../../Users/jerome/Documents/2/2.08\libWebbot-ATmega640.a(uartCommonRxNoBuf.o)
                                0x2c4 (size before relaxing)
 .debug_str     0x00002073       0x8b ../../Users/jerome/Documents/2/2.08\libWebbot-ATmega640.a(uartCommonTx.o)
                                0x306 (size before relaxing)
 .debug_str     0x000020fe       0x47 ../../Users/jerome/Documents/2/2.08\libWebbot-ATmega640.a(uartCommonTxNoBuf.o)
                                0x2ee (size before relaxing)
 .debug_str     0x00002145       0x38 ../../Users/jerome/Documents/2/2.08\libWebbot-ATmega640.a(uartPollByte.o)
                                0x2d4 (size before relaxing)
 .debug_str     0x0000217d       0x4d ../../Users/jerome/Documents/2/2.08\libWebbot-ATmega640.a(uartReceiveBufferIsEmpty.o)
                                0x2c2 (size before relaxing)
 .debug_str     0x000021ca       0x37 ../../Users/jerome/Documents/2/2.08\libWebbot-ATmega640.a(clockHasElapsed.o)
                                 0xf9 (size before relaxing)
 .debug_str     0x00002201       0x46 ../../Users/jerome/Documents/2/2.08\libWebbot-ATmega640.a(clockHasElapsedGetOverflow.o)
                                0x120 (size before relaxing)
 .debug_str     0x00002247       0x24 ../../Users/jerome/Documents/2/2.08\libWebbot-ATmega640.a(breathe.o)
                                 0xe7 (size before relaxing)
 .debug_str     0x0000226b       0x1f ../../Users/jerome/Documents/2/2.08\libWebbot-ATmega640.a(iopin.o)
                                0x13f (size before relaxing)
 .debug_str     0x0000228a       0x1a ../../Users/jerome/Documents/2/2.08\libWebbot-ATmega640.a(iopin_set.o)
                                0x101 (size before relaxing)
 .debug_str     0x000022a4       0xac lib\libPost.a(opt_scheduler.o)
                                0x1e0 (size before relaxing)

.debug_loc      0x00000000     0x2177
 *(.debug_loc)
 .debug_loc     0x00000000       0x3c lib/lib_hardware.o
 .debug_loc     0x0000003c       0xb4 lib/gen_clock.o
 .debug_loc     0x000000f0      0x1ed lib/lib_ctor.o
 .debug_loc     0x000002dd       0x68 lib/lib_timers.o
 .debug_loc     0x00000345      0x18c ../../Users/jerome/Documents/2/2.08\libWebbot-ATmega640.a(servoPWM.o)
 .debug_loc     0x000004d1      0x17e ../../Users/jerome/Documents/2/2.08\libWebbot-ATmega640.a(servosConfig.o)
 .debug_loc     0x0000064f      0x1bd ../../Users/jerome/Documents/2/2.08\libWebbot-ATmega640.a(actuators.o)
 .debug_loc     0x0000080c       0xee ../../Users/jerome/Documents/2/2.08\libWebbot-ATmega640.a(core_interpU.o)
 .debug_loc     0x000008fa       0x58 ../../Users/jerome/Documents/2/2.08\libWebbot-ATmega640.a(iopin_is_output.o)
 .debug_loc     0x00000952       0x98 ../../Users/jerome/Documents/2/2.08\libWebbot-ATmega640.a(iopin_make_input.o)
 .debug_loc     0x000009ea       0xa8 ../../Users/jerome/Documents/2/2.08\libWebbot-ATmega640.a(iopin_make_output.o)
 .debug_loc     0x00000a92       0x67 ../../Users/jerome/Documents/2/2.08\libWebbot-ATmega640.a(led.o)
 .debug_loc     0x00000af9       0x61 ../../Users/jerome/Documents/2/2.08\libWebbot-ATmega640.a(rprintf.o)
 .debug_loc     0x00000b5a      0x3ae ../../Users/jerome/Documents/2/2.08\libWebbot-ATmega640.a(marqueeSendByte.o)
 .debug_loc     0x00000f08      0x10b ../../Users/jerome/Documents/2/2.08\libWebbot-ATmega640.a(segled.o)
 .debug_loc     0x00001013       0xea ../../Users/jerome/Documents/2/2.08\libWebbot-ATmega640.a(segled8.o)
 .debug_loc     0x000010fd       0xd1 ../../Users/jerome/Documents/2/2.08\libWebbot-ATmega640.a(compareFromIOPin.o)
 .debug_loc     0x000011ce       0x76 ../../Users/jerome/Documents/2/2.08\libWebbot-ATmega640.a(compareSetOutputMode.o)
 .debug_loc     0x00001244      0x172 ../../Users/jerome/Documents/2/2.08\libWebbot-ATmega640.a(compareSetThreshold.o)
 .debug_loc     0x000013b6      0x115 ../../Users/jerome/Documents/2/2.08\libWebbot-ATmega640.a(_uart_common.o)
 .debug_loc     0x000014cb      0x1b4 ../../Users/jerome/Documents/2/2.08\libWebbot-ATmega640.a(uart.o)
 .debug_loc     0x0000167f       0x79 ../../Users/jerome/Documents/2/2.08\libWebbot-ATmega640.a(uartCommonRx.o)
 .debug_loc     0x000016f8       0x73 ../../Users/jerome/Documents/2/2.08\libWebbot-ATmega640.a(uartCommonRxNoBuf.o)
 .debug_loc     0x0000176b      0x261 ../../Users/jerome/Documents/2/2.08\libWebbot-ATmega640.a(uartCommonTx.o)
 .debug_loc     0x000019cc       0x8c ../../Users/jerome/Documents/2/2.08\libWebbot-ATmega640.a(uartCommonTxNoBuf.o)
 .debug_loc     0x00001a58       0x78 ../../Users/jerome/Documents/2/2.08\libWebbot-ATmega640.a(uartPollByte.o)
 .debug_loc     0x00001ad0       0x6f ../../Users/jerome/Documents/2/2.08\libWebbot-ATmega640.a(uartReceiveBufferIsEmpty.o)
 .debug_loc     0x00001b3f       0x3c ../../Users/jerome/Documents/2/2.08\libWebbot-ATmega640.a(clockHasElapsed.o)
 .debug_loc     0x00001b7b      0x10e ../../Users/jerome/Documents/2/2.08\libWebbot-ATmega640.a(clockHasElapsedGetOverflow.o)
 .debug_loc     0x00001c89      0x228 ../../Users/jerome/Documents/2/2.08\libWebbot-ATmega640.a(iopin.o)
 .debug_loc     0x00001eb1       0x46 ../../Users/jerome/Documents/2/2.08\libWebbot-ATmega640.a(iopin_set.o)
 .debug_loc     0x00001ef7      0x280 lib\libPost.a(opt_scheduler.o)

.debug_macinfo
 *(.debug_macinfo)
OUTPUT(beta.elf elf32-avr)
LOAD linker stubs

.debug_ranges   0x00000000       0x98
 .debug_ranges  0x00000000       0x18 ../../Users/jerome/Documents/2/2.08\libWebbot-ATmega640.a(servoPWM.o)
 .debug_ranges  0x00000018       0x18 ../../Users/jerome/Documents/2/2.08\libWebbot-ATmega640.a(segled.o)
 .debug_ranges  0x00000030       0x68 ../../Users/jerome/Documents/2/2.08\libWebbot-ATmega640.a(compareFromIOPin.o)
