Archive member included because of file (symbol)

c:/winavr-20100110/bin/../lib/gcc/avr/4.3.3/../../../../avr/lib/avr5\libprintf_flt.a(vfprintf_flt.o)
                              (vfprintf)
../../Users/jerome/Documents/2/2.08\libWebbot-ATmega640.a(servoPWM.o)
                              lib/lib_hardware.o (servoPWMInit)
../../Users/jerome/Documents/2/2.08\libWebbot-ATmega640.a(servosConfig.o)
                              ../../Users/jerome/Documents/2/2.08\libWebbot-ATmega640.a(servoPWM.o) (servoSetConfig)
../../Users/jerome/Documents/2/2.08\libWebbot-ATmega640.a(StreamChar.o)
                              protocol.o (Stream::print(char))
../../Users/jerome/Documents/2/2.08\libWebbot-ATmega640.a(actuators.o)
                              ../../Users/jerome/Documents/2/2.08\libWebbot-ATmega640.a(servoPWM.o) (__act_setSpeed)
../../Users/jerome/Documents/2/2.08\libWebbot-ATmega640.a(core_interpU.o)
                              ../../Users/jerome/Documents/2/2.08\libWebbot-ATmega640.a(servoPWM.o) (interpolateU)
../../Users/jerome/Documents/2/2.08\libWebbot-ATmega640.a(errors.o)
                              lib/gen_clock.o (__error)
../../Users/jerome/Documents/2/2.08\libWebbot-ATmega640.a(iopin_is_output.o)
                              lib/lib_ctor.o (pin_is_output)
../../Users/jerome/Documents/2/2.08\libWebbot-ATmega640.a(iopin_make_input.o)
                              lib/lib_hardware.o (pin_make_input)
../../Users/jerome/Documents/2/2.08\libWebbot-ATmega640.a(iopin_make_output.o)
                              ../../Users/jerome/Documents/2/2.08\libWebbot-ATmega640.a(servoPWM.o) (pin_make_output)
../../Users/jerome/Documents/2/2.08\libWebbot-ATmega640.a(led.o)
                              lib/lib_hardware.o (LED_set)
../../Users/jerome/Documents/2/2.08\libWebbot-ATmega640.a(main.o)
                              c:/winavr-20100110/bin/../lib/gcc/avr/4.3.3/../../../../avr/lib/avr5/crtm640.o (main)
../../Users/jerome/Documents/2/2.08\libWebbot-ATmega640.a(marqueeSendByte.o)
                              lib/lib_hardware.o (marqueeSendByte)
../../Users/jerome/Documents/2/2.08\libWebbot-ATmega640.a(segled.o)
                              ../../Users/jerome/Documents/2/2.08\libWebbot-ATmega640.a(marqueeSendByte.o) (segled_put_char)
../../Users/jerome/Documents/2/2.08\libWebbot-ATmega640.a(segled8.o)
                              ../../Users/jerome/Documents/2/2.08\libWebbot-ATmega640.a(segled.o) (segled8_get_mask)
../../Users/jerome/Documents/2/2.08\libWebbot-ATmega640.a(compareFromIOPin.o)
                              ../../Users/jerome/Documents/2/2.08\libWebbot-ATmega640.a(servoPWM.o) (compareFromIOPin)
../../Users/jerome/Documents/2/2.08\libWebbot-ATmega640.a(compareSetOutputMode.o)
                              ../../Users/jerome/Documents/2/2.08\libWebbot-ATmega640.a(servoPWM.o) (compareSetOutputMode)
../../Users/jerome/Documents/2/2.08\libWebbot-ATmega640.a(compareSetThreshold.o)
                              ../../Users/jerome/Documents/2/2.08\libWebbot-ATmega640.a(servoPWM.o) (compareSetThreshold)
../../Users/jerome/Documents/2/2.08\libWebbot-ATmega640.a(_uart_common.o)
                              lib/lib_hardware.o (_uartInit)
../../Users/jerome/Documents/2/2.08\libWebbot-ATmega640.a(uart.o)
                              lib/lib_hardware.o (c_hw_uart)
../../Users/jerome/Documents/2/2.08\libWebbot-ATmega640.a(uartCommonRx.o)
                              lib/lib_hardware.o (__uartReceiveService)
../../Users/jerome/Documents/2/2.08\libWebbot-ATmega640.a(uartCommonRxNoBuf.o)
                              lib/lib_hardware.o (__uartGetByteUnbuffered)
../../Users/jerome/Documents/2/2.08\libWebbot-ATmega640.a(uartCommonTx.o)
                              lib/lib_hardware.o (_uartSendByte)
../../Users/jerome/Documents/2/2.08\libWebbot-ATmega640.a(uartCommonTxNoBuf.o)
                              lib/lib_hardware.o (__uartSendNextUnbuffered)
../../Users/jerome/Documents/2/2.08\libWebbot-ATmega640.a(uartPollByte.o)
                              beta.o (uartReceivePollingMode)
../../Users/jerome/Documents/2/2.08\libWebbot-ATmega640.a(clockHasElapsed.o)
                              ../../Users/jerome/Documents/2/2.08\libWebbot-ATmega640.a(main.o) (clockHasElapsed)
../../Users/jerome/Documents/2/2.08\libWebbot-ATmega640.a(clockHasElapsedGetOverflow.o)
                              ../../Users/jerome/Documents/2/2.08\libWebbot-ATmega640.a(clockHasElapsed.o) (clockHasElapsedGetOverflow)
../../Users/jerome/Documents/2/2.08\libWebbot-ATmega640.a(breathe.o)
                              ../../Users/jerome/Documents/2/2.08\libWebbot-ATmega640.a(main.o) (breathe)
../../Users/jerome/Documents/2/2.08\libWebbot-ATmega640.a(iopin.o)
                              ../../Users/jerome/Documents/2/2.08\libWebbot-ATmega640.a(segled.o) (pin_low)
../../Users/jerome/Documents/2/2.08\libWebbot-ATmega640.a(iopin_set.o)
                              ../../Users/jerome/Documents/2/2.08\libWebbot-ATmega640.a(led.o) (pin_set)
lib\libPost.a(opt_scheduler.o)
                              ../../Users/jerome/Documents/2/2.08\libWebbot-ATmega640.a(marqueeSendByte.o) (scheduleJob)
c:/winavr-20100110/bin/../lib/gcc/avr/4.3.3/../../../../avr/lib/avr5\libc.a(malloc.o)
                              ../../Users/jerome/Documents/2/2.08\libWebbot-ATmega640.a(marqueeSendByte.o) (malloc)
c:/winavr-20100110/bin/../lib/gcc/avr/4.3.3/../../../../avr/lib/avr5\libc.a(exit.o)
                              c:/winavr-20100110/bin/../lib/gcc/avr/4.3.3/../../../../avr/lib/avr5/crtm640.o (exit)
c:/winavr-20100110/bin/../lib/gcc/avr/4.3.3/../../../../avr/lib/avr5\libc.a(ftoa_engine.o)
                              c:/winavr-20100110/bin/../lib/gcc/avr/4.3.3/../../../../avr/lib/avr5\libprintf_flt.a(vfprintf_flt.o) (__ftoa_engine)
c:/winavr-20100110/bin/../lib/gcc/avr/4.3.3/../../../../avr/lib/avr5\libc.a(strnlen_P.o)
                              c:/winavr-20100110/bin/../lib/gcc/avr/4.3.3/../../../../avr/lib/avr5\libprintf_flt.a(vfprintf_flt.o) (strnlen_P)
c:/winavr-20100110/bin/../lib/gcc/avr/4.3.3/../../../../avr/lib/avr5\libc.a(memset.o)
                              protocol.o (memset)
c:/winavr-20100110/bin/../lib/gcc/avr/4.3.3/../../../../avr/lib/avr5\libc.a(strnlen.o)
                              c:/winavr-20100110/bin/../lib/gcc/avr/4.3.3/../../../../avr/lib/avr5\libprintf_flt.a(vfprintf_flt.o) (strnlen)
c:/winavr-20100110/bin/../lib/gcc/avr/4.3.3/../../../../avr/lib/avr5\libc.a(fprintf_p.o)
                              ../../Users/jerome/Documents/2/2.08\libWebbot-ATmega640.a(errors.o) (fprintf_P)
c:/winavr-20100110/bin/../lib/gcc/avr/4.3.3/../../../../avr/lib/avr5\libc.a(fputc.o)
                              c:/winavr-20100110/bin/../lib/gcc/avr/4.3.3/../../../../avr/lib/avr5\libprintf_flt.a(vfprintf_flt.o) (fputc)
c:/winavr-20100110/bin/../lib/gcc/avr/4.3.3/../../../../avr/lib/avr5\libc.a(iob.o)
                              lib/lib_ctor.o (__iob)
c:/winavr-20100110/bin/../lib/gcc/avr/4.3.3/../../../../avr/lib/avr5\libc.a(ultoa_invert.o)
                              c:/winavr-20100110/bin/../lib/gcc/avr/4.3.3/../../../../avr/lib/avr5\libprintf_flt.a(vfprintf_flt.o) (__ultoa_invert)
c:/winavr-20100110/bin/../lib/gcc/avr/4.3.3/avr5\libgcc.a(_mulsi3.o)
                              lib/gen_clock.o (__mulsi3)
c:/winavr-20100110/bin/../lib/gcc/avr/4.3.3/avr5\libgcc.a(_udivmodhi4.o)
                              ../../Users/jerome/Documents/2/2.08\libWebbot-ATmega640.a(servosConfig.o) (__udivmodhi4)
c:/winavr-20100110/bin/../lib/gcc/avr/4.3.3/avr5\libgcc.a(_udivmodsi4.o)
                              lib/gen_clock.o (__udivmodsi4)
c:/winavr-20100110/bin/../lib/gcc/avr/4.3.3/avr5\libgcc.a(_divmodsi4.o)
                              ../../Users/jerome/Documents/2/2.08\libWebbot-ATmega640.a(core_interpU.o) (__divmodsi4)
c:/winavr-20100110/bin/../lib/gcc/avr/4.3.3/avr5\libgcc.a(_prologue.o)
                              c:/winavr-20100110/bin/../lib/gcc/avr/4.3.3/../../../../avr/lib/avr5\libprintf_flt.a(vfprintf_flt.o) (__prologue_saves__)
c:/winavr-20100110/bin/../lib/gcc/avr/4.3.3/avr5\libgcc.a(_epilogue.o)
                              c:/winavr-20100110/bin/../lib/gcc/avr/4.3.3/../../../../avr/lib/avr5\libprintf_flt.a(vfprintf_flt.o) (__epilogue_restores__)
c:/winavr-20100110/bin/../lib/gcc/avr/4.3.3/avr5\libgcc.a(_exit.o)
                              c:/winavr-20100110/bin/../lib/gcc/avr/4.3.3/../../../../avr/lib/avr5\libc.a(exit.o) (_exit)
c:/winavr-20100110/bin/../lib/gcc/avr/4.3.3/avr5\libgcc.a(_copy_data.o)
                              protocol.o (__do_copy_data)
c:/winavr-20100110/bin/../lib/gcc/avr/4.3.3/avr5\libgcc.a(_clear_bss.o)
                              beta.o (__do_clear_bss)
c:/winavr-20100110/bin/../lib/gcc/avr/4.3.3/avr5\libgcc.a(_ctors.o)
                              beta.o (__do_global_ctors)
c:/winavr-20100110/bin/../lib/gcc/avr/4.3.3/avr5\libgcc.a(_tablejump.o)
                              c:/winavr-20100110/bin/../lib/gcc/avr/4.3.3/avr5\libgcc.a(_ctors.o) (__tablejump__)

Allocating common symbols
Common symbol       size              file

statusLED           0x3               ../../Users/jerome/Documents/2/2.08\libWebbot-ATmega640.a(led.o)
__brkval            0x2               c:/winavr-20100110/bin/../lib/gcc/avr/4.3.3/../../../../avr/lib/avr5\libc.a(malloc.o)
__error             0x5               ../../Users/jerome/Documents/2/2.08\libWebbot-ATmega640.a(errors.o)
__flp               0x2               c:/winavr-20100110/bin/../lib/gcc/avr/4.3.3/../../../../avr/lib/avr5\libc.a(malloc.o)
__iob               0x6               c:/winavr-20100110/bin/../lib/gcc/avr/4.3.3/../../../../avr/lib/avr5\libc.a(iob.o)

Memory Configuration

Name             Origin             Length             Attributes
text             0x00000000         0x00020000         xr
data             0x00800060         0x0000ffa0         rw !x
eeprom           0x00810000         0x00010000         rw !x
fuse             0x00820000         0x00000400         rw !x
lock             0x00830000         0x00000400         rw !x
signature        0x00840000         0x00000400         rw !x
*default*        0x00000000         0xffffffff

Linker script and memory map

Address of section .data set to 0x800200
LOAD c:/winavr-20100110/bin/../lib/gcc/avr/4.3.3/../../../../avr/lib/avr5/crtm640.o
LOAD c:/winavr-20100110/bin/../lib/gcc/avr/4.3.3/../../../../avr/lib/avr5\libprintf_flt.a
LOAD beta.o
LOAD protocol.o
LOAD services.o
LOAD lib/lib_hardware.o
LOAD lib/lib_timerdef.o
LOAD lib/gen_clock.o
LOAD lib/lib_iopins.o
LOAD lib/lib_ctor.o
LOAD lib/lib_timers.o
LOAD ../../Users/jerome/Documents/2/2.08\libWebbot-ATmega640.a
LOAD lib\libPost.a
LOAD c:/winavr-20100110/bin/../lib/gcc/avr/4.3.3/../../../../avr/lib/avr5\libm.a
LOAD c:/winavr-20100110/bin/../lib/gcc/avr/4.3.3/../../../../avr/lib/avr5\libc.a
LOAD c:/winavr-20100110/bin/../lib/gcc/avr/4.3.3/avr5\libgcc.a
LOAD c:/winavr-20100110/bin/../lib/gcc/avr/4.3.3/../../../../avr/lib/avr5\libc.a
LOAD c:/winavr-20100110/bin/../lib/gcc/avr/4.3.3/avr5\libgcc.a

.hash
 *(.hash)

.dynsym
 *(.dynsym)

.dynstr
 *(.dynstr)

.gnu.version
 *(.gnu.version)

.gnu.version_d
 *(.gnu.version_d)

.gnu.version_r
 *(.gnu.version_r)

.rel.init
 *(.rel.init)

.rela.init
 *(.rela.init)

.rel.text
 *(.rel.text)
 *(.rel.text.*)
 *(.rel.gnu.linkonce.t*)

.rela.text
 *(.rela.text)
 *(.rela.text.*)
 *(.rela.gnu.linkonce.t*)

.rel.fini
 *(.rel.fini)

.rela.fini
 *(.rela.fini)

.rel.rodata
 *(.rel.rodata)
 *(.rel.rodata.*)
 *(.rel.gnu.linkonce.r*)

.rela.rodata
 *(.rela.rodata)
 *(.rela.rodata.*)
 *(.rela.gnu.linkonce.r*)

.rel.data
 *(.rel.data)
 *(.rel.data.*)
 *(.rel.gnu.linkonce.d*)

.rela.data
 *(.rela.data)
 *(.rela.data.*)
 *(.rela.gnu.linkonce.d*)

.rel.ctors
 *(.rel.ctors)

.rela.ctors
 *(.rela.ctors)

.rel.dtors
 *(.rel.dtors)

.rela.dtors
 *(.rela.dtors)

.rel.got
 *(.rel.got)

.rela.got
 *(.rela.got)

.rel.bss
 *(.rel.bss)

.rela.bss
 *(.rela.bss)

.rel.plt
 *(.rel.plt)

.rela.plt
 *(.rela.plt)

.text           0x00000000     0x3586
 *(.vectors)
 .vectors       0x00000000       0xe4 c:/winavr-20100110/bin/../lib/gcc/avr/4.3.3/../../../../avr/lib/avr5/crtm640.o
                0x00000000                __vectors
                0x00000000                __vector_default
 *(.vectors)
 *(.progmem.gcc*)
 *(.progmem*)
 .progmem.data  0x000000e4        0x8 c:/winavr-20100110/bin/../lib/gcc/avr/4.3.3/../../../../avr/lib/avr5\libprintf_flt.a(vfprintf_flt.o)
 .progmem.data  0x000000ec        0x8 lib/lib_hardware.o
 .progmem.data  0x000000f4      0x208 lib/lib_timerdef.o
                0x000000f4                __timer0Compare
                0x00000144                __timer2Compare
                0x000001f4                pgm_Timers
                0x00000114                __timer1Compare
                0x00000164                __timer3Compare
                0x00000194                __timer4Compare
                0x000001c4                __timer5Compare
 .progmem.data  0x000002fc       0x83 lib/lib_iopins.o
                0x00000317                _C5
                0x0000034a                _L3
                0x00000320                _D5
                0x00000335                _G5
                0x000002ff                _B5
                0x00000347                _L1
                0x0000031d                _D3
                0x00000338                _H3
                0x0000030e                _C2
                0x00000341                _H6
                0x00000329                _E3
                0x00000305                _B7
                0x00000353                AVcc_MV
                0x00000311                _C3
                0x0000032f                _E5
                0x00000314                _C4
                0x0000034d                _L4
                0x00000323                _D6
                0x00000302                _B6
                0x0000033e                _H5
                0x00000344                _L0
                0x0000031a                _D2
                0x00000350                _L5
                0x00000326                _D7
                0x0000032c                _E4
                0x0000033b                _H4
                0x0000030b                _C1
                0x00000332                _E7
                0x00000308                _C0
                0x000002fc                _B4
 .progmem.data  0x0000037f        0x4 ../../Users/jerome/Documents/2/2.08\libWebbot-ATmega640.a(servoPWM.o)
 .progmem.data  0x00000383       0x1b ../../Users/jerome/Documents/2/2.08\libWebbot-ATmega640.a(errors.o)
 .progmem.data  0x0000039e       0x24 ../../Users/jerome/Documents/2/2.08\libWebbot-ATmega640.a(segled8.o)
 .progmem.data  0x000003c2        0xc ../../Users/jerome/Documents/2/2.08\libWebbot-ATmega640.a(uart.o)
                0x000003c2                c_hw_uart
 .progmem.data  0x000003ce       0xfa c:/winavr-20100110/bin/../lib/gcc/avr/4.3.3/../../../../avr/lib/avr5\libc.a(ftoa_engine.o)
                0x000004c8                . = ALIGN (0x2)
                0x000004c8                __trampolines_start = .
 *(.trampolines)
 .trampolines   0x000004c8        0x0 linker stubs
 *(.trampolines*)
                0x000004c8                __trampolines_end = .
 *(.jumptables)
 *(.jumptables*)
 *(.lowtext)
 *(.lowtext*)
                0x000004c8                __ctors_start = .
 *(.ctors)
 .ctors         0x000004c8        0x2 beta.o
 .ctors         0x000004ca        0x4 lib/lib_ctor.o
                0x000004ce                __ctors_end = .
                0x000004ce                __dtors_start = .
 *(.dtors)
                0x000004ce                __dtors_end = .
 SORT(*)(.ctors)
 SORT(*)(.dtors)
 *(.init0)
 .init0         0x000004ce        0x0 c:/winavr-20100110/bin/../lib/gcc/avr/4.3.3/../../../../avr/lib/avr5/crtm640.o
                0x000004ce                __init
 *(.init0)
 *(.init1)
 *(.init1)
 *(.init2)
 .init2         0x000004ce        0xc c:/winavr-20100110/bin/../lib/gcc/avr/4.3.3/../../../../avr/lib/avr5/crtm640.o
 *(.init2)
 *(.init3)
 *(.init3)
 *(.init4)
 .init4         0x000004da       0x16 c:/winavr-20100110/bin/../lib/gcc/avr/4.3.3/avr5\libgcc.a(_copy_data.o)
                0x000004da                __do_copy_data
 .init4         0x000004f0       0x10 c:/winavr-20100110/bin/../lib/gcc/avr/4.3.3/avr5\libgcc.a(_clear_bss.o)
                0x000004f0                __do_clear_bss
 *(.init4)
 *(.init5)
 *(.init5)
 *(.init6)
 .init6         0x00000500       0x16 c:/winavr-20100110/bin/../lib/gcc/avr/4.3.3/avr5\libgcc.a(_ctors.o)
                0x00000500                __do_global_ctors
 *(.init6)
 *(.init7)
 *(.init7)
 *(.init8)
 *(.init8)
 *(.init9)
 .init9         0x00000516        0x8 c:/winavr-20100110/bin/../lib/gcc/avr/4.3.3/../../../../avr/lib/avr5/crtm640.o
 *(.init9)
 *(.text)
 .text          0x0000051e        0x4 c:/winavr-20100110/bin/../lib/gcc/avr/4.3.3/../../../../avr/lib/avr5/crtm640.o
                0x0000051e                __vector_22
                0x0000051e                __vector_28
                0x0000051e                __vector_1
                0x0000051e                __vector_32
                0x0000051e                __vector_34
                0x0000051e                __vector_24
                0x0000051e                __vector_12
                0x0000051e                __vector_55
                0x0000051e                __vector_46
                0x0000051e                __bad_interrupt
                0x0000051e                __vector_6
                0x0000051e                __vector_31
                0x0000051e                __vector_35
                0x0000051e                __vector_39
                0x0000051e                __vector_3
                0x0000051e                __vector_23
                0x0000051e                __vector_30
                0x0000051e                __vector_45
                0x0000051e                __vector_25
                0x0000051e                __vector_11
                0x0000051e                __vector_54
                0x0000051e                __vector_13
                0x0000051e                __vector_17
                0x0000051e                __vector_19
                0x0000051e                __vector_56
                0x0000051e                __vector_7
                0x0000051e                __vector_49
                0x0000051e                __vector_41
                0x0000051e                __vector_43
                0x0000051e                __vector_27
                0x0000051e                __vector_5
                0x0000051e                __vector_33
                0x0000051e                __vector_52
                0x0000051e                __vector_37
                0x0000051e                __vector_4
                0x0000051e                __vector_44
                0x0000051e                __vector_51
                0x0000051e                __vector_9
                0x0000051e                __vector_2
                0x0000051e                __vector_21
                0x0000051e                __vector_15
                0x0000051e                __vector_29
                0x0000051e                __vector_40
                0x0000051e                __vector_8
                0x0000051e                __vector_26
                0x0000051e                __vector_14
                0x0000051e                __vector_53
                0x0000051e                __vector_10
                0x0000051e                __vector_50
                0x0000051e                __vector_16
                0x0000051e                __vector_18
                0x0000051e                __vector_20
                0x0000051e                __vector_42
 .text          0x00000522        0x0 c:/winavr-20100110/bin/../lib/gcc/avr/4.3.3/../../../../avr/lib/avr5\libprintf_flt.a(vfprintf_flt.o)
 .text          0x00000522      0x14e beta.o
                0x0000060a                appInitSoftware
                0x000005d6                UartHW::setPollingMode(signed char)
                0x0000065e                appInitHardware
                0x00000584                appControl
 .text          0x00000670      0x5f2 protocol.o
                0x00000b34                Protocol::treatIO()
                0x0000073a                Protocol::send(Packet&)
                0x00000c04                Protocol::Protocol()
                0x0000097a                Stream::operator<<(char)
                0x00000720                Protocol::receive()
                0x000006cc                Packet::Packet()
                0x0000082c                Protocol::_write(unsigned char*, int)
                0x00000ba6                Protocol::Protocol()
                0x000006a6                Packet::Packet()
                0x000006f2                Protocol::init(UartHW*)
                0x000009a2                Protocol::dump(unsigned char)
                0x000008b0                Protocol::_read()
 .text          0x00000c62      0x172 services.o
                0x00000d04                Service::match(Packet const&)
                0x00000c62                Service::Service(char)
                0x00000c9c                Service::Service(char)
                0x00000cd6                Service::init(Protocol*)
                0x00000d9e                PingService::execute(Packet&)
                0x00000d70                PingService::PingService()
                0x00000d42                PingService::PingService()
 .text          0x00000dd4      0x114 lib/lib_hardware.o
                0x00000e84                __vector_38
                0x00000e04                initHardware
                0x00000ed0                uart1GetByte
                0x00000de2                registerLED
                0x00000eda                uart1SendByte
                0x00000e2e                __vector_36
                0x00000e0e                sysInitHardware
 .text          0x00000ee8        0x0 lib/lib_timerdef.o
 .text          0x00000ee8      0x1ba lib/gen_clock.o
                0x00000fce                __clockInit
                0x00000f4c                clockSnapshotToTicks
                0x00000ee8                clockGetSnapshot
                0x00000fdc                __vector_47
                0x00000f94                clockGetus
 .text          0x000010a2        0x0 lib/lib_iopins.o
 .text          0x000010a2      0x206 lib/lib_ctor.o
                0x00001236                StatusLed::set(signed char) const
                0x000010fa                _cpp_Init_()
                0x000010ee                NullStream::read()
                0x000010e8                NullStream::write(unsigned char)
                0x00001118                __cxa_pure_virtual
                0x000010a2                Stream::_put(char, __file*)
                0x000010f4                Marquee::read()
                0x00001264                Marquee::write(unsigned char)
                0x00001272                UartHW::read()
                0x00001258                Led::set(signed char) const
                0x0000128e                Uart::read()
                0x000010c8                Stream::_get(__file*)
                0x0000129a                Uart::write(unsigned char)
 .text          0x000012a8       0x7a lib/lib_timers.o
                0x000012a8                __initTimers
 .text          0x00001322      0x138 ../../Users/jerome/Documents/2/2.08\libWebbot-ATmega640.a(servoPWM.o)
                0x00001322                servoPWMInit
 .text          0x0000145a      0x102 ../../Users/jerome/Documents/2/2.08\libWebbot-ATmega640.a(servosConfig.o)
                0x0000145a                servoSetConfig
 .text          0x0000155c       0x36 ../../Users/jerome/Documents/2/2.08\libWebbot-ATmega640.a(StreamChar.o)
                0x0000155c                Stream::print(char)
 .text          0x00001592       0x76 ../../Users/jerome/Documents/2/2.08\libWebbot-ATmega640.a(actuators.o)
                0x00001592                __act_setSpeed
                0x000015d2                __act_setConnected
 .text          0x00001608       0x82 ../../Users/jerome/Documents/2/2.08\libWebbot-ATmega640.a(core_interpU.o)
                0x00001608                interpolateU
 .text          0x0000168a       0xd6 ../../Users/jerome/Documents/2/2.08\libWebbot-ATmega640.a(errors.o)
                0x00001690                setErrorLog
                0x0000169a                setError
                0x0000168a                getError
 .text          0x00001760       0x2a ../../Users/jerome/Documents/2/2.08\libWebbot-ATmega640.a(iopin_is_output.o)
                0x00001760                pin_is_output
 .text          0x0000178a       0x4e ../../Users/jerome/Documents/2/2.08\libWebbot-ATmega640.a(iopin_make_input.o)
                0x0000178a                pin_make_input
 .text          0x000017d8       0x4e ../../Users/jerome/Documents/2/2.08\libWebbot-ATmega640.a(iopin_make_output.o)
                0x000017d8                pin_make_output
 .text          0x00001826       0x44 ../../Users/jerome/Documents/2/2.08\libWebbot-ATmega640.a(led.o)
                0x00001826                LED_set
 .text          0x0000186a       0xd0 ../../Users/jerome/Documents/2/2.08\libWebbot-ATmega640.a(main.o)
                0x0000186a                main
 .text          0x0000193a      0x2ba ../../Users/jerome/Documents/2/2.08\libWebbot-ATmega640.a(marqueeSendByte.o)
                0x0000193a                marqueeSendByte
 .text          0x00001bf4      0x10c ../../Users/jerome/Documents/2/2.08\libWebbot-ATmega640.a(segled.o)
                0x00001bf4                segled_put_char
                0x00001c8a                segled_set
 .text          0x00001d00       0x76 ../../Users/jerome/Documents/2/2.08\libWebbot-ATmega640.a(segled8.o)
                0x00001d00                segled8_get_mask
 .text          0x00001d76       0x98 ../../Users/jerome/Documents/2/2.08\libWebbot-ATmega640.a(compareFromIOPin.o)
                0x00001d76                compareFromIOPin
 .text          0x00001e0e       0x44 ../../Users/jerome/Documents/2/2.08\libWebbot-ATmega640.a(compareSetOutputMode.o)
                0x00001e0e                compareSetOutputMode
 .text          0x00001e52       0x6a ../../Users/jerome/Documents/2/2.08\libWebbot-ATmega640.a(compareSetThreshold.o)
                0x00001e52                compareSetThreshold
 .text          0x00001ebc       0xa4 ../../Users/jerome/Documents/2/2.08\libWebbot-ATmega640.a(_uart_common.o)
                0x00001ebc                _uartSetBaudRate
                0x00001ed4                _uartInit
 .text          0x00001f60      0x1dc ../../Users/jerome/Documents/2/2.08\libWebbot-ATmega640.a(uart.o)
                0x00001f60                __uartHWSetBaudRate
                0x000020cc                __uartHWStartXmit
                0x00002104                __uartHWInit
 .text          0x0000213c       0x40 ../../Users/jerome/Documents/2/2.08\libWebbot-ATmega640.a(uartCommonRx.o)
                0x00002170                __uartGetByte
                0x0000213c                __uartReceiveService
 .text          0x0000217c       0x3c ../../Users/jerome/Documents/2/2.08\libWebbot-ATmega640.a(uartCommonRxNoBuf.o)
                0x00002194                __uartReceiveUnbuffered
                0x0000217c                __uartGetByteUnbuffered
 .text          0x000021b8       0xe6 ../../Users/jerome/Documents/2/2.08\libWebbot-ATmega640.a(uartCommonTx.o)
                0x0000227e                _uartSendByte
                0x00002242                _uartSendBuffer
                0x0000220a                _uartTransmitBlockEnd
                0x00002292                __uartTransmitService
                0x000021b8                _uartStartXmit
                0x000021d2                _uartTransmitBlockStart
 .text          0x0000229e       0x46 ../../Users/jerome/Documents/2/2.08\libWebbot-ATmega640.a(uartCommonTxNoBuf.o)
                0x000022ae                __uartSendUnbuffered
                0x0000229e                __uartSendNextUnbuffered
 .text          0x000022e4       0x44 ../../Users/jerome/Documents/2/2.08\libWebbot-ATmega640.a(uartPollByte.o)
                0x00002300                uartPollByte
                0x000022e4                uartReceivePollingMode
 .text          0x00002328       0x12 ../../Users/jerome/Documents/2/2.08\libWebbot-ATmega640.a(clockHasElapsed.o)
                0x00002328                clockHasElapsed
 .text          0x0000233a       0x84 ../../Users/jerome/Documents/2/2.08\libWebbot-ATmega640.a(clockHasElapsedGetOverflow.o)
                0x0000233a                clockHasElapsedGetOverflow
 .text          0x000023be       0x16 ../../Users/jerome/Documents/2/2.08\libWebbot-ATmega640.a(breathe.o)
                0x000023be                breathe
 .text          0x000023d4       0x92 ../../Users/jerome/Documents/2/2.08\libWebbot-ATmega640.a(iopin.o)
                0x0000241e                pin_high
                0x000023d4                pin_low
 .text          0x00002466       0x10 ../../Users/jerome/Documents/2/2.08\libWebbot-ATmega640.a(iopin_set.o)
                0x00002466                pin_set
 .text          0x00002476      0x35c lib\libPost.a(opt_scheduler.o)
                0x000026a0                scheduleJob
                0x00002658                __vector_48
 .text          0x000027d2        0x0 c:/winavr-20100110/bin/../lib/gcc/avr/4.3.3/../../../../avr/lib/avr5\libc.a(malloc.o)
 .text          0x000027d2        0x0 c:/winavr-20100110/bin/../lib/gcc/avr/4.3.3/../../../../avr/lib/avr5\libc.a(exit.o)
 .text          0x000027d2        0x0 c:/winavr-20100110/bin/../lib/gcc/avr/4.3.3/../../../../avr/lib/avr5\libc.a(ftoa_engine.o)
 .text          0x000027d2        0x0 c:/winavr-20100110/bin/../lib/gcc/avr/4.3.3/../../../../avr/lib/avr5\libc.a(strnlen_P.o)
 .text          0x000027d2        0x0 c:/winavr-20100110/bin/../lib/gcc/avr/4.3.3/../../../../avr/lib/avr5\libc.a(memset.o)
 .text          0x000027d2        0x0 c:/winavr-20100110/bin/../lib/gcc/avr/4.3.3/../../../../avr/lib/avr5\libc.a(strnlen.o)
 .text          0x000027d2        0x0 c:/winavr-20100110/bin/../lib/gcc/avr/4.3.3/../../../../avr/lib/avr5\libc.a(fprintf_p.o)
 .text          0x000027d2        0x0 c:/winavr-20100110/bin/../lib/gcc/avr/4.3.3/../../../../avr/lib/avr5\libc.a(fputc.o)
 .text          0x000027d2        0x0 c:/winavr-20100110/bin/../lib/gcc/avr/4.3.3/../../../../avr/lib/avr5\libc.a(iob.o)
 .text          0x000027d2        0x0 c:/winavr-20100110/bin/../lib/gcc/avr/4.3.3/../../../../avr/lib/avr5\libc.a(ultoa_invert.o)
 .text          0x000027d2        0x0 c:/winavr-20100110/bin/../lib/gcc/avr/4.3.3/avr5\libgcc.a(_mulsi3.o)
 .text          0x000027d2        0x0 c:/winavr-20100110/bin/../lib/gcc/avr/4.3.3/avr5\libgcc.a(_udivmodhi4.o)
 .text          0x000027d2        0x0 c:/winavr-20100110/bin/../lib/gcc/avr/4.3.3/avr5\libgcc.a(_udivmodsi4.o)
 .text          0x000027d2        0x0 c:/winavr-20100110/bin/../lib/gcc/avr/4.3.3/avr5\libgcc.a(_divmodsi4.o)
 .text          0x000027d2        0x0 c:/winavr-20100110/bin/../lib/gcc/avr/4.3.3/avr5\libgcc.a(_prologue.o)
 .text          0x000027d2        0x0 c:/winavr-20100110/bin/../lib/gcc/avr/4.3.3/avr5\libgcc.a(_epilogue.o)
 .text          0x000027d2        0x0 c:/winavr-20100110/bin/../lib/gcc/avr/4.3.3/avr5\libgcc.a(_exit.o)
 .text          0x000027d2        0x0 c:/winavr-20100110/bin/../lib/gcc/avr/4.3.3/avr5\libgcc.a(_copy_data.o)
 .text          0x000027d2        0x0 c:/winavr-20100110/bin/../lib/gcc/avr/4.3.3/avr5\libgcc.a(_clear_bss.o)
 .text          0x000027d2        0x0 c:/winavr-20100110/bin/../lib/gcc/avr/4.3.3/avr5\libgcc.a(_ctors.o)
 .text          0x000027d2        0x0 c:/winavr-20100110/bin/../lib/gcc/avr/4.3.3/avr5\libgcc.a(_tablejump.o)
                0x000027d2                . = ALIGN (0x2)
 *(.text.*)
 .text.avr-libc
                0x000027d2      0x70e c:/winavr-20100110/bin/../lib/gcc/avr/4.3.3/../../../../avr/lib/avr5\libprintf_flt.a(vfprintf_flt.o)
                0x000027d2                vfprintf
 .text.avr-libc
                0x00002ee0      0x20a c:/winavr-20100110/bin/../lib/gcc/avr/4.3.3/../../../../avr/lib/avr5\libc.a(malloc.o)
                0x00002ee0                malloc
                0x0000303a                free
 .text.avr-libc
                0x000030ea        0x6 c:/winavr-20100110/bin/../lib/gcc/avr/4.3.3/../../../../avr/lib/avr5\libc.a(exit.o)
                0x000030ea                exit
 .text.avr-libc
                0x000030f0      0x1b0 c:/winavr-20100110/bin/../lib/gcc/avr/4.3.3/../../../../avr/lib/avr5\libc.a(ftoa_engine.o)
                0x000030f0                __ftoa_engine
 .text.avr-libc
                0x000032a0       0x16 c:/winavr-20100110/bin/../lib/gcc/avr/4.3.3/../../../../avr/lib/avr5\libc.a(strnlen_P.o)
                0x000032a0                strnlen_P
 .text.avr-libc
                0x000032b6        0xe c:/winavr-20100110/bin/../lib/gcc/avr/4.3.3/../../../../avr/lib/avr5\libc.a(memset.o)
                0x000032b6                memset
 .text.avr-libc
                0x000032c4       0x16 c:/winavr-20100110/bin/../lib/gcc/avr/4.3.3/../../../../avr/lib/avr5\libc.a(strnlen.o)
                0x000032c4                strnlen
 .text.avr-libc
                0x000032da       0x3a c:/winavr-20100110/bin/../lib/gcc/avr/4.3.3/../../../../avr/lib/avr5\libc.a(fprintf_p.o)
                0x000032da                fprintf_P
 .text.avr-libc
                0x00003314       0x58 c:/winavr-20100110/bin/../lib/gcc/avr/4.3.3/../../../../avr/lib/avr5\libc.a(fputc.o)
                0x00003314                fputc
 .text.avr-libc
                0x0000336c       0xbc c:/winavr-20100110/bin/../lib/gcc/avr/4.3.3/../../../../avr/lib/avr5\libc.a(ultoa_invert.o)
                0x0000336c                __ultoa_invert
 .text.libgcc   0x00003428       0x3e c:/winavr-20100110/bin/../lib/gcc/avr/4.3.3/avr5\libgcc.a(_mulsi3.o)
                0x00003428                __mulsi3
 .text.libgcc   0x00003466       0x28 c:/winavr-20100110/bin/../lib/gcc/avr/4.3.3/avr5\libgcc.a(_udivmodhi4.o)
                0x00003466                __udivmodhi4
 .text.libgcc   0x0000348e       0x44 c:/winavr-20100110/bin/../lib/gcc/avr/4.3.3/avr5\libgcc.a(_udivmodsi4.o)
                0x0000348e                __udivmodsi4
 .text.libgcc   0x000034d2       0x36 c:/winavr-20100110/bin/../lib/gcc/avr/4.3.3/avr5\libgcc.a(_divmodsi4.o)
                0x000034d2                __divmodsi4
 .text.libgcc   0x00003508       0x38 c:/winavr-20100110/bin/../lib/gcc/avr/4.3.3/avr5\libgcc.a(_prologue.o)
                0x00003508                __prologue_saves__
 .text.libgcc   0x00003540       0x36 c:/winavr-20100110/bin/../lib/gcc/avr/4.3.3/avr5\libgcc.a(_epilogue.o)
                0x00003540                __epilogue_restores__
 .text.libgcc   0x00003576        0x0 c:/winavr-20100110/bin/../lib/gcc/avr/4.3.3/avr5\libgcc.a(_exit.o)
 .text.libgcc   0x00003576        0x0 c:/winavr-20100110/bin/../lib/gcc/avr/4.3.3/avr5\libgcc.a(_copy_data.o)
 .text.libgcc   0x00003576        0x0 c:/winavr-20100110/bin/../lib/gcc/avr/4.3.3/avr5\libgcc.a(_clear_bss.o)
 .text.libgcc   0x00003576        0x0 c:/winavr-20100110/bin/../lib/gcc/avr/4.3.3/avr5\libgcc.a(_ctors.o)
 .text.libgcc   0x00003576        0xc c:/winavr-20100110/bin/../lib/gcc/avr/4.3.3/avr5\libgcc.a(_tablejump.o)
                0x0000357a                __tablejump__
                0x00003576                __tablejump2__
                0x00003582                . = ALIGN (0x2)
 *(.fini9)
 .fini9         0x00003582        0x0 c:/winavr-20100110/bin/../lib/gcc/avr/4.3.3/avr5\libgcc.a(_exit.o)
                0x00003582                _exit
 *(.fini9)
 *(.fini8)
 *(.fini8)
 *(.fini7)
 *(.fini7)
 *(.fini6)
 *(.fini6)
 *(.fini5)
 *(.fini5)
 *(.fini4)
 *(.fini4)
 *(.fini3)
 *(.fini3)
 *(.fini2)
 *(.fini2)
 *(.fini1)
 *(.fini1)
 *(.fini0)
 .fini0         0x00003582        0x4 c:/winavr-20100110/bin/../lib/gcc/avr/4.3.3/avr5\libgcc.a(_exit.o)
 *(.fini0)
                0x00003586                _etext = .

.data           0x00800200      0x100 load address 0x00003586
                0x00800200                PROVIDE (__data_start, .)
 *(.data)
 .data          0x00800200        0x0 c:/winavr-20100110/bin/../lib/gcc/avr/4.3.3/../../../../avr/lib/avr5/crtm640.o
 .data          0x00800200        0x0 c:/winavr-20100110/bin/../lib/gcc/avr/4.3.3/../../../../avr/lib/avr5\libprintf_flt.a(vfprintf_flt.o)
 .data          0x00800200        0x0 beta.o
 .data          0x00800200        0x6 protocol.o
 .data          0x00800206        0xc services.o
                0x00800206                vtable for PingService
                0x0080020c                vtable for Service
 .data          0x00800212       0xb2 lib/lib_hardware.o
                0x0080028c                _servo2_
                0x0080021a                __C_uart1
                0x00800276                _servo1_
                0x0080024e                _led_display_
                0x0080024c                _button_
                0x008002b8                _bank1_
                0x0080025f                _marquee_
                0x00800212                cpu_speed
                0x008002a2                _servo3_
                0x0080024b                NUM_ADC_CHANNELS
                0x00800218                cpu_speed_div_1000000
                0x00800216                cpu_speed_div_1000
 .data          0x008002c4        0x1 lib/lib_timerdef.o
                0x008002c4                NUMBER_OF_TIMERS
 .data          0x008002c5        0x0 lib/gen_clock.o
 .data          0x008002c5        0x0 lib/lib_iopins.o
 .data          0x008002c5       0x34 lib/lib_ctor.o
                0x008002d1                vtable for Marquee
                0x008002e1                vtable for UartHW
                0x008002cb                vtable for Led
                0x008002f1                vtable for NullStream
                0x008002e9                vtable for Uart
                0x008002d9                vtable for Stream
                0x008002c5                vtable for StatusLed
 .data          0x008002f9        0x0 lib/lib_timers.o
 .data          0x008002f9        0x0 ../../Users/jerome/Documents/2/2.08\libWebbot-ATmega640.a(servoPWM.o)
 .data          0x008002f9        0x0 ../../Users/jerome/Documents/2/2.08\libWebbot-ATmega640.a(servosConfig.o)
 .data          0x008002f9        0x0 ../../Users/jerome/Documents/2/2.08\libWebbot-ATmega640.a(StreamChar.o)
 .data          0x008002f9        0x0 ../../Users/jerome/Documents/2/2.08\libWebbot-ATmega640.a(actuators.o)
 .data          0x008002f9        0x0 ../../Users/jerome/Documents/2/2.08\libWebbot-ATmega640.a(core_interpU.o)
 .data          0x008002f9        0x0 ../../Users/jerome/Documents/2/2.08\libWebbot-ATmega640.a(errors.o)
 .data          0x008002f9        0x0 ../../Users/jerome/Documents/2/2.08\libWebbot-ATmega640.a(iopin_is_output.o)
 .data          0x008002f9        0x0 ../../Users/jerome/Documents/2/2.08\libWebbot-ATmega640.a(iopin_make_input.o)
 .data          0x008002f9        0x0 ../../Users/jerome/Documents/2/2.08\libWebbot-ATmega640.a(iopin_make_output.o)
 .data          0x008002f9        0x0 ../../Users/jerome/Documents/2/2.08\libWebbot-ATmega640.a(led.o)
 .data          0x008002f9        0x0 ../../Users/jerome/Documents/2/2.08\libWebbot-ATmega640.a(main.o)
 .data          0x008002f9        0x0 ../../Users/jerome/Documents/2/2.08\libWebbot-ATmega640.a(marqueeSendByte.o)
 .data          0x008002f9        0x0 ../../Users/jerome/Documents/2/2.08\libWebbot-ATmega640.a(segled.o)
 .data          0x008002f9        0x0 ../../Users/jerome/Documents/2/2.08\libWebbot-ATmega640.a(segled8.o)
 .data          0x008002f9        0x0 ../../Users/jerome/Documents/2/2.08\libWebbot-ATmega640.a(compareFromIOPin.o)
 .data          0x008002f9        0x0 ../../Users/jerome/Documents/2/2.08\libWebbot-ATmega640.a(compareSetOutputMode.o)
 .data          0x008002f9        0x0 ../../Users/jerome/Documents/2/2.08\libWebbot-ATmega640.a(compareSetThreshold.o)
 .data          0x008002f9        0x0 ../../Users/jerome/Documents/2/2.08\libWebbot-ATmega640.a(_uart_common.o)
 .data          0x008002f9        0x0 ../../Users/jerome/Documents/2/2.08\libWebbot-ATmega640.a(uart.o)
 .data          0x008002f9        0x0 ../../Users/jerome/Documents/2/2.08\libWebbot-ATmega640.a(uartCommonRx.o)
 .data          0x008002f9        0x0 ../../Users/jerome/Documents/2/2.08\libWebbot-ATmega640.a(uartCommonRxNoBuf.o)
 .data          0x008002f9        0x0 ../../Users/jerome/Documents/2/2.08\libWebbot-ATmega640.a(uartCommonTx.o)
 .data          0x008002f9        0x0 ../../Users/jerome/Documents/2/2.08\libWebbot-ATmega640.a(uartCommonTxNoBuf.o)
 .data          0x008002f9        0x0 ../../Users/jerome/Documents/2/2.08\libWebbot-ATmega640.a(uartPollByte.o)
 .data          0x008002f9        0x0 ../../Users/jerome/Documents/2/2.08\libWebbot-ATmega640.a(clockHasElapsed.o)
 .data          0x008002f9        0x0 ../../Users/jerome/Documents/2/2.08\libWebbot-ATmega640.a(clockHasElapsedGetOverflow.o)
 .data          0x008002f9        0x0 ../../Users/jerome/Documents/2/2.08\libWebbot-ATmega640.a(breathe.o)
 .data          0x008002f9        0x0 ../../Users/jerome/Documents/2/2.08\libWebbot-ATmega640.a(iopin.o)
 .data          0x008002f9        0x0 ../../Users/jerome/Documents/2/2.08\libWebbot-ATmega640.a(iopin_set.o)
 .data          0x008002f9        0x1 lib\libPost.a(opt_scheduler.o)
                0x008002f9                maxJobs
 .data          0x008002fa        0x6 c:/winavr-20100110/bin/../lib/gcc/avr/4.3.3/../../../../avr/lib/avr5\libc.a(malloc.o)
                0x008002fc                __malloc_heap_start
                0x008002fe                __malloc_heap_end
                0x008002fa                __malloc_margin
 .data          0x00800300        0x0 c:/winavr-20100110/bin/../lib/gcc/avr/4.3.3/../../../../avr/lib/avr5\libc.a(exit.o)
 .data          0x00800300        0x0 c:/winavr-20100110/bin/../lib/gcc/avr/4.3.3/../../../../avr/lib/avr5\libc.a(ftoa_engine.o)
 .data          0x00800300        0x0 c:/winavr-20100110/bin/../lib/gcc/avr/4.3.3/../../../../avr/lib/avr5\libc.a(strnlen_P.o)
 .data          0x00800300        0x0 c:/winavr-20100110/bin/../lib/gcc/avr/4.3.3/../../../../avr/lib/avr5\libc.a(memset.o)
 .data          0x00800300        0x0 c:/winavr-20100110/bin/../lib/gcc/avr/4.3.3/../../../../avr/lib/avr5\libc.a(strnlen.o)
 .data          0x00800300        0x0 c:/winavr-20100110/bin/../lib/gcc/avr/4.3.3/../../../../avr/lib/avr5\libc.a(fprintf_p.o)
 .data          0x00800300        0x0 c:/winavr-20100110/bin/../lib/gcc/avr/4.3.3/../../../../avr/lib/avr5\libc.a(fputc.o)
 .data          0x00800300        0x0 c:/winavr-20100110/bin/../lib/gcc/avr/4.3.3/../../../../avr/lib/avr5\libc.a(iob.o)
 .data          0x00800300        0x0 c:/winavr-20100110/bin/../lib/gcc/avr/4.3.3/../../../../avr/lib/avr5\libc.a(ultoa_invert.o)
 .data          0x00800300        0x0 c:/winavr-20100110/bin/../lib/gcc/avr/4.3.3/avr5\libgcc.a(_mulsi3.o)
 .data          0x00800300        0x0 c:/winavr-20100110/bin/../lib/gcc/avr/4.3.3/avr5\libgcc.a(_udivmodhi4.o)
 .data          0x00800300        0x0 c:/winavr-20100110/bin/../lib/gcc/avr/4.3.3/avr5\libgcc.a(_udivmodsi4.o)
 .data          0x00800300        0x0 c:/winavr-20100110/bin/../lib/gcc/avr/4.3.3/avr5\libgcc.a(_divmodsi4.o)
 .data          0x00800300        0x0 c:/winavr-20100110/bin/../lib/gcc/avr/4.3.3/avr5\libgcc.a(_prologue.o)
 .data          0x00800300        0x0 c:/winavr-20100110/bin/../lib/gcc/avr/4.3.3/avr5\libgcc.a(_epilogue.o)
 .data          0x00800300        0x0 c:/winavr-20100110/bin/../lib/gcc/avr/4.3.3/avr5\libgcc.a(_exit.o)
 .data          0x00800300        0x0 c:/winavr-20100110/bin/../lib/gcc/avr/4.3.3/avr5\libgcc.a(_copy_data.o)
 .data          0x00800300        0x0 c:/winavr-20100110/bin/../lib/gcc/avr/4.3.3/avr5\libgcc.a(_clear_bss.o)
 .data          0x00800300        0x0 c:/winavr-20100110/bin/../lib/gcc/avr/4.3.3/avr5\libgcc.a(_ctors.o)
 .data          0x00800300        0x0 c:/winavr-20100110/bin/../lib/gcc/avr/4.3.3/avr5\libgcc.a(_tablejump.o)
 *(.data*)
 *(.rodata)
 *(.rodata*)
 *(.gnu.linkonce.d*)
                0x00800300                . = ALIGN (0x2)
                0x00800300                _edata = .
                0x00800300                PROVIDE (__data_end, .)

.bss            0x00800300      0x143
                0x00800300                PROVIDE (__bss_start, .)
 *(.bss)
 .bss           0x00800300        0x0 c:/winavr-20100110/bin/../lib/gcc/avr/4.3.3/../../../../avr/lib/avr5/crtm640.o
 .bss           0x00800300        0x0 c:/winavr-20100110/bin/../lib/gcc/avr/4.3.3/../../../../avr/lib/avr5\libprintf_flt.a(vfprintf_flt.o)
 .bss           0x00800300       0x3e beta.o
                0x00800339                ping
                0x00800300                test
 .bss           0x0080033e        0x0 protocol.o
 .bss           0x0080033e        0x0 services.o
 .bss           0x0080033e        0x0 lib/lib_hardware.o
 .bss           0x0080033e       0x82 lib/lib_timerdef.o
 .bss           0x008003c0        0x5 lib/gen_clock.o
 .bss           0x008003c5        0x0 lib/lib_iopins.o
 .bss           0x008003c5       0x4f lib/lib_ctor.o
                0x008003e9                bank1
                0x008003c5                statusLed
                0x00800404                nullStream
                0x008003eb                uart1
                0x008003c9                button
                0x008003cb                marquee
                0x008003e5                servo3
                0x008003dd                servo1
                0x008003e1                servo2
 .bss           0x00800414        0x0 lib/lib_timers.o
 .bss           0x00800414        0x0 ../../Users/jerome/Documents/2/2.08\libWebbot-ATmega640.a(servoPWM.o)
 .bss           0x00800414        0x0 ../../Users/jerome/Documents/2/2.08\libWebbot-ATmega640.a(servosConfig.o)
 .bss           0x00800414        0x0 ../../Users/jerome/Documents/2/2.08\libWebbot-ATmega640.a(StreamChar.o)
 .bss           0x00800414        0x0 ../../Users/jerome/Documents/2/2.08\libWebbot-ATmega640.a(actuators.o)
 .bss           0x00800414        0x0 ../../Users/jerome/Documents/2/2.08\libWebbot-ATmega640.a(core_interpU.o)
 .bss           0x00800414        0x0 ../../Users/jerome/Documents/2/2.08\libWebbot-ATmega640.a(errors.o)
 .bss           0x00800414        0x0 ../../Users/jerome/Documents/2/2.08\libWebbot-ATmega640.a(iopin_is_output.o)
 .bss           0x00800414        0x0 ../../Users/jerome/Documents/2/2.08\libWebbot-ATmega640.a(iopin_make_input.o)
 .bss           0x00800414        0x0 ../../Users/jerome/Documents/2/2.08\libWebbot-ATmega640.a(iopin_make_output.o)
 .bss           0x00800414        0x0 ../../Users/jerome/Documents/2/2.08\libWebbot-ATmega640.a(led.o)
 .bss           0x00800414        0xc ../../Users/jerome/Documents/2/2.08\libWebbot-ATmega640.a(main.o)
 .bss           0x00800420        0x0 ../../Users/jerome/Documents/2/2.08\libWebbot-ATmega640.a(marqueeSendByte.o)
 .bss           0x00800420        0x0 ../../Users/jerome/Documents/2/2.08\libWebbot-ATmega640.a(segled.o)
 .bss           0x00800420        0x0 ../../Users/jerome/Documents/2/2.08\libWebbot-ATmega640.a(segled8.o)
 .bss           0x00800420        0x0 ../../Users/jerome/Documents/2/2.08\libWebbot-ATmega640.a(compareFromIOPin.o)
 .bss           0x00800420        0x0 ../../Users/jerome/Documents/2/2.08\libWebbot-ATmega640.a(compareSetOutputMode.o)
 .bss           0x00800420        0x0 ../../Users/jerome/Documents/2/2.08\libWebbot-ATmega640.a(compareSetThreshold.o)
 .bss           0x00800420        0x0 ../../Users/jerome/Documents/2/2.08\libWebbot-ATmega640.a(_uart_common.o)
 .bss           0x00800420        0x0 ../../Users/jerome/Documents/2/2.08\libWebbot-ATmega640.a(uart.o)
 .bss           0x00800420        0x0 ../../Users/jerome/Documents/2/2.08\libWebbot-ATmega640.a(uartCommonRx.o)
 .bss           0x00800420        0x0 ../../Users/jerome/Documents/2/2.08\libWebbot-ATmega640.a(uartCommonRxNoBuf.o)
 .bss           0x00800420        0x0 ../../Users/jerome/Documents/2/2.08\libWebbot-ATmega640.a(uartCommonTx.o)
 .bss           0x00800420        0x0 ../../Users/jerome/Documents/2/2.08\libWebbot-ATmega640.a(uartCommonTxNoBuf.o)
 .bss           0x00800420        0x0 ../../Users/jerome/Documents/2/2.08\libWebbot-ATmega640.a(uartPollByte.o)
 .bss           0x00800420        0x0 ../../Users/jerome/Documents/2/2.08\libWebbot-ATmega640.a(clockHasElapsed.o)
 .bss           0x00800420        0x0 ../../Users/jerome/Documents/2/2.08\libWebbot-ATmega640.a(clockHasElapsedGetOverflow.o)
 .bss           0x00800420        0x0 ../../Users/jerome/Documents/2/2.08\libWebbot-ATmega640.a(breathe.o)
 .bss           0x00800420        0x0 ../../Users/jerome/Documents/2/2.08\libWebbot-ATmega640.a(iopin.o)
 .bss           0x00800420        0x0 ../../Users/jerome/Documents/2/2.08\libWebbot-ATmega640.a(iopin_set.o)
 .bss           0x00800420       0x11 lib\libPost.a(opt_scheduler.o)
 .bss           0x00800431        0x0 c:/winavr-20100110/bin/../lib/gcc/avr/4.3.3/../../../../avr/lib/avr5\libc.a(malloc.o)
 .bss           0x00800431        0x0 c:/winavr-20100110/bin/../lib/gcc/avr/4.3.3/../../../../avr/lib/avr5\libc.a(exit.o)
 .bss           0x00800431        0x0 c:/winavr-20100110/bin/../lib/gcc/avr/4.3.3/../../../../avr/lib/avr5\libc.a(ftoa_engine.o)
 .bss           0x00800431        0x0 c:/winavr-20100110/bin/../lib/gcc/avr/4.3.3/../../../../avr/lib/avr5\libc.a(strnlen_P.o)
 .bss           0x00800431        0x0 c:/winavr-20100110/bin/../lib/gcc/avr/4.3.3/../../../../avr/lib/avr5\libc.a(memset.o)
 .bss           0x00800431        0x0 c:/winavr-20100110/bin/../lib/gcc/avr/4.3.3/../../../../avr/lib/avr5\libc.a(strnlen.o)
 .bss           0x00800431        0x0 c:/winavr-20100110/bin/../lib/gcc/avr/4.3.3/../../../../avr/lib/avr5\libc.a(fprintf_p.o)
 .bss           0x00800431        0x0 c:/winavr-20100110/bin/../lib/gcc/avr/4.3.3/../../../../avr/lib/avr5\libc.a(fputc.o)
 .bss           0x00800431        0x0 c:/winavr-20100110/bin/../lib/gcc/avr/4.3.3/../../../../avr/lib/avr5\libc.a(iob.o)
 .bss           0x00800431        0x0 c:/winavr-20100110/bin/../lib/gcc/avr/4.3.3/../../../../avr/lib/avr5\libc.a(ultoa_invert.o)
 .bss           0x00800431        0x0 c:/winavr-20100110/bin/../lib/gcc/avr/4.3.3/avr5\libgcc.a(_mulsi3.o)
 .bss           0x00800431        0x0 c:/winavr-20100110/bin/../lib/gcc/avr/4.3.3/avr5\libgcc.a(_udivmodhi4.o)
 .bss           0x00800431        0x0 c:/winavr-20100110/bin/../lib/gcc/avr/4.3.3/avr5\libgcc.a(_udivmodsi4.o)
 .bss           0x00800431        0x0 c:/winavr-20100110/bin/../lib/gcc/avr/4.3.3/avr5\libgcc.a(_divmodsi4.o)
 .bss           0x00800431        0x0 c:/winavr-20100110/bin/../lib/gcc/avr/4.3.3/avr5\libgcc.a(_prologue.o)
 .bss           0x00800431        0x0 c:/winavr-20100110/bin/../lib/gcc/avr/4.3.3/avr5\libgcc.a(_epilogue.o)
 .bss           0x00800431        0x0 c:/winavr-20100110/bin/../lib/gcc/avr/4.3.3/avr5\libgcc.a(_exit.o)
 .bss           0x00800431        0x0 c:/winavr-20100110/bin/../lib/gcc/avr/4.3.3/avr5\libgcc.a(_copy_data.o)
 .bss           0x00800431        0x0 c:/winavr-20100110/bin/../lib/gcc/avr/4.3.3/avr5\libgcc.a(_clear_bss.o)
 .bss           0x00800431        0x0 c:/winavr-20100110/bin/../lib/gcc/avr/4.3.3/avr5\libgcc.a(_ctors.o)
 .bss           0x00800431        0x0 c:/winavr-20100110/bin/../lib/gcc/avr/4.3.3/avr5\libgcc.a(_tablejump.o)
 *(.bss*)
 *(COMMON)
 COMMON         0x00800431        0x5 ../../Users/jerome/Documents/2/2.08\libWebbot-ATmega640.a(errors.o)
                0x00800431                __error
 COMMON         0x00800436        0x3 ../../Users/jerome/Documents/2/2.08\libWebbot-ATmega640.a(led.o)
                0x00800436                statusLED
 COMMON         0x00800439        0x4 c:/winavr-20100110/bin/../lib/gcc/avr/4.3.3/../../../../avr/lib/avr5\libc.a(malloc.o)
                0x00800439                __brkval
                0x0080043b                __flp
 COMMON         0x0080043d        0x6 c:/winavr-20100110/bin/../lib/gcc/avr/4.3.3/../../../../avr/lib/avr5\libc.a(iob.o)
                0x0080043d                __iob
                0x00800443                PROVIDE (__bss_end, .)
                0x00003586                __data_load_start = LOADADDR (.data)
                0x00003686                __data_load_end = (__data_load_start + SIZEOF (.data))

.noinit         0x00800443        0x0
                0x00800443                PROVIDE (__noinit_start, .)
 *(.noinit*)
                0x00800443                PROVIDE (__noinit_end, .)
                0x00800443                _end = .
                0x00800443                PROVIDE (__heap_start, .)

.eeprom         0x00810000        0x0
 *(.eeprom*)
                0x00810000                __eeprom_end = .

.fuse
 *(.fuse)
 *(.lfuse)
 *(.hfuse)
 *(.efuse)

.lock
 *(.lock*)

.signature
 *(.signature*)

.stab
 *(.stab)

.stabstr
 *(.stabstr)

.stab.excl
 *(.stab.excl)

.stab.exclstr
 *(.stab.exclstr)

.stab.index
 *(.stab.index)

.stab.indexstr
 *(.stab.indexstr)

.comment
 *(.comment)

.debug
 *(.debug)

.line
 *(.line)

.debug_srcinfo
 *(.debug_srcinfo)

.debug_sfnames
 *(.debug_sfnames)

.debug_aranges  0x00000000      0x4a0
 *(.debug_aranges)
 .debug_aranges
                0x00000000       0x20 beta.o
 .debug_aranges
                0x00000020       0x20 protocol.o
 .debug_aranges
                0x00000040       0x20 services.o
 .debug_aranges
                0x00000060       0x20 lib/lib_hardware.o
 .debug_aranges
                0x00000080       0x20 lib/gen_clock.o
 .debug_aranges
                0x000000a0       0x20 lib/lib_ctor.o
 .debug_aranges
                0x000000c0       0x20 lib/lib_timers.o
 .debug_aranges
                0x000000e0       0x20 ../../Users/jerome/Documents/2/2.08\libWebbot-ATmega640.a(servoPWM.o)
 .debug_aranges
                0x00000100       0x20 ../../Users/jerome/Documents/2/2.08\libWebbot-ATmega640.a(servosConfig.o)
 .debug_aranges
                0x00000120       0x20 ../../Users/jerome/Documents/2/2.08\libWebbot-ATmega640.a(StreamChar.o)
 .debug_aranges
                0x00000140       0x20 ../../Users/jerome/Documents/2/2.08\libWebbot-ATmega640.a(actuators.o)
 .debug_aranges
                0x00000160       0x20 ../../Users/jerome/Documents/2/2.08\libWebbot-ATmega640.a(core_interpU.o)
 .debug_aranges
                0x00000180       0x20 ../../Users/jerome/Documents/2/2.08\libWebbot-ATmega640.a(errors.o)
 .debug_aranges
                0x000001a0       0x20 ../../Users/jerome/Documents/2/2.08\libWebbot-ATmega640.a(iopin_is_output.o)
 .debug_aranges
                0x000001c0       0x20 ../../Users/jerome/Documents/2/2.08\libWebbot-ATmega640.a(iopin_make_input.o)
 .debug_aranges
                0x000001e0       0x20 ../../Users/jerome/Documents/2/2.08\libWebbot-ATmega640.a(iopin_make_output.o)
 .debug_aranges
                0x00000200       0x20 ../../Users/jerome/Documents/2/2.08\libWebbot-ATmega640.a(led.o)
 .debug_aranges
                0x00000220       0x20 ../../Users/jerome/Documents/2/2.08\libWebbot-ATmega640.a(main.o)
 .debug_aranges
                0x00000240       0x20 ../../Users/jerome/Documents/2/2.08\libWebbot-ATmega640.a(marqueeSendByte.o)
 .debug_aranges
                0x00000260       0x20 ../../Users/jerome/Documents/2/2.08\libWebbot-ATmega640.a(segled.o)
 .debug_aranges
                0x00000280       0x20 ../../Users/jerome/Documents/2/2.08\libWebbot-ATmega640.a(segled8.o)
 .debug_aranges
                0x000002a0       0x20 ../../Users/jerome/Documents/2/2.08\libWebbot-ATmega640.a(compareFromIOPin.o)
 .debug_aranges
                0x000002c0       0x20 ../../Users/jerome/Documents/2/2.08\libWebbot-ATmega640.a(compareSetOutputMode.o)
 .debug_aranges
                0x000002e0       0x20 ../../Users/jerome/Documents/2/2.08\libWebbot-ATmega640.a(compareSetThreshold.o)
 .debug_aranges
                0x00000300       0x20 ../../Users/jerome/Documents/2/2.08\libWebbot-ATmega640.a(_uart_common.o)
 .debug_aranges
                0x00000320       0x20 ../../Users/jerome/Documents/2/2.08\libWebbot-ATmega640.a(uart.o)
 .debug_aranges
                0x00000340       0x20 ../../Users/jerome/Documents/2/2.08\libWebbot-ATmega640.a(uartCommonRx.o)
 .debug_aranges
                0x00000360       0x20 ../../Users/jerome/Documents/2/2.08\libWebbot-ATmega640.a(uartCommonRxNoBuf.o)
 .debug_aranges
                0x00000380       0x20 ../../Users/jerome/Documents/2/2.08\libWebbot-ATmega640.a(uartCommonTx.o)
 .debug_aranges
                0x000003a0       0x20 ../../Users/jerome/Documents/2/2.08\libWebbot-ATmega640.a(uartCommonTxNoBuf.o)
 .debug_aranges
                0x000003c0       0x20 ../../Users/jerome/Documents/2/2.08\libWebbot-ATmega640.a(uartPollByte.o)
 .debug_aranges
                0x000003e0       0x20 ../../Users/jerome/Documents/2/2.08\libWebbot-ATmega640.a(clockHasElapsed.o)
 .debug_aranges
                0x00000400       0x20 ../../Users/jerome/Documents/2/2.08\libWebbot-ATmega640.a(clockHasElapsedGetOverflow.o)
 .debug_aranges
                0x00000420       0x20 ../../Users/jerome/Documents/2/2.08\libWebbot-ATmega640.a(breathe.o)
 .debug_aranges
                0x00000440       0x20 ../../Users/jerome/Documents/2/2.08\libWebbot-ATmega640.a(iopin.o)
 .debug_aranges
                0x00000460       0x20 ../../Users/jerome/Documents/2/2.08\libWebbot-ATmega640.a(iopin_set.o)
 .debug_aranges
                0x00000480       0x20 lib\libPost.a(opt_scheduler.o)

.debug_pubnames
                0x00000000      0xd29
 *(.debug_pubnames)
 .debug_pubnames
                0x00000000       0x76 beta.o
 .debug_pubnames
                0x00000076      0x10b protocol.o
 .debug_pubnames
                0x00000181       0xb4 services.o
 .debug_pubnames
                0x00000235      0x14c lib/lib_hardware.o
 .debug_pubnames
                0x00000381       0xae lib/lib_timerdef.o
 .debug_pubnames
                0x0000042f       0x6f lib/gen_clock.o
 .debug_pubnames
                0x0000049e      0x106 lib/lib_iopins.o
 .debug_pubnames
                0x000005a4      0x163 lib/lib_ctor.o
 .debug_pubnames
                0x00000707       0x23 lib/lib_timers.o
 .debug_pubnames
                0x0000072a       0x23 ../../Users/jerome/Documents/2/2.08\libWebbot-ATmega640.a(servoPWM.o)
 .debug_pubnames
                0x0000074d       0x25 ../../Users/jerome/Documents/2/2.08\libWebbot-ATmega640.a(servosConfig.o)
 .debug_pubnames
                0x00000772       0x24 ../../Users/jerome/Documents/2/2.08\libWebbot-ATmega640.a(StreamChar.o)
 .debug_pubnames
                0x00000796       0x3c ../../Users/jerome/Documents/2/2.08\libWebbot-ATmega640.a(actuators.o)
 .debug_pubnames
                0x000007d2       0x23 ../../Users/jerome/Documents/2/2.08\libWebbot-ATmega640.a(core_interpU.o)
 .debug_pubnames
                0x000007f5       0x48 ../../Users/jerome/Documents/2/2.08\libWebbot-ATmega640.a(errors.o)
 .debug_pubnames
                0x0000083d       0x24 ../../Users/jerome/Documents/2/2.08\libWebbot-ATmega640.a(iopin_is_output.o)
 .debug_pubnames
                0x00000861       0x25 ../../Users/jerome/Documents/2/2.08\libWebbot-ATmega640.a(iopin_make_input.o)
 .debug_pubnames
                0x00000886       0x26 ../../Users/jerome/Documents/2/2.08\libWebbot-ATmega640.a(iopin_make_output.o)
 .debug_pubnames
                0x000008ac       0x2c ../../Users/jerome/Documents/2/2.08\libWebbot-ATmega640.a(led.o)
 .debug_pubnames
                0x000008d8       0x1b ../../Users/jerome/Documents/2/2.08\libWebbot-ATmega640.a(main.o)
 .debug_pubnames
                0x000008f3       0x26 ../../Users/jerome/Documents/2/2.08\libWebbot-ATmega640.a(marqueeSendByte.o)
 .debug_pubnames
                0x00000919       0x35 ../../Users/jerome/Documents/2/2.08\libWebbot-ATmega640.a(segled.o)
 .debug_pubnames
                0x0000094e       0x27 ../../Users/jerome/Documents/2/2.08\libWebbot-ATmega640.a(segled8.o)
 .debug_pubnames
                0x00000975       0x27 ../../Users/jerome/Documents/2/2.08\libWebbot-ATmega640.a(compareFromIOPin.o)
 .debug_pubnames
                0x0000099c       0x2b ../../Users/jerome/Documents/2/2.08\libWebbot-ATmega640.a(compareSetOutputMode.o)
 .debug_pubnames
                0x000009c7       0x2a ../../Users/jerome/Documents/2/2.08\libWebbot-ATmega640.a(compareSetThreshold.o)
 .debug_pubnames
                0x000009f1       0x35 ../../Users/jerome/Documents/2/2.08\libWebbot-ATmega640.a(_uart_common.o)
 .debug_pubnames
                0x00000a26       0x5f ../../Users/jerome/Documents/2/2.08\libWebbot-ATmega640.a(uart.o)
 .debug_pubnames
                0x00000a85       0x3d ../../Users/jerome/Documents/2/2.08\libWebbot-ATmega640.a(uartCommonRx.o)
 .debug_pubnames
                0x00000ac2       0x4a ../../Users/jerome/Documents/2/2.08\libWebbot-ATmega640.a(uartCommonRxNoBuf.o)
 .debug_pubnames
                0x00000b0c       0x9b ../../Users/jerome/Documents/2/2.08\libWebbot-ATmega640.a(uartCommonTx.o)
 .debug_pubnames
                0x00000ba7       0x48 ../../Users/jerome/Documents/2/2.08\libWebbot-ATmega640.a(uartCommonTxNoBuf.o)
 .debug_pubnames
                0x00000bef       0x3e ../../Users/jerome/Documents/2/2.08\libWebbot-ATmega640.a(uartPollByte.o)
 .debug_pubnames
                0x00000c2d       0x26 ../../Users/jerome/Documents/2/2.08\libWebbot-ATmega640.a(clockHasElapsed.o)
 .debug_pubnames
                0x00000c53       0x31 ../../Users/jerome/Documents/2/2.08\libWebbot-ATmega640.a(clockHasElapsedGetOverflow.o)
 .debug_pubnames
                0x00000c84       0x1e ../../Users/jerome/Documents/2/2.08\libWebbot-ATmega640.a(breathe.o)
 .debug_pubnames
                0x00000ca2       0x2b ../../Users/jerome/Documents/2/2.08\libWebbot-ATmega640.a(iopin.o)
 .debug_pubnames
                0x00000ccd       0x1e ../../Users/jerome/Documents/2/2.08\libWebbot-ATmega640.a(iopin_set.o)
 .debug_pubnames
                0x00000ceb       0x3e lib\libPost.a(opt_scheduler.o)

.debug_info     0x00000000    0x11234
 *(.debug_info)
 .debug_info    0x00000000     0x15d1 beta.o
 .debug_info    0x000015d1     0x1510 protocol.o
 .debug_info    0x00002ae1     0x151c services.o
 .debug_info    0x00003ffd     0x1101 lib/lib_hardware.o
 .debug_info    0x000050fe      0x804 lib/lib_timerdef.o
 .debug_info    0x00005902      0x335 lib/gen_clock.o
 .debug_info    0x00005c37      0x3c3 lib/lib_iopins.o
 .debug_info    0x00005ffa     0x2630 lib/lib_ctor.o
 .debug_info    0x0000862a      0x540 lib/lib_timers.o
 .debug_info    0x00008b6a      0xd62 ../../Users/jerome/Documents/2/2.08\libWebbot-ATmega640.a(servoPWM.o)
 .debug_info    0x000098cc      0xb4e ../../Users/jerome/Documents/2/2.08\libWebbot-ATmega640.a(servosConfig.o)
 .debug_info    0x0000a41a      0x900 ../../Users/jerome/Documents/2/2.08\libWebbot-ATmega640.a(StreamChar.o)
 .debug_info    0x0000ad1a      0x274 ../../Users/jerome/Documents/2/2.08\libWebbot-ATmega640.a(actuators.o)
 .debug_info    0x0000af8e      0x11c ../../Users/jerome/Documents/2/2.08\libWebbot-ATmega640.a(core_interpU.o)
 .debug_info    0x0000b0aa      0x43d ../../Users/jerome/Documents/2/2.08\libWebbot-ATmega640.a(errors.o)
 .debug_info    0x0000b4e7      0x212 ../../Users/jerome/Documents/2/2.08\libWebbot-ATmega640.a(iopin_is_output.o)
 .debug_info    0x0000b6f9      0x2d4 ../../Users/jerome/Documents/2/2.08\libWebbot-ATmega640.a(iopin_make_input.o)
 .debug_info    0x0000b9cd      0x2d4 ../../Users/jerome/Documents/2/2.08\libWebbot-ATmega640.a(iopin_make_output.o)
 .debug_info    0x0000bca1      0x1de ../../Users/jerome/Documents/2/2.08\libWebbot-ATmega640.a(led.o)
 .debug_info    0x0000be7f       0xd7 ../../Users/jerome/Documents/2/2.08\libWebbot-ATmega640.a(main.o)
 .debug_info    0x0000bf56      0x608 ../../Users/jerome/Documents/2/2.08\libWebbot-ATmega640.a(marqueeSendByte.o)
 .debug_info    0x0000c55e      0x346 ../../Users/jerome/Documents/2/2.08\libWebbot-ATmega640.a(segled.o)
 .debug_info    0x0000c8a4      0x193 ../../Users/jerome/Documents/2/2.08\libWebbot-ATmega640.a(segled8.o)
 .debug_info    0x0000ca37      0x5c5 ../../Users/jerome/Documents/2/2.08\libWebbot-ATmega640.a(compareFromIOPin.o)
 .debug_info    0x0000cffc      0x444 ../../Users/jerome/Documents/2/2.08\libWebbot-ATmega640.a(compareSetOutputMode.o)
 .debug_info    0x0000d440      0x56b ../../Users/jerome/Documents/2/2.08\libWebbot-ATmega640.a(compareSetThreshold.o)
 .debug_info    0x0000d9ab      0x648 ../../Users/jerome/Documents/2/2.08\libWebbot-ATmega640.a(_uart_common.o)
 .debug_info    0x0000dff3      0x7c4 ../../Users/jerome/Documents/2/2.08\libWebbot-ATmega640.a(uart.o)
 .debug_info    0x0000e7b7      0x51a ../../Users/jerome/Documents/2/2.08\libWebbot-ATmega640.a(uartCommonRx.o)
 .debug_info    0x0000ecd1      0x5a3 ../../Users/jerome/Documents/2/2.08\libWebbot-ATmega640.a(uartCommonRxNoBuf.o)
 .debug_info    0x0000f274      0x6fa ../../Users/jerome/Documents/2/2.08\libWebbot-ATmega640.a(uartCommonTx.o)
 .debug_info    0x0000f96e      0x62e ../../Users/jerome/Documents/2/2.08\libWebbot-ATmega640.a(uartCommonTxNoBuf.o)
 .debug_info    0x0000ff9c      0x5a2 ../../Users/jerome/Documents/2/2.08\libWebbot-ATmega640.a(uartPollByte.o)
 .debug_info    0x0001053e       0xce ../../Users/jerome/Documents/2/2.08\libWebbot-ATmega640.a(clockHasElapsed.o)
 .debug_info    0x0001060c      0x147 ../../Users/jerome/Documents/2/2.08\libWebbot-ATmega640.a(clockHasElapsedGetOverflow.o)
 .debug_info    0x00010753      0x102 ../../Users/jerome/Documents/2/2.08\libWebbot-ATmega640.a(breathe.o)
 .debug_info    0x00010855      0x400 ../../Users/jerome/Documents/2/2.08\libWebbot-ATmega640.a(iopin.o)
 .debug_info    0x00010c55      0x179 ../../Users/jerome/Documents/2/2.08\libWebbot-ATmega640.a(iopin_set.o)
 .debug_info    0x00010dce      0x466 lib\libPost.a(opt_scheduler.o)
 *(.gnu.linkonce.wi.*)

.debug_abbrev   0x00000000     0x44ab
 *(.debug_abbrev)
 .debug_abbrev  0x00000000      0x3e0 beta.o
 .debug_abbrev  0x000003e0      0x44a protocol.o
 .debug_abbrev  0x0000082a      0x40d services.o
 .debug_abbrev  0x00000c37      0x285 lib/lib_hardware.o
 .debug_abbrev  0x00000ebc      0x107 lib/lib_timerdef.o
 .debug_abbrev  0x00000fc3      0x1a8 lib/gen_clock.o
 .debug_abbrev  0x0000116b       0xc8 lib/lib_iopins.o
 .debug_abbrev  0x00001233      0x579 lib/lib_ctor.o
 .debug_abbrev  0x000017ac      0x177 lib/lib_timers.o
 .debug_abbrev  0x00001923      0x272 ../../Users/jerome/Documents/2/2.08\libWebbot-ATmega640.a(servoPWM.o)
 .debug_abbrev  0x00001b95      0x23d ../../Users/jerome/Documents/2/2.08\libWebbot-ATmega640.a(servosConfig.o)
 .debug_abbrev  0x00001dd2      0x224 ../../Users/jerome/Documents/2/2.08\libWebbot-ATmega640.a(StreamChar.o)
 .debug_abbrev  0x00001ff6      0x10b ../../Users/jerome/Documents/2/2.08\libWebbot-ATmega640.a(actuators.o)
 .debug_abbrev  0x00002101       0x73 ../../Users/jerome/Documents/2/2.08\libWebbot-ATmega640.a(core_interpU.o)
 .debug_abbrev  0x00002174      0x1e1 ../../Users/jerome/Documents/2/2.08\libWebbot-ATmega640.a(errors.o)
 .debug_abbrev  0x00002355      0x109 ../../Users/jerome/Documents/2/2.08\libWebbot-ATmega640.a(iopin_is_output.o)
 .debug_abbrev  0x0000245e      0x16a ../../Users/jerome/Documents/2/2.08\libWebbot-ATmega640.a(iopin_make_input.o)
 .debug_abbrev  0x000025c8      0x16a ../../Users/jerome/Documents/2/2.08\libWebbot-ATmega640.a(iopin_make_output.o)
 .debug_abbrev  0x00002732      0x110 ../../Users/jerome/Documents/2/2.08\libWebbot-ATmega640.a(led.o)
 .debug_abbrev  0x00002842       0x66 ../../Users/jerome/Documents/2/2.08\libWebbot-ATmega640.a(main.o)
 .debug_abbrev  0x000028a8      0x23e ../../Users/jerome/Documents/2/2.08\libWebbot-ATmega640.a(marqueeSendByte.o)
 .debug_abbrev  0x00002ae6      0x1cc ../../Users/jerome/Documents/2/2.08\libWebbot-ATmega640.a(segled.o)
 .debug_abbrev  0x00002cb2       0xc0 ../../Users/jerome/Documents/2/2.08\libWebbot-ATmega640.a(segled8.o)
 .debug_abbrev  0x00002d72      0x1e8 ../../Users/jerome/Documents/2/2.08\libWebbot-ATmega640.a(compareFromIOPin.o)
 .debug_abbrev  0x00002f5a      0x14e ../../Users/jerome/Documents/2/2.08\libWebbot-ATmega640.a(compareSetOutputMode.o)
 .debug_abbrev  0x000030a8      0x178 ../../Users/jerome/Documents/2/2.08\libWebbot-ATmega640.a(compareSetThreshold.o)
 .debug_abbrev  0x00003220      0x200 ../../Users/jerome/Documents/2/2.08\libWebbot-ATmega640.a(_uart_common.o)
 .debug_abbrev  0x00003420      0x233 ../../Users/jerome/Documents/2/2.08\libWebbot-ATmega640.a(uart.o)
 .debug_abbrev  0x00003653      0x176 ../../Users/jerome/Documents/2/2.08\libWebbot-ATmega640.a(uartCommonRx.o)
 .debug_abbrev  0x000037c9      0x1f7 ../../Users/jerome/Documents/2/2.08\libWebbot-ATmega640.a(uartCommonRxNoBuf.o)
 .debug_abbrev  0x000039c0      0x1d8 ../../Users/jerome/Documents/2/2.08\libWebbot-ATmega640.a(uartCommonTx.o)
 .debug_abbrev  0x00003b98      0x1c4 ../../Users/jerome/Documents/2/2.08\libWebbot-ATmega640.a(uartCommonTxNoBuf.o)
 .debug_abbrev  0x00003d5c      0x16f ../../Users/jerome/Documents/2/2.08\libWebbot-ATmega640.a(uartPollByte.o)
 .debug_abbrev  0x00003ecb       0x66 ../../Users/jerome/Documents/2/2.08\libWebbot-ATmega640.a(clockHasElapsed.o)
 .debug_abbrev  0x00003f31       0xb0 ../../Users/jerome/Documents/2/2.08\libWebbot-ATmega640.a(clockHasElapsedGetOverflow.o)
 .debug_abbrev  0x00003fe1       0xde ../../Users/jerome/Documents/2/2.08\libWebbot-ATmega640.a(breathe.o)
 .debug_abbrev  0x000040bf      0x163 ../../Users/jerome/Documents/2/2.08\libWebbot-ATmega640.a(iopin.o)
 .debug_abbrev  0x00004222       0xbb ../../Users/jerome/Documents/2/2.08\libWebbot-ATmega640.a(iopin_set.o)
 .debug_abbrev  0x000042dd      0x1ce lib\libPost.a(opt_scheduler.o)

.debug_line     0x00000000     0x40e0
 *(.debug_line)
 .debug_line    0x00000000      0x2dc beta.o
 .debug_line    0x000002dc      0x493 protocol.o
 .debug_line    0x0000076f      0x2b1 services.o
 .debug_line    0x00000a20      0x294 lib/lib_hardware.o
 .debug_line    0x00000cb4       0xce lib/lib_timerdef.o
 .debug_line    0x00000d82      0x218 lib/gen_clock.o
 .debug_line    0x00000f9a       0xbc lib/lib_iopins.o
 .debug_line    0x00001056      0x48c lib/lib_ctor.o
 .debug_line    0x000014e2      0x154 lib/lib_timers.o
 .debug_line    0x00001636      0x221 ../../Users/jerome/Documents/2/2.08\libWebbot-ATmega640.a(servoPWM.o)
 .debug_line    0x00001857      0x1e7 ../../Users/jerome/Documents/2/2.08\libWebbot-ATmega640.a(servosConfig.o)
 .debug_line    0x00001a3e      0x15a ../../Users/jerome/Documents/2/2.08\libWebbot-ATmega640.a(StreamChar.o)
 .debug_line    0x00001b98      0x13f ../../Users/jerome/Documents/2/2.08\libWebbot-ATmega640.a(actuators.o)
 .debug_line    0x00001cd7       0xa6 ../../Users/jerome/Documents/2/2.08\libWebbot-ATmega640.a(core_interpU.o)
 .debug_line    0x00001d7d      0x15e ../../Users/jerome/Documents/2/2.08\libWebbot-ATmega640.a(errors.o)
 .debug_line    0x00001edb       0xe3 ../../Users/jerome/Documents/2/2.08\libWebbot-ATmega640.a(iopin_is_output.o)
 .debug_line    0x00001fbe      0x12a ../../Users/jerome/Documents/2/2.08\libWebbot-ATmega640.a(iopin_make_input.o)
 .debug_line    0x000020e8      0x12b ../../Users/jerome/Documents/2/2.08\libWebbot-ATmega640.a(iopin_make_output.o)
 .debug_line    0x00002213       0xef ../../Users/jerome/Documents/2/2.08\libWebbot-ATmega640.a(led.o)
 .debug_line    0x00002302      0x10e ../../Users/jerome/Documents/2/2.08\libWebbot-ATmega640.a(main.o)
 .debug_line    0x00002410      0x349 ../../Users/jerome/Documents/2/2.08\libWebbot-ATmega640.a(marqueeSendByte.o)
 .debug_line    0x00002759      0x187 ../../Users/jerome/Documents/2/2.08\libWebbot-ATmega640.a(segled.o)
 .debug_line    0x000028e0       0xf3 ../../Users/jerome/Documents/2/2.08\libWebbot-ATmega640.a(segled8.o)
 .debug_line    0x000029d3      0x137 ../../Users/jerome/Documents/2/2.08\libWebbot-ATmega640.a(compareFromIOPin.o)
 .debug_line    0x00002b0a       0xfe ../../Users/jerome/Documents/2/2.08\libWebbot-ATmega640.a(compareSetOutputMode.o)
 .debug_line    0x00002c08      0x133 ../../Users/jerome/Documents/2/2.08\libWebbot-ATmega640.a(compareSetThreshold.o)
 .debug_line    0x00002d3b      0x1af ../../Users/jerome/Documents/2/2.08\libWebbot-ATmega640.a(_uart_common.o)
 .debug_line    0x00002eea      0x241 ../../Users/jerome/Documents/2/2.08\libWebbot-ATmega640.a(uart.o)
 .debug_line    0x0000312b      0x142 ../../Users/jerome/Documents/2/2.08\libWebbot-ATmega640.a(uartCommonRx.o)
 .debug_line    0x0000326d      0x18f ../../Users/jerome/Documents/2/2.08\libWebbot-ATmega640.a(uartCommonRxNoBuf.o)
 .debug_line    0x000033fc      0x202 ../../Users/jerome/Documents/2/2.08\libWebbot-ATmega640.a(uartCommonTx.o)
 .debug_line    0x000035fe      0x1ad ../../Users/jerome/Documents/2/2.08\libWebbot-ATmega640.a(uartCommonTxNoBuf.o)
 .debug_line    0x000037ab      0x14b ../../Users/jerome/Documents/2/2.08\libWebbot-ATmega640.a(uartPollByte.o)
 .debug_line    0x000038f6       0xc3 ../../Users/jerome/Documents/2/2.08\libWebbot-ATmega640.a(clockHasElapsed.o)
 .debug_line    0x000039b9       0xfe ../../Users/jerome/Documents/2/2.08\libWebbot-ATmega640.a(clockHasElapsedGetOverflow.o)
 .debug_line    0x00003ab7      0x10f ../../Users/jerome/Documents/2/2.08\libWebbot-ATmega640.a(breathe.o)
 .debug_line    0x00003bc6      0x19d ../../Users/jerome/Documents/2/2.08\libWebbot-ATmega640.a(iopin.o)
 .debug_line    0x00003d63       0xc5 ../../Users/jerome/Documents/2/2.08\libWebbot-ATmega640.a(iopin_set.o)
 .debug_line    0x00003e28      0x2b8 lib\libPost.a(opt_scheduler.o)

.debug_frame    0x00000000      0x930
 *(.debug_frame)
 .debug_frame   0x00000000       0x70 beta.o
 .debug_frame   0x00000070       0xf0 protocol.o
 .debug_frame   0x00000160       0x80 services.o
 .debug_frame   0x000001e0       0x90 lib/lib_hardware.o
 .debug_frame   0x00000270       0x60 lib/gen_clock.o
 .debug_frame   0x000002d0       0xf0 lib/lib_ctor.o
 .debug_frame   0x000003c0       0x20 lib/lib_timers.o
 .debug_frame   0x000003e0       0x40 ../../Users/jerome/Documents/2/2.08\libWebbot-ATmega640.a(servoPWM.o)
 .debug_frame   0x00000420       0x20 ../../Users/jerome/Documents/2/2.08\libWebbot-ATmega640.a(servosConfig.o)
 .debug_frame   0x00000440       0x20 ../../Users/jerome/Documents/2/2.08\libWebbot-ATmega640.a(StreamChar.o)
 .debug_frame   0x00000460       0x30 ../../Users/jerome/Documents/2/2.08\libWebbot-ATmega640.a(actuators.o)
 .debug_frame   0x00000490       0x20 ../../Users/jerome/Documents/2/2.08\libWebbot-ATmega640.a(core_interpU.o)
 .debug_frame   0x000004b0       0x40 ../../Users/jerome/Documents/2/2.08\libWebbot-ATmega640.a(errors.o)
 .debug_frame   0x000004f0       0x20 ../../Users/jerome/Documents/2/2.08\libWebbot-ATmega640.a(iopin_is_output.o)
 .debug_frame   0x00000510       0x20 ../../Users/jerome/Documents/2/2.08\libWebbot-ATmega640.a(iopin_make_input.o)
 .debug_frame   0x00000530       0x20 ../../Users/jerome/Documents/2/2.08\libWebbot-ATmega640.a(iopin_make_output.o)
 .debug_frame   0x00000550       0x20 ../../Users/jerome/Documents/2/2.08\libWebbot-ATmega640.a(led.o)
 .debug_frame   0x00000570       0x20 ../../Users/jerome/Documents/2/2.08\libWebbot-ATmega640.a(main.o)
 .debug_frame   0x00000590       0x30 ../../Users/jerome/Documents/2/2.08\libWebbot-ATmega640.a(marqueeSendByte.o)
 .debug_frame   0x000005c0       0x30 ../../Users/jerome/Documents/2/2.08\libWebbot-ATmega640.a(segled.o)
 .debug_frame   0x000005f0       0x20 ../../Users/jerome/Documents/2/2.08\libWebbot-ATmega640.a(segled8.o)
 .debug_frame   0x00000610       0x20 ../../Users/jerome/Documents/2/2.08\libWebbot-ATmega640.a(compareFromIOPin.o)
 .debug_frame   0x00000630       0x20 ../../Users/jerome/Documents/2/2.08\libWebbot-ATmega640.a(compareSetOutputMode.o)
 .debug_frame   0x00000650       0x20 ../../Users/jerome/Documents/2/2.08\libWebbot-ATmega640.a(compareSetThreshold.o)
 .debug_frame   0x00000670       0x30 ../../Users/jerome/Documents/2/2.08\libWebbot-ATmega640.a(_uart_common.o)
 .debug_frame   0x000006a0       0x70 ../../Users/jerome/Documents/2/2.08\libWebbot-ATmega640.a(uart.o)
 .debug_frame   0x00000710       0x30 ../../Users/jerome/Documents/2/2.08\libWebbot-ATmega640.a(uartCommonRx.o)
 .debug_frame   0x00000740       0x30 ../../Users/jerome/Documents/2/2.08\libWebbot-ATmega640.a(uartCommonRxNoBuf.o)
 .debug_frame   0x00000770       0x70 ../../Users/jerome/Documents/2/2.08\libWebbot-ATmega640.a(uartCommonTx.o)
 .debug_frame   0x000007e0       0x30 ../../Users/jerome/Documents/2/2.08\libWebbot-ATmega640.a(uartCommonTxNoBuf.o)
 .debug_frame   0x00000810       0x30 ../../Users/jerome/Documents/2/2.08\libWebbot-ATmega640.a(uartPollByte.o)
 .debug_frame   0x00000840       0x20 ../../Users/jerome/Documents/2/2.08\libWebbot-ATmega640.a(clockHasElapsed.o)
 .debug_frame   0x00000860       0x20 ../../Users/jerome/Documents/2/2.08\libWebbot-ATmega640.a(clockHasElapsedGetOverflow.o)
 .debug_frame   0x00000880       0x20 ../../Users/jerome/Documents/2/2.08\libWebbot-ATmega640.a(breathe.o)
 .debug_frame   0x000008a0       0x30 ../../Users/jerome/Documents/2/2.08\libWebbot-ATmega640.a(iopin.o)
 .debug_frame   0x000008d0       0x20 ../../Users/jerome/Documents/2/2.08\libWebbot-ATmega640.a(iopin_set.o)
 .debug_frame   0x000008f0       0x40 lib\libPost.a(opt_scheduler.o)

.debug_str      0x00000000     0x22d5
 *(.debug_str)
 .debug_str     0x00000000      0xbb5 beta.o
                                0xc9e (size before relaxing)
 .debug_str     0x00000bb5       0x69 protocol.o
                                0xab0 (size before relaxing)
 .debug_str     0x00000c1e       0xa6 services.o
                                0xb34 (size before relaxing)
 .debug_str     0x00000cc4      0x3ad lib/lib_hardware.o
                                0x841 (size before relaxing)
 .debug_str     0x00001071      0x49b lib/lib_timerdef.o
                                0x6e9 (size before relaxing)
 .debug_str     0x0000150c       0xd4 lib/gen_clock.o
                                0x1e1 (size before relaxing)
 .debug_str     0x000015e0       0x42 lib/lib_iopins.o
                                0x10e (size before relaxing)
 .debug_str     0x00001622      0x3d0 lib/lib_ctor.o
                               0x11b9 (size before relaxing)
 .debug_str     0x000019f2       0x3d lib/lib_timers.o
                                0x49b (size before relaxing)
 .debug_str     0x00001a2f       0xd7 ../../Users/jerome/Documents/2/2.08\libWebbot-ATmega640.a(servoPWM.o)
                                0x6bf (size before relaxing)
 .debug_str     0x00001b06       0x3d ../../Users/jerome/Documents/2/2.08\libWebbot-ATmega640.a(servosConfig.o)
                                0x573 (size before relaxing)
 .debug_str     0x00001b43       0x16 ../../Users/jerome/Documents/2/2.08\libWebbot-ATmega640.a(StreamChar.o)
                                0x57f (size before relaxing)
 .debug_str     0x00001b59       0x38 ../../Users/jerome/Documents/2/2.08\libWebbot-ATmega640.a(actuators.o)
                                0x1a0 (size before relaxing)
 .debug_str     0x00001b91       0x59 ../../Users/jerome/Documents/2/2.08\libWebbot-ATmega640.a(core_interpU.o)
                                0x120 (size before relaxing)
 .debug_str     0x00001bea       0x3a ../../Users/jerome/Documents/2/2.08\libWebbot-ATmega640.a(errors.o)
                                0x1bd (size before relaxing)
 .debug_str     0x00001c24       0x2e ../../Users/jerome/Documents/2/2.08\libWebbot-ATmega640.a(iopin_is_output.o)
                                0x12c (size before relaxing)
 .debug_str     0x00001c52       0x2f ../../Users/jerome/Documents/2/2.08\libWebbot-ATmega640.a(iopin_make_input.o)
                                0x15e (size before relaxing)
 .debug_str     0x00001c81       0x2a ../../Users/jerome/Documents/2/2.08\libWebbot-ATmega640.a(iopin_make_output.o)
                                0x159 (size before relaxing)
 .debug_str     0x00001cab        0xa ../../Users/jerome/Documents/2/2.08\libWebbot-ATmega640.a(led.o)
                                0x126 (size before relaxing)
 .debug_str     0x00001cb5        0xc ../../Users/jerome/Documents/2/2.08\libWebbot-ATmega640.a(main.o)
                                 0xe4 (size before relaxing)
 .debug_str     0x00001cc1       0x79 ../../Users/jerome/Documents/2/2.08\libWebbot-ATmega640.a(marqueeSendByte.o)
                                0x270 (size before relaxing)
 .debug_str     0x00001d3a       0x93 ../../Users/jerome/Documents/2/2.08\libWebbot-ATmega640.a(segled.o)
                                0x1b9 (size before relaxing)
 .debug_str     0x00001dcd       0x2e ../../Users/jerome/Documents/2/2.08\libWebbot-ATmega640.a(segled8.o)
                                 0xf5 (size before relaxing)
 .debug_str     0x00001dfb       0x77 ../../Users/jerome/Documents/2/2.08\libWebbot-ATmega640.a(compareFromIOPin.o)
                                0x308 (size before relaxing)
 .debug_str     0x00001e72       0x3f ../../Users/jerome/Documents/2/2.08\libWebbot-ATmega640.a(compareSetOutputMode.o)
                                0x311 (size before relaxing)
 .debug_str     0x00001eb1       0x45 ../../Users/jerome/Documents/2/2.08\libWebbot-ATmega640.a(compareSetThreshold.o)
                                0x303 (size before relaxing)
 .debug_str     0x00001ef6       0x43 ../../Users/jerome/Documents/2/2.08\libWebbot-ATmega640.a(_uart_common.o)
                                0x2db (size before relaxing)
 .debug_str     0x00001f39       0x8c ../../Users/jerome/Documents/2/2.08\libWebbot-ATmega640.a(uart.o)
                                0x382 (size before relaxing)
 .debug_str     0x00001fc5       0x37 ../../Users/jerome/Documents/2/2.08\libWebbot-ATmega640.a(uartCommonRx.o)
                                0x283 (size before relaxing)
 .debug_str     0x00001ffc       0x49 ../../Users/jerome/Documents/2/2.08\libWebbot-ATmega640.a(uartCommonRxNoBuf.o)
                                0x2c4 (size before relaxing)
 .debug_str     0x00002045       0x8b ../../Users/jerome/Documents/2/2.08\libWebbot-ATmega640.a(uartCommonTx.o)
                                0x306 (size before relaxing)
 .debug_str     0x000020d0       0x47 ../../Users/jerome/Documents/2/2.08\libWebbot-ATmega640.a(uartCommonTxNoBuf.o)
                                0x2ee (size before relaxing)
 .debug_str     0x00002117       0x38 ../../Users/jerome/Documents/2/2.08\libWebbot-ATmega640.a(uartPollByte.o)
                                0x2d4 (size before relaxing)
 .debug_str     0x0000214f       0x37 ../../Users/jerome/Documents/2/2.08\libWebbot-ATmega640.a(clockHasElapsed.o)
                                 0xf9 (size before relaxing)
 .debug_str     0x00002186       0x46 ../../Users/jerome/Documents/2/2.08\libWebbot-ATmega640.a(clockHasElapsedGetOverflow.o)
                                0x120 (size before relaxing)
 .debug_str     0x000021cc       0x24 ../../Users/jerome/Documents/2/2.08\libWebbot-ATmega640.a(breathe.o)
                                 0xe7 (size before relaxing)
 .debug_str     0x000021f0       0x1f ../../Users/jerome/Documents/2/2.08\libWebbot-ATmega640.a(iopin.o)
                                0x13f (size before relaxing)
 .debug_str     0x0000220f       0x1a ../../Users/jerome/Documents/2/2.08\libWebbot-ATmega640.a(iopin_set.o)
                                0x101 (size before relaxing)
 .debug_str     0x00002229       0xac lib\libPost.a(opt_scheduler.o)
                                0x1e0 (size before relaxing)

.debug_loc      0x00000000     0x20ed
 *(.debug_loc)
 .debug_loc     0x00000000       0x3c lib/lib_hardware.o
 .debug_loc     0x0000003c       0xb4 lib/gen_clock.o
 .debug_loc     0x000000f0      0x1ed lib/lib_ctor.o
 .debug_loc     0x000002dd       0x68 lib/lib_timers.o
 .debug_loc     0x00000345      0x18c ../../Users/jerome/Documents/2/2.08\libWebbot-ATmega640.a(servoPWM.o)
 .debug_loc     0x000004d1      0x17e ../../Users/jerome/Documents/2/2.08\libWebbot-ATmega640.a(servosConfig.o)
 .debug_loc     0x0000064f       0x46 ../../Users/jerome/Documents/2/2.08\libWebbot-ATmega640.a(StreamChar.o)
 .debug_loc     0x00000695      0x1bd ../../Users/jerome/Documents/2/2.08\libWebbot-ATmega640.a(actuators.o)
 .debug_loc     0x00000852       0xee ../../Users/jerome/Documents/2/2.08\libWebbot-ATmega640.a(core_interpU.o)
 .debug_loc     0x00000940       0x58 ../../Users/jerome/Documents/2/2.08\libWebbot-ATmega640.a(iopin_is_output.o)
 .debug_loc     0x00000998       0x98 ../../Users/jerome/Documents/2/2.08\libWebbot-ATmega640.a(iopin_make_input.o)
 .debug_loc     0x00000a30       0xa8 ../../Users/jerome/Documents/2/2.08\libWebbot-ATmega640.a(iopin_make_output.o)
 .debug_loc     0x00000ad8       0x67 ../../Users/jerome/Documents/2/2.08\libWebbot-ATmega640.a(led.o)
 .debug_loc     0x00000b3f      0x3ae ../../Users/jerome/Documents/2/2.08\libWebbot-ATmega640.a(marqueeSendByte.o)
 .debug_loc     0x00000eed      0x10b ../../Users/jerome/Documents/2/2.08\libWebbot-ATmega640.a(segled.o)
 .debug_loc     0x00000ff8       0xea ../../Users/jerome/Documents/2/2.08\libWebbot-ATmega640.a(segled8.o)
 .debug_loc     0x000010e2       0xd1 ../../Users/jerome/Documents/2/2.08\libWebbot-ATmega640.a(compareFromIOPin.o)
 .debug_loc     0x000011b3       0x76 ../../Users/jerome/Documents/2/2.08\libWebbot-ATmega640.a(compareSetOutputMode.o)
 .debug_loc     0x00001229      0x172 ../../Users/jerome/Documents/2/2.08\libWebbot-ATmega640.a(compareSetThreshold.o)
 .debug_loc     0x0000139b      0x115 ../../Users/jerome/Documents/2/2.08\libWebbot-ATmega640.a(_uart_common.o)
 .debug_loc     0x000014b0      0x1b4 ../../Users/jerome/Documents/2/2.08\libWebbot-ATmega640.a(uart.o)
 .debug_loc     0x00001664       0x79 ../../Users/jerome/Documents/2/2.08\libWebbot-ATmega640.a(uartCommonRx.o)
 .debug_loc     0x000016dd       0x73 ../../Users/jerome/Documents/2/2.08\libWebbot-ATmega640.a(uartCommonRxNoBuf.o)
 .debug_loc     0x00001750      0x261 ../../Users/jerome/Documents/2/2.08\libWebbot-ATmega640.a(uartCommonTx.o)
 .debug_loc     0x000019b1       0x8c ../../Users/jerome/Documents/2/2.08\libWebbot-ATmega640.a(uartCommonTxNoBuf.o)
 .debug_loc     0x00001a3d       0x78 ../../Users/jerome/Documents/2/2.08\libWebbot-ATmega640.a(uartPollByte.o)
 .debug_loc     0x00001ab5       0x3c ../../Users/jerome/Documents/2/2.08\libWebbot-ATmega640.a(clockHasElapsed.o)
 .debug_loc     0x00001af1      0x10e ../../Users/jerome/Documents/2/2.08\libWebbot-ATmega640.a(clockHasElapsedGetOverflow.o)
 .debug_loc     0x00001bff      0x228 ../../Users/jerome/Documents/2/2.08\libWebbot-ATmega640.a(iopin.o)
 .debug_loc     0x00001e27       0x46 ../../Users/jerome/Documents/2/2.08\libWebbot-ATmega640.a(iopin_set.o)
 .debug_loc     0x00001e6d      0x280 lib\libPost.a(opt_scheduler.o)

.debug_macinfo
 *(.debug_macinfo)
OUTPUT(beta.elf elf32-avr)
LOAD linker stubs

.debug_ranges   0x00000000       0x98
 .debug_ranges  0x00000000       0x18 ../../Users/jerome/Documents/2/2.08\libWebbot-ATmega640.a(servoPWM.o)
 .debug_ranges  0x00000018       0x18 ../../Users/jerome/Documents/2/2.08\libWebbot-ATmega640.a(segled.o)
 .debug_ranges  0x00000030       0x68 ../../Users/jerome/Documents/2/2.08\libWebbot-ATmega640.a(compareFromIOPin.o)
